// Validating benchmarks:
// ***** BenchmarkRunner: Start   *****
// ***** Found 9 benchmark(s) in total *****
// ***** Building 1 exe(s) in Parallel: Start   *****
// ***** Done, took 00:00:00 (0.02 sec)   *****
// Found 9 benchmarks:
//   CoreBenchmarks.CreateDestroy: ShortRun(Toolchain=InProcessEmitToolchain, IterationCount=3, LaunchCount=1, WarmupCount=3)
//   CoreBenchmarks.CreateDestroyNew: ShortRun(Toolchain=InProcessEmitToolchain, IterationCount=3, LaunchCount=1, WarmupCount=3)
//   CoreBenchmarks.ComponentChurnWithGroups: ShortRun(Toolchain=InProcessEmitToolchain, IterationCount=3, LaunchCount=1, WarmupCount=3)
//   CoreBenchmarks.SingleGroupChurn: ShortRun(Toolchain=InProcessEmitToolchain, IterationCount=3, LaunchCount=1, WarmupCount=3)
//   CoreBenchmarks.MatcherMatches: ShortRun(Toolchain=InProcessEmitToolchain, IterationCount=3, LaunchCount=1, WarmupCount=3)
//   CoreBenchmarks.ComponentRead: ShortRun(Toolchain=InProcessEmitToolchain, IterationCount=3, LaunchCount=1, WarmupCount=3)
//   CoreBenchmarks.UniqueAccessorGetGroup: ShortRun(Toolchain=InProcessEmitToolchain, IterationCount=3, LaunchCount=1, WarmupCount=3)
//   CoreBenchmarks.UniqueAccessorCachedGroup: ShortRun(Toolchain=InProcessEmitToolchain, IterationCount=3, LaunchCount=1, WarmupCount=3)
//   CoreBenchmarks.EntityIndexChurn: ShortRun(Toolchain=InProcessEmitToolchain, IterationCount=3, LaunchCount=1, WarmupCount=3)

// **************************
// Benchmark: CoreBenchmarks.CreateDestroy: ShortRun(Toolchain=InProcessEmitToolchain, IterationCount=3, LaunchCount=1, WarmupCount=3)
// *** Execute ***
// Launch: 1 / 1
// ! Failed to set up priority High for process System.Diagnostics.Process (Entitas.Benchma). Make sure you have the right permissions. Message: Permission denied

// Benchmark Process Environment Information:
// BenchmarkDotNet v0.14.0
// Runtime=.NET 8.0.5 (8.0.524.21615), Arm64 RyuJIT AdvSIMD
// GC=Concurrent Workstation
// HardwareIntrinsics=AdvSIMD,AES,CRC32,DP,RDM,SHA1,SHA256 VectorSize=128
// Job: Job-QXSTIM(Toolchain=InProcessEmitToolchain, IterationCount=3, LaunchCount=1, WarmupCount=3)

OverheadJitting  1: 1 op, 92292.00 ns, 92.2920 us/op
WorkloadJitting  1: 1 op, 13651166.00 ns, 13.6512 ms/op

OverheadJitting  2: 16 op, 121208.00 ns, 7.5755 us/op
WorkloadJitting  2: 16 op, 188864959.00 ns, 11.8041 ms/op

WorkloadPilot    1: 16 op, 188286208.00 ns, 11.7679 ms/op
WorkloadPilot    2: 32 op, 395236708.00 ns, 12.3511 ms/op
WorkloadPilot    3: 64 op, 539713125.00 ns, 8.4330 ms/op

OverheadWarmup   1: 64 op, 1791.00 ns, 27.9844 ns/op
OverheadWarmup   2: 64 op, 167.00 ns, 2.6094 ns/op
OverheadWarmup   3: 64 op, 459.00 ns, 7.1719 ns/op
OverheadWarmup   4: 64 op, 250.00 ns, 3.9063 ns/op
OverheadWarmup   5: 64 op, 250.00 ns, 3.9063 ns/op
OverheadWarmup   6: 64 op, 83.00 ns, 1.2969 ns/op

OverheadActual   1: 64 op, 83.00 ns, 1.2969 ns/op
OverheadActual   2: 64 op, 209.00 ns, 3.2656 ns/op
OverheadActual   3: 64 op, 208.00 ns, 3.2500 ns/op
OverheadActual   4: 64 op, 83.00 ns, 1.2969 ns/op
OverheadActual   5: 64 op, 417.00 ns, 6.5156 ns/op
OverheadActual   6: 64 op, 416.00 ns, 6.5000 ns/op
OverheadActual   7: 64 op, 458.00 ns, 7.1563 ns/op
OverheadActual   8: 64 op, 125.00 ns, 1.9531 ns/op
OverheadActual   9: 64 op, 83.00 ns, 1.2969 ns/op
OverheadActual  10: 64 op, 84.00 ns, 1.3125 ns/op
OverheadActual  11: 64 op, 292.00 ns, 4.5625 ns/op
OverheadActual  12: 64 op, 167.00 ns, 2.6094 ns/op
OverheadActual  13: 64 op, 83.00 ns, 1.2969 ns/op
OverheadActual  14: 64 op, 209.00 ns, 3.2656 ns/op
OverheadActual  15: 64 op, 125.00 ns, 1.9531 ns/op
OverheadActual  16: 64 op, 125.00 ns, 1.9531 ns/op
OverheadActual  17: 64 op, 208.00 ns, 3.2500 ns/op
OverheadActual  18: 64 op, 208.00 ns, 3.2500 ns/op
OverheadActual  19: 64 op, 208.00 ns, 3.2500 ns/op
OverheadActual  20: 64 op, 1125.00 ns, 17.5781 ns/op

WorkloadWarmup   1: 64 op, 533194000.00 ns, 8.3312 ms/op
WorkloadWarmup   2: 64 op, 502943208.00 ns, 7.8585 ms/op
WorkloadWarmup   3: 64 op, 533367708.00 ns, 8.3339 ms/op

WorkloadActual   1: 64 op, 530280958.00 ns, 8.2856 ms/op
WorkloadActual   2: 64 op, 530989708.00 ns, 8.2967 ms/op
WorkloadActual   3: 64 op, 529010084.00 ns, 8.2658 ms/op

WorkloadResult   1: 64 op, 530280750.00 ns, 8.2856 ms/op
WorkloadResult   2: 64 op, 530989500.00 ns, 8.2967 ms/op
WorkloadResult   3: 64 op, 529009876.00 ns, 8.2658 ms/op
// GC:  77 38 25 457143096 64
// Threading:  0 0 64


Mean = 8.283 ms, StdErr = 0.009 ms (0.11%), N = 3, StdDev = 0.016 ms
Min = 8.266 ms, Q1 = 8.276 ms, Median = 8.286 ms, Q3 = 8.291 ms, Max = 8.297 ms
IQR = 0.015 ms, LowerFence = 8.253 ms, UpperFence = 8.314 ms
ConfidenceInterval = [7.997 ms; 8.569 ms] (CI 99.9%), Margin = 0.286 ms (3.45% of Mean)
Skewness = -0.18, Kurtosis = 0.67, MValue = 2

// ** Remained 8 (88.9%) benchmark(s) to run. Estimated finish 2026-08-27 17:29 (0h 0m from now) **
// **************************
// Benchmark: CoreBenchmarks.CreateDestroyNew: ShortRun(Toolchain=InProcessEmitToolchain, IterationCount=3, LaunchCount=1, WarmupCount=3)
// *** Execute ***
// Launch: 1 / 1
// ! Failed to set up priority High for process System.Diagnostics.Process (Entitas.Benchma). Make sure you have the right permissions. Message: Permission denied

// Benchmark Process Environment Information:
// BenchmarkDotNet v0.14.0
// Runtime=.NET 8.0.5 (8.0.524.21615), Arm64 RyuJIT AdvSIMD
// GC=Concurrent Workstation
// HardwareIntrinsics=AdvSIMD,AES,CRC32,DP,RDM,SHA1,SHA256 VectorSize=128
// Job: Job-QXSTIM(Toolchain=InProcessEmitToolchain, IterationCount=3, LaunchCount=1, WarmupCount=3)

OverheadJitting  1: 1 op, 142375.00 ns, 142.3750 us/op
WorkloadJitting  1: 1 op, 6561083.00 ns, 6.5611 ms/op

OverheadJitting  2: 16 op, 148792.00 ns, 9.2995 us/op
WorkloadJitting  2: 16 op, 126642875.00 ns, 7.9152 ms/op

WorkloadPilot    1: 16 op, 126680250.00 ns, 7.9175 ms/op
WorkloadPilot    2: 32 op, 261185750.00 ns, 8.1621 ms/op
WorkloadPilot    3: 64 op, 521158541.00 ns, 8.1431 ms/op

OverheadWarmup   1: 64 op, 2458.00 ns, 38.4063 ns/op
OverheadWarmup   2: 64 op, 1125.00 ns, 17.5781 ns/op
OverheadWarmup   3: 64 op, 791.00 ns, 12.3594 ns/op
OverheadWarmup   4: 64 op, 416.00 ns, 6.5000 ns/op
OverheadWarmup   5: 64 op, 292.00 ns, 4.5625 ns/op
OverheadWarmup   6: 64 op, 500.00 ns, 7.8125 ns/op
OverheadWarmup   7: 64 op, 1083.00 ns, 16.9219 ns/op
OverheadWarmup   8: 64 op, 209.00 ns, 3.2656 ns/op
OverheadWarmup   9: 64 op, 375.00 ns, 5.8594 ns/op
OverheadWarmup  10: 64 op, 167.00 ns, 2.6094 ns/op

OverheadActual   1: 64 op, 125.00 ns, 1.9531 ns/op
OverheadActual   2: 64 op, 625.00 ns, 9.7656 ns/op
OverheadActual   3: 64 op, 250.00 ns, 3.9063 ns/op
OverheadActual   4: 64 op, 209.00 ns, 3.2656 ns/op
OverheadActual   5: 64 op, 250.00 ns, 3.9063 ns/op
OverheadActual   6: 64 op, 917.00 ns, 14.3281 ns/op
OverheadActual   7: 64 op, 167.00 ns, 2.6094 ns/op
OverheadActual   8: 64 op, 1000.00 ns, 15.6250 ns/op
OverheadActual   9: 64 op, 375.00 ns, 5.8594 ns/op
OverheadActual  10: 64 op, 416.00 ns, 6.5000 ns/op
OverheadActual  11: 64 op, 250.00 ns, 3.9063 ns/op
OverheadActual  12: 64 op, 83.00 ns, 1.2969 ns/op
OverheadActual  13: 64 op, 167.00 ns, 2.6094 ns/op
OverheadActual  14: 64 op, 209.00 ns, 3.2656 ns/op
OverheadActual  15: 64 op, 125.00 ns, 1.9531 ns/op
OverheadActual  16: 64 op, 333.00 ns, 5.2031 ns/op
OverheadActual  17: 64 op, 375.00 ns, 5.8594 ns/op
OverheadActual  18: 64 op, 83.00 ns, 1.2969 ns/op
OverheadActual  19: 64 op, 167.00 ns, 2.6094 ns/op
OverheadActual  20: 64 op, 333.00 ns, 5.2031 ns/op

WorkloadWarmup   1: 64 op, 502935750.00 ns, 7.8584 ms/op
WorkloadWarmup   2: 64 op, 524616083.00 ns, 8.1971 ms/op
WorkloadWarmup   3: 64 op, 524954708.00 ns, 8.2024 ms/op

WorkloadActual   1: 64 op, 521899459.00 ns, 8.1547 ms/op
WorkloadActual   2: 64 op, 524006250.00 ns, 8.1876 ms/op
WorkloadActual   3: 64 op, 526369041.00 ns, 8.2245 ms/op

WorkloadResult   1: 64 op, 521899209.00 ns, 8.1547 ms/op
WorkloadResult   2: 64 op, 524006000.00 ns, 8.1876 ms/op
WorkloadResult   3: 64 op, 526368791.00 ns, 8.2245 ms/op
// GC:  77 38 25 457154296 64
// Threading:  0 0 64


Mean = 8.189 ms, StdErr = 0.020 ms (0.25%), N = 3, StdDev = 0.035 ms
Min = 8.155 ms, Q1 = 8.171 ms, Median = 8.188 ms, Q3 = 8.206 ms, Max = 8.225 ms
IQR = 0.035 ms, LowerFence = 8.119 ms, UpperFence = 8.258 ms
ConfidenceInterval = [7.552 ms; 8.826 ms] (CI 99.9%), Margin = 0.637 ms (7.78% of Mean)
Skewness = 0.04, Kurtosis = 0.67, MValue = 2

// ** Remained 7 (77.8%) benchmark(s) to run. Estimated finish 2026-08-27 17:29 (0h 0m from now) **
// **************************
// Benchmark: CoreBenchmarks.ComponentChurnWithGroups: ShortRun(Toolchain=InProcessEmitToolchain, IterationCount=3, LaunchCount=1, WarmupCount=3)
// *** Execute ***
// Launch: 1 / 1
// ! Failed to set up priority High for process System.Diagnostics.Process (Entitas.Benchma). Make sure you have the right permissions. Message: Permission denied

// Benchmark Process Environment Information:
// BenchmarkDotNet v0.14.0
// Runtime=.NET 8.0.5 (8.0.524.21615), Arm64 RyuJIT AdvSIMD
// GC=Concurrent Workstation
// HardwareIntrinsics=AdvSIMD,AES,CRC32,DP,RDM,SHA1,SHA256 VectorSize=128
// Job: Job-QXSTIM(Toolchain=InProcessEmitToolchain, IterationCount=3, LaunchCount=1, WarmupCount=3)

OverheadJitting  1: 1 op, 176500.00 ns, 176.5000 us/op
WorkloadJitting  1: 1 op, 4800000.00 ns, 4.8000 ms/op

OverheadJitting  2: 16 op, 197000.00 ns, 12.3125 us/op
WorkloadJitting  2: 16 op, 35600542.00 ns, 2.2250 ms/op

WorkloadPilot    1: 16 op, 34578500.00 ns, 2.1612 ms/op
WorkloadPilot    2: 32 op, 70922166.00 ns, 2.2163 ms/op
WorkloadPilot    3: 64 op, 102222709.00 ns, 1.5972 ms/op
WorkloadPilot    4: 128 op, 165669625.00 ns, 1.2943 ms/op
WorkloadPilot    5: 256 op, 320584166.00 ns, 1.2523 ms/op
WorkloadPilot    6: 512 op, 651696875.00 ns, 1.2728 ms/op

OverheadWarmup   1: 512 op, 3375.00 ns, 6.5918 ns/op
OverheadWarmup   2: 512 op, 1250.00 ns, 2.4414 ns/op
OverheadWarmup   3: 512 op, 1000.00 ns, 1.9531 ns/op
OverheadWarmup   4: 512 op, 1292.00 ns, 2.5234 ns/op
OverheadWarmup   5: 512 op, 958.00 ns, 1.8711 ns/op
OverheadWarmup   6: 512 op, 834.00 ns, 1.6289 ns/op
OverheadWarmup   7: 512 op, 1083.00 ns, 2.1152 ns/op
OverheadWarmup   8: 512 op, 1083.00 ns, 2.1152 ns/op

OverheadActual   1: 512 op, 1166.00 ns, 2.2773 ns/op
OverheadActual   2: 512 op, 917.00 ns, 1.7910 ns/op
OverheadActual   3: 512 op, 791.00 ns, 1.5449 ns/op
OverheadActual   4: 512 op, 792.00 ns, 1.5469 ns/op
OverheadActual   5: 512 op, 833.00 ns, 1.6270 ns/op
OverheadActual   6: 512 op, 958.00 ns, 1.8711 ns/op
OverheadActual   7: 512 op, 916.00 ns, 1.7891 ns/op
OverheadActual   8: 512 op, 917.00 ns, 1.7910 ns/op
OverheadActual   9: 512 op, 958.00 ns, 1.8711 ns/op
OverheadActual  10: 512 op, 916.00 ns, 1.7891 ns/op
OverheadActual  11: 512 op, 791.00 ns, 1.5449 ns/op
OverheadActual  12: 512 op, 1250.00 ns, 2.4414 ns/op
OverheadActual  13: 512 op, 1000.00 ns, 1.9531 ns/op
OverheadActual  14: 512 op, 833.00 ns, 1.6270 ns/op
OverheadActual  15: 512 op, 1083.00 ns, 2.1152 ns/op
OverheadActual  16: 512 op, 1042.00 ns, 2.0352 ns/op
OverheadActual  17: 512 op, 958.00 ns, 1.8711 ns/op
OverheadActual  18: 512 op, 1166.00 ns, 2.2773 ns/op
OverheadActual  19: 512 op, 1000.00 ns, 1.9531 ns/op
OverheadActual  20: 512 op, 917.00 ns, 1.7910 ns/op

WorkloadWarmup   1: 512 op, 663183584.00 ns, 1.2953 ms/op
WorkloadWarmup   2: 512 op, 663318417.00 ns, 1.2955 ms/op
WorkloadWarmup   3: 512 op, 663441834.00 ns, 1.2958 ms/op

WorkloadActual   1: 512 op, 667610125.00 ns, 1.3039 ms/op
WorkloadActual   2: 512 op, 652143750.00 ns, 1.2737 ms/op
WorkloadActual   3: 512 op, 655844208.00 ns, 1.2809 ms/op

WorkloadResult   1: 512 op, 667609187.50 ns, 1.3039 ms/op
WorkloadResult   2: 512 op, 652142812.50 ns, 1.2737 ms/op
WorkloadResult   3: 512 op, 655843270.50 ns, 1.2809 ms/op
// GC:  0 0 0 1024 512
// Threading:  0 0 512


Mean = 1.286 ms, StdErr = 0.009 ms (0.71%), N = 3, StdDev = 0.016 ms
Min = 1.274 ms, Q1 = 1.277 ms, Median = 1.281 ms, Q3 = 1.292 ms, Max = 1.304 ms
IQR = 0.015 ms, LowerFence = 1.255 ms, UpperFence = 1.315 ms
ConfidenceInterval = [0.998 ms; 1.574 ms] (CI 99.9%), Margin = 0.288 ms (22.37% of Mean)
Skewness = 0.3, Kurtosis = 0.67, MValue = 2

// ** Remained 6 (66.7%) benchmark(s) to run. Estimated finish 2026-08-27 17:29 (0h 0m from now) **
// **************************
// Benchmark: CoreBenchmarks.SingleGroupChurn: ShortRun(Toolchain=InProcessEmitToolchain, IterationCount=3, LaunchCount=1, WarmupCount=3)
// *** Execute ***
// Launch: 1 / 1
// ! Failed to set up priority High for process System.Diagnostics.Process (Entitas.Benchma). Make sure you have the right permissions. Message: Permission denied

// Benchmark Process Environment Information:
// BenchmarkDotNet v0.14.0
// Runtime=.NET 8.0.5 (8.0.524.21615), Arm64 RyuJIT AdvSIMD
// GC=Concurrent Workstation
// HardwareIntrinsics=AdvSIMD,AES,CRC32,DP,RDM,SHA1,SHA256 VectorSize=128
// Job: Job-QXSTIM(Toolchain=InProcessEmitToolchain, IterationCount=3, LaunchCount=1, WarmupCount=3)

OverheadJitting  1: 1 op, 149042.00 ns, 149.0420 us/op
WorkloadJitting  1: 1 op, 1915083.00 ns, 1.9151 ms/op

OverheadJitting  2: 16 op, 169375.00 ns, 10.5859 us/op
WorkloadJitting  2: 16 op, 15827125.00 ns, 989.1953 us/op

WorkloadPilot    1: 16 op, 15480792.00 ns, 967.5495 us/op
WorkloadPilot    2: 32 op, 31069375.00 ns, 970.9180 us/op
WorkloadPilot    3: 64 op, 62223083.00 ns, 972.2357 us/op
WorkloadPilot    4: 128 op, 124530166.00 ns, 972.8919 us/op
WorkloadPilot    5: 256 op, 246274042.00 ns, 962.0080 us/op
WorkloadPilot    6: 512 op, 492317625.00 ns, 961.5579 us/op
WorkloadPilot    7: 1024 op, 987115500.00 ns, 963.9800 us/op

OverheadWarmup   1: 1024 op, 4500.00 ns, 4.3945 ns/op
OverheadWarmup   2: 1024 op, 1500.00 ns, 1.4648 ns/op
OverheadWarmup   3: 1024 op, 2084.00 ns, 2.0352 ns/op
OverheadWarmup   4: 1024 op, 1500.00 ns, 1.4648 ns/op
OverheadWarmup   5: 1024 op, 9000.00 ns, 8.7891 ns/op
OverheadWarmup   6: 1024 op, 1833.00 ns, 1.7900 ns/op

OverheadActual   1: 1024 op, 1584.00 ns, 1.5469 ns/op
OverheadActual   2: 1024 op, 1250.00 ns, 1.2207 ns/op
OverheadActual   3: 1024 op, 1458.00 ns, 1.4238 ns/op
OverheadActual   4: 1024 op, 1625.00 ns, 1.5869 ns/op
OverheadActual   5: 1024 op, 1583.00 ns, 1.5459 ns/op
OverheadActual   6: 1024 op, 1333.00 ns, 1.3018 ns/op
OverheadActual   7: 1024 op, 1417.00 ns, 1.3838 ns/op
OverheadActual   8: 1024 op, 1416.00 ns, 1.3828 ns/op
OverheadActual   9: 1024 op, 1750.00 ns, 1.7090 ns/op
OverheadActual  10: 1024 op, 1667.00 ns, 1.6279 ns/op
OverheadActual  11: 1024 op, 1291.00 ns, 1.2607 ns/op
OverheadActual  12: 1024 op, 1333.00 ns, 1.3018 ns/op
OverheadActual  13: 1024 op, 1708.00 ns, 1.6680 ns/op
OverheadActual  14: 1024 op, 1500.00 ns, 1.4648 ns/op
OverheadActual  15: 1024 op, 1500.00 ns, 1.4648 ns/op
OverheadActual  16: 1024 op, 1750.00 ns, 1.7090 ns/op
OverheadActual  17: 1024 op, 1541.00 ns, 1.5049 ns/op
OverheadActual  18: 1024 op, 1375.00 ns, 1.3428 ns/op
OverheadActual  19: 1024 op, 1417.00 ns, 1.3838 ns/op
OverheadActual  20: 1024 op, 1709.00 ns, 1.6689 ns/op

WorkloadWarmup   1: 1024 op, 954855167.00 ns, 932.4757 us/op
WorkloadWarmup   2: 1024 op, 990873000.00 ns, 967.6494 us/op
WorkloadWarmup   3: 1024 op, 983752917.00 ns, 960.6962 us/op

WorkloadActual   1: 1024 op, 989132458.00 ns, 965.9497 us/op
WorkloadActual   2: 1024 op, 973230583.00 ns, 950.4205 us/op
WorkloadActual   3: 1024 op, 983143792.00 ns, 960.1014 us/op

WorkloadResult   1: 1024 op, 989130958.00 ns, 965.9482 us/op
WorkloadResult   2: 1024 op, 973229083.00 ns, 950.4190 us/op
WorkloadResult   3: 1024 op, 983142292.00 ns, 960.0999 us/op
// GC:  0 0 0 1024 1024
// Threading:  0 0 1024


Mean = 958.822 μs, StdErr = 4.528 μs (0.47%), N = 3, StdDev = 7.843 μs
Min = 950.419 μs, Q1 = 955.259 μs, Median = 960.100 μs, Q3 = 963.024 μs, Max = 965.948 μs
IQR = 7.765 μs, LowerFence = 943.613 μs, UpperFence = 974.671 μs
ConfidenceInterval = [815.737 μs; 1,101.908 μs] (CI 99.9%), Margin = 143.086 μs (14.92% of Mean)
Skewness = -0.16, Kurtosis = 0.67, MValue = 2

// ** Remained 5 (55.6%) benchmark(s) to run. Estimated finish 2026-08-27 17:29 (0h 0m from now) **
// **************************
// Benchmark: CoreBenchmarks.MatcherMatches: ShortRun(Toolchain=InProcessEmitToolchain, IterationCount=3, LaunchCount=1, WarmupCount=3)
// *** Execute ***
// Launch: 1 / 1
// ! Failed to set up priority High for process System.Diagnostics.Process (Entitas.Benchma). Make sure you have the right permissions. Message: Permission denied

// Benchmark Process Environment Information:
// BenchmarkDotNet v0.14.0
// Runtime=.NET 8.0.5 (8.0.524.21615), Arm64 RyuJIT AdvSIMD
// GC=Concurrent Workstation
// HardwareIntrinsics=AdvSIMD,AES,CRC32,DP,RDM,SHA1,SHA256 VectorSize=128
// Job: Job-QXSTIM(Toolchain=InProcessEmitToolchain, IterationCount=3, LaunchCount=1, WarmupCount=3)

OverheadJitting  1: 1 op, 212291.00 ns, 212.2910 us/op
WorkloadJitting  1: 1 op, 1262750.00 ns, 1.2628 ms/op

OverheadJitting  2: 16 op, 321916.00 ns, 20.1198 us/op
WorkloadJitting  2: 16 op, 1743500.00 ns, 108.9688 us/op

WorkloadPilot    1: 16 op, 1310542.00 ns, 81.9089 us/op
WorkloadPilot    2: 32 op, 2417666.00 ns, 75.5521 us/op
WorkloadPilot    3: 64 op, 4855625.00 ns, 75.8691 us/op
WorkloadPilot    4: 128 op, 9742250.00 ns, 76.1113 us/op
WorkloadPilot    5: 256 op, 19732083.00 ns, 77.0784 us/op
WorkloadPilot    6: 512 op, 38088000.00 ns, 74.3906 us/op
WorkloadPilot    7: 1024 op, 70711250.00 ns, 69.0540 us/op
WorkloadPilot    8: 2048 op, 110613791.00 ns, 54.0106 us/op
WorkloadPilot    9: 4096 op, 224024666.00 ns, 54.6935 us/op
WorkloadPilot   10: 8192 op, 446671375.00 ns, 54.5253 us/op
WorkloadPilot   11: 16384 op, 890568625.00 ns, 54.3560 us/op

OverheadWarmup   1: 16384 op, 22000.00 ns, 1.3428 ns/op
OverheadWarmup   2: 16384 op, 19084.00 ns, 1.1648 ns/op
OverheadWarmup   3: 16384 op, 18708.00 ns, 1.1418 ns/op
OverheadWarmup   4: 16384 op, 19542.00 ns, 1.1927 ns/op
OverheadWarmup   5: 16384 op, 18917.00 ns, 1.1546 ns/op
OverheadWarmup   6: 16384 op, 18833.00 ns, 1.1495 ns/op
OverheadWarmup   7: 16384 op, 18959.00 ns, 1.1572 ns/op
OverheadWarmup   8: 16384 op, 18958.00 ns, 1.1571 ns/op

OverheadActual   1: 16384 op, 18583.00 ns, 1.1342 ns/op
OverheadActual   2: 16384 op, 18625.00 ns, 1.1368 ns/op
OverheadActual   3: 16384 op, 18917.00 ns, 1.1546 ns/op
OverheadActual   4: 16384 op, 18833.00 ns, 1.1495 ns/op
OverheadActual   5: 16384 op, 18959.00 ns, 1.1572 ns/op
OverheadActual   6: 16384 op, 19208.00 ns, 1.1724 ns/op
OverheadActual   7: 16384 op, 19458.00 ns, 1.1876 ns/op
OverheadActual   8: 16384 op, 18833.00 ns, 1.1495 ns/op
OverheadActual   9: 16384 op, 18750.00 ns, 1.1444 ns/op
OverheadActual  10: 16384 op, 18792.00 ns, 1.1470 ns/op
OverheadActual  11: 16384 op, 18875.00 ns, 1.1520 ns/op
OverheadActual  12: 16384 op, 18875.00 ns, 1.1520 ns/op
OverheadActual  13: 16384 op, 18833.00 ns, 1.1495 ns/op
OverheadActual  14: 16384 op, 19417.00 ns, 1.1851 ns/op
OverheadActual  15: 16384 op, 19083.00 ns, 1.1647 ns/op

WorkloadWarmup   1: 16384 op, 867835042.00 ns, 52.9684 us/op
WorkloadWarmup   2: 16384 op, 896812709.00 ns, 54.7371 us/op
WorkloadWarmup   3: 16384 op, 890329916.00 ns, 54.3414 us/op

WorkloadActual   1: 16384 op, 888116208.00 ns, 54.2063 us/op
WorkloadActual   2: 16384 op, 885133667.00 ns, 54.0243 us/op
WorkloadActual   3: 16384 op, 843489708.00 ns, 51.4825 us/op

WorkloadResult   1: 16384 op, 888097333.00 ns, 54.2052 us/op
WorkloadResult   2: 16384 op, 885114792.00 ns, 54.0231 us/op
WorkloadResult   3: 16384 op, 843470833.00 ns, 51.4814 us/op
// GC:  0 0 0 1024 16384
// Threading:  0 0 16384


Mean = 53.237 μs, StdErr = 0.879 μs (1.65%), N = 3, StdDev = 1.523 μs
Min = 51.481 μs, Q1 = 52.752 μs, Median = 54.023 μs, Q3 = 54.114 μs, Max = 54.205 μs
IQR = 1.362 μs, LowerFence = 50.709 μs, UpperFence = 56.157 μs
ConfidenceInterval = [25.456 μs; 81.017 μs] (CI 99.9%), Margin = 27.781 μs (52.18% of Mean)
Skewness = -0.38, Kurtosis = 0.67, MValue = 2

// ** Remained 4 (44.4%) benchmark(s) to run. Estimated finish 2026-08-27 17:29 (0h 0m from now) **
// **************************
// Benchmark: CoreBenchmarks.ComponentRead: ShortRun(Toolchain=InProcessEmitToolchain, IterationCount=3, LaunchCount=1, WarmupCount=3)
// *** Execute ***
// Launch: 1 / 1
// ! Failed to set up priority High for process System.Diagnostics.Process (Entitas.Benchma). Make sure you have the right permissions. Message: Permission denied

// Benchmark Process Environment Information:
// BenchmarkDotNet v0.14.0
// Runtime=.NET 8.0.5 (8.0.524.21615), Arm64 RyuJIT AdvSIMD
// GC=Concurrent Workstation
// HardwareIntrinsics=AdvSIMD,AES,CRC32,DP,RDM,SHA1,SHA256 VectorSize=128
// Job: Job-QXSTIM(Toolchain=InProcessEmitToolchain, IterationCount=3, LaunchCount=1, WarmupCount=3)

OverheadJitting  1: 1 op, 170000.00 ns, 170.0000 us/op
WorkloadJitting  1: 1 op, 705792.00 ns, 705.7920 us/op

OverheadJitting  2: 16 op, 316125.00 ns, 19.7578 us/op
WorkloadJitting  2: 16 op, 1014416.00 ns, 63.4010 us/op

WorkloadPilot    1: 16 op, 712458.00 ns, 44.5286 us/op
WorkloadPilot    2: 32 op, 1333625.00 ns, 41.6758 us/op
WorkloadPilot    3: 64 op, 2868125.00 ns, 44.8145 us/op
WorkloadPilot    4: 128 op, 5377875.00 ns, 42.0146 us/op
WorkloadPilot    5: 256 op, 10757833.00 ns, 42.0228 us/op
WorkloadPilot    6: 512 op, 21513625.00 ns, 42.0188 us/op
WorkloadPilot    7: 1024 op, 44693542.00 ns, 43.6460 us/op
WorkloadPilot    8: 2048 op, 66560917.00 ns, 32.5004 us/op
WorkloadPilot    9: 4096 op, 133387708.00 ns, 32.5654 us/op
WorkloadPilot   10: 8192 op, 266573459.00 ns, 32.5407 us/op
WorkloadPilot   11: 16384 op, 537693042.00 ns, 32.8182 us/op

OverheadWarmup   1: 16384 op, 22708.00 ns, 1.3860 ns/op
OverheadWarmup   2: 16384 op, 20209.00 ns, 1.2335 ns/op
OverheadWarmup   3: 16384 op, 20083.00 ns, 1.2258 ns/op
OverheadWarmup   4: 16384 op, 20208.00 ns, 1.2334 ns/op
OverheadWarmup   5: 16384 op, 20125.00 ns, 1.2283 ns/op
OverheadWarmup   6: 16384 op, 19667.00 ns, 1.2004 ns/op
OverheadWarmup   7: 16384 op, 20625.00 ns, 1.2589 ns/op
OverheadWarmup   8: 16384 op, 19792.00 ns, 1.2080 ns/op

OverheadActual   1: 16384 op, 19792.00 ns, 1.2080 ns/op
OverheadActual   2: 16384 op, 20291.00 ns, 1.2385 ns/op
OverheadActual   3: 16384 op, 20500.00 ns, 1.2512 ns/op
OverheadActual   4: 16384 op, 19792.00 ns, 1.2080 ns/op
OverheadActual   5: 16384 op, 20292.00 ns, 1.2385 ns/op
OverheadActual   6: 16384 op, 19500.00 ns, 1.1902 ns/op
OverheadActual   7: 16384 op, 19625.00 ns, 1.1978 ns/op
OverheadActual   8: 16384 op, 20166.00 ns, 1.2308 ns/op
OverheadActual   9: 16384 op, 19666.00 ns, 1.2003 ns/op
OverheadActual  10: 16384 op, 19875.00 ns, 1.2131 ns/op
OverheadActual  11: 16384 op, 19917.00 ns, 1.2156 ns/op
OverheadActual  12: 16384 op, 19916.00 ns, 1.2156 ns/op
OverheadActual  13: 16384 op, 19875.00 ns, 1.2131 ns/op
OverheadActual  14: 16384 op, 20541.00 ns, 1.2537 ns/op
OverheadActual  15: 16384 op, 19875.00 ns, 1.2131 ns/op

WorkloadWarmup   1: 16384 op, 530023333.00 ns, 32.3501 us/op
WorkloadWarmup   2: 16384 op, 519065042.00 ns, 31.6812 us/op
WorkloadWarmup   3: 16384 op, 530742333.00 ns, 32.3939 us/op

WorkloadActual   1: 16384 op, 534256208.00 ns, 32.6084 us/op
WorkloadActual   2: 16384 op, 535522291.00 ns, 32.6857 us/op
WorkloadActual   3: 16384 op, 537877208.00 ns, 32.8294 us/op

WorkloadResult   1: 16384 op, 534236333.00 ns, 32.6072 us/op
WorkloadResult   2: 16384 op, 535502416.00 ns, 32.6845 us/op
WorkloadResult   3: 16384 op, 537857333.00 ns, 32.8282 us/op
// GC:  0 0 0 1024 16384
// Threading:  0 0 16384


Mean = 32.707 μs, StdErr = 0.065 μs (0.20%), N = 3, StdDev = 0.112 μs
Min = 32.607 μs, Q1 = 32.646 μs, Median = 32.684 μs, Q3 = 32.756 μs, Max = 32.828 μs
IQR = 0.111 μs, LowerFence = 32.480 μs, UpperFence = 32.922 μs
ConfidenceInterval = [30.660 μs; 34.753 μs] (CI 99.9%), Margin = 2.046 μs (6.26% of Mean)
Skewness = 0.19, Kurtosis = 0.67, MValue = 2

// ** Remained 3 (33.3%) benchmark(s) to run. Estimated finish 2026-08-27 17:29 (0h 0m from now) **
// **************************
// Benchmark: CoreBenchmarks.UniqueAccessorGetGroup: ShortRun(Toolchain=InProcessEmitToolchain, IterationCount=3, LaunchCount=1, WarmupCount=3)
// *** Execute ***
// Launch: 1 / 1
// ! Failed to set up priority High for process System.Diagnostics.Process (Entitas.Benchma). Make sure you have the right permissions. Message: Permission denied

// Benchmark Process Environment Information:
// BenchmarkDotNet v0.14.0
// Runtime=.NET 8.0.5 (8.0.524.21615), Arm64 RyuJIT AdvSIMD
// GC=Concurrent Workstation
// HardwareIntrinsics=AdvSIMD,AES,CRC32,DP,RDM,SHA1,SHA256 VectorSize=128
// Job: Job-QXSTIM(Toolchain=InProcessEmitToolchain, IterationCount=3, LaunchCount=1, WarmupCount=3)

OverheadJitting  1: 1 op, 181209.00 ns, 181.2090 us/op
WorkloadJitting  1: 1 op, 2056833.00 ns, 2.0568 ms/op

OverheadJitting  2: 16 op, 256167.00 ns, 16.0104 us/op
WorkloadJitting  2: 16 op, 9445334.00 ns, 590.3334 us/op

WorkloadPilot    1: 16 op, 8006042.00 ns, 500.3776 us/op
WorkloadPilot    2: 32 op, 15144083.00 ns, 473.2526 us/op
WorkloadPilot    3: 64 op, 31103167.00 ns, 485.9870 us/op
WorkloadPilot    4: 128 op, 63822000.00 ns, 498.6094 us/op
WorkloadPilot    5: 256 op, 96822333.00 ns, 378.2122 us/op
WorkloadPilot    6: 512 op, 83664333.00 ns, 163.4069 us/op
WorkloadPilot    7: 1024 op, 166833917.00 ns, 162.9237 us/op
WorkloadPilot    8: 2048 op, 335470041.00 ns, 163.8037 us/op
WorkloadPilot    9: 4096 op, 661815042.00 ns, 161.5759 us/op

OverheadWarmup   1: 4096 op, 7000.00 ns, 1.7090 ns/op
OverheadWarmup   2: 4096 op, 4750.00 ns, 1.1597 ns/op
OverheadWarmup   3: 4096 op, 4709.00 ns, 1.1497 ns/op
OverheadWarmup   4: 4096 op, 4709.00 ns, 1.1497 ns/op
OverheadWarmup   5: 4096 op, 4667.00 ns, 1.1394 ns/op
OverheadWarmup   6: 4096 op, 4666.00 ns, 1.1392 ns/op
OverheadWarmup   7: 4096 op, 4666.00 ns, 1.1392 ns/op
OverheadWarmup   8: 4096 op, 4666.00 ns, 1.1392 ns/op

OverheadActual   1: 4096 op, 4708.00 ns, 1.1494 ns/op
OverheadActual   2: 4096 op, 4750.00 ns, 1.1597 ns/op
OverheadActual   3: 4096 op, 4708.00 ns, 1.1494 ns/op
OverheadActual   4: 4096 op, 4625.00 ns, 1.1292 ns/op
OverheadActual   5: 4096 op, 4625.00 ns, 1.1292 ns/op
OverheadActual   6: 4096 op, 4667.00 ns, 1.1394 ns/op
OverheadActual   7: 4096 op, 4708.00 ns, 1.1494 ns/op
OverheadActual   8: 4096 op, 4792.00 ns, 1.1699 ns/op
OverheadActual   9: 4096 op, 4667.00 ns, 1.1394 ns/op
OverheadActual  10: 4096 op, 4666.00 ns, 1.1392 ns/op
OverheadActual  11: 4096 op, 4625.00 ns, 1.1292 ns/op
OverheadActual  12: 4096 op, 4625.00 ns, 1.1292 ns/op
OverheadActual  13: 4096 op, 4667.00 ns, 1.1394 ns/op
OverheadActual  14: 4096 op, 4709.00 ns, 1.1497 ns/op
OverheadActual  15: 4096 op, 4709.00 ns, 1.1497 ns/op

WorkloadWarmup   1: 4096 op, 650628750.00 ns, 158.8449 us/op
WorkloadWarmup   2: 4096 op, 664281750.00 ns, 162.1782 us/op
WorkloadWarmup   3: 4096 op, 663936917.00 ns, 162.0940 us/op

WorkloadActual   1: 4096 op, 655863875.00 ns, 160.1230 us/op
WorkloadActual   2: 4096 op, 659450041.00 ns, 160.9985 us/op
WorkloadActual   3: 4096 op, 663521334.00 ns, 161.9925 us/op

WorkloadResult   1: 4096 op, 655859208.00 ns, 160.1219 us/op
WorkloadResult   2: 4096 op, 659445374.00 ns, 160.9974 us/op
WorkloadResult   3: 4096 op, 663516667.00 ns, 161.9914 us/op
// GC:  0 0 0 1024 4096
// Threading:  0 0 4096


Mean = 161.037 μs, StdErr = 0.540 μs (0.34%), N = 3, StdDev = 0.935 μs
Min = 160.122 μs, Q1 = 160.560 μs, Median = 160.997 μs, Q3 = 161.494 μs, Max = 161.991 μs
IQR = 0.935 μs, LowerFence = 159.158 μs, UpperFence = 162.897 μs
ConfidenceInterval = [143.972 μs; 178.102 μs] (CI 99.9%), Margin = 17.065 μs (10.60% of Mean)
Skewness = 0.04, Kurtosis = 0.67, MValue = 2

// ** Remained 2 (22.2%) benchmark(s) to run. Estimated finish 2026-08-27 17:29 (0h 0m from now) **
// **************************
// Benchmark: CoreBenchmarks.UniqueAccessorCachedGroup: ShortRun(Toolchain=InProcessEmitToolchain, IterationCount=3, LaunchCount=1, WarmupCount=3)
// *** Execute ***
// Launch: 1 / 1
// ! Failed to set up priority High for process System.Diagnostics.Process (Entitas.Benchma). Make sure you have the right permissions. Message: Permission denied

// Benchmark Process Environment Information:
// BenchmarkDotNet v0.14.0
// Runtime=.NET 8.0.5 (8.0.524.21615), Arm64 RyuJIT AdvSIMD
// GC=Concurrent Workstation
// HardwareIntrinsics=AdvSIMD,AES,CRC32,DP,RDM,SHA1,SHA256 VectorSize=128
// Job: Job-QXSTIM(Toolchain=InProcessEmitToolchain, IterationCount=3, LaunchCount=1, WarmupCount=3)

OverheadJitting  1: 1 op, 97125.00 ns, 97.1250 us/op
WorkloadJitting  1: 1 op, 352500.00 ns, 352.5000 us/op

OverheadJitting  2: 16 op, 261791.00 ns, 16.3619 us/op
WorkloadJitting  2: 16 op, 982125.00 ns, 61.3828 us/op

WorkloadPilot    1: 16 op, 693750.00 ns, 43.3594 us/op
WorkloadPilot    2: 32 op, 1350834.00 ns, 42.2136 us/op
WorkloadPilot    3: 64 op, 3010792.00 ns, 47.0436 us/op
WorkloadPilot    4: 128 op, 5118958.00 ns, 39.9919 us/op
WorkloadPilot    5: 256 op, 10163000.00 ns, 39.6992 us/op
WorkloadPilot    6: 512 op, 20263792.00 ns, 39.5777 us/op
WorkloadPilot    7: 1024 op, 43318084.00 ns, 42.3028 us/op
WorkloadPilot    8: 2048 op, 50111666.00 ns, 24.4686 us/op
WorkloadPilot    9: 4096 op, 87318291.00 ns, 21.3179 us/op
WorkloadPilot   10: 8192 op, 174020167.00 ns, 21.2427 us/op
WorkloadPilot   11: 16384 op, 350605125.00 ns, 21.3992 us/op
WorkloadPilot   12: 32768 op, 702986084.00 ns, 21.4534 us/op

OverheadWarmup   1: 32768 op, 60625.00 ns, 1.8501 ns/op
OverheadWarmup   2: 32768 op, 37750.00 ns, 1.1520 ns/op
OverheadWarmup   3: 32768 op, 38125.00 ns, 1.1635 ns/op
OverheadWarmup   4: 32768 op, 38041.00 ns, 1.1609 ns/op
OverheadWarmup   5: 32768 op, 38125.00 ns, 1.1635 ns/op
OverheadWarmup   6: 32768 op, 42959.00 ns, 1.3110 ns/op
OverheadWarmup   7: 32768 op, 43167.00 ns, 1.3174 ns/op
OverheadWarmup   8: 32768 op, 38042.00 ns, 1.1609 ns/op

OverheadActual   1: 32768 op, 38625.00 ns, 1.1787 ns/op
OverheadActual   2: 32768 op, 38333.00 ns, 1.1698 ns/op
OverheadActual   3: 32768 op, 44541.00 ns, 1.3593 ns/op
OverheadActual   4: 32768 op, 37667.00 ns, 1.1495 ns/op
OverheadActual   5: 32768 op, 37750.00 ns, 1.1520 ns/op
OverheadActual   6: 32768 op, 38083.00 ns, 1.1622 ns/op
OverheadActual   7: 32768 op, 36000.00 ns, 1.0986 ns/op
OverheadActual   8: 32768 op, 44250.00 ns, 1.3504 ns/op
OverheadActual   9: 32768 op, 41875.00 ns, 1.2779 ns/op
OverheadActual  10: 32768 op, 37750.00 ns, 1.1520 ns/op
OverheadActual  11: 32768 op, 37625.00 ns, 1.1482 ns/op
OverheadActual  12: 32768 op, 37708.00 ns, 1.1508 ns/op
OverheadActual  13: 32768 op, 38000.00 ns, 1.1597 ns/op
OverheadActual  14: 32768 op, 36000.00 ns, 1.0986 ns/op
OverheadActual  15: 32768 op, 35666.00 ns, 1.0884 ns/op

WorkloadWarmup   1: 32768 op, 730478709.00 ns, 22.2924 us/op
WorkloadWarmup   2: 32768 op, 697663750.00 ns, 21.2910 us/op
WorkloadWarmup   3: 32768 op, 701591250.00 ns, 21.4109 us/op

WorkloadActual   1: 32768 op, 686425292.00 ns, 20.9480 us/op
WorkloadActual   2: 32768 op, 710228875.00 ns, 21.6745 us/op
WorkloadActual   3: 32768 op, 709781791.00 ns, 21.6608 us/op

WorkloadResult   1: 32768 op, 686387542.00 ns, 20.9469 us/op
WorkloadResult   2: 32768 op, 710191125.00 ns, 21.6733 us/op
WorkloadResult   3: 32768 op, 709744041.00 ns, 21.6597 us/op
// GC:  0 0 0 1024 32768
// Threading:  0 0 32768


Mean = 21.427 μs, StdErr = 0.240 μs (1.12%), N = 3, StdDev = 0.416 μs
Min = 20.947 μs, Q1 = 21.303 μs, Median = 21.660 μs, Q3 = 21.666 μs, Max = 21.673 μs
IQR = 0.363 μs, LowerFence = 20.758 μs, UpperFence = 22.211 μs
ConfidenceInterval = [13.846 μs; 29.007 μs] (CI 99.9%), Margin = 7.581 μs (35.38% of Mean)
Skewness = -0.38, Kurtosis = 0.67, MValue = 2

// ** Remained 1 (11.1%) benchmark(s) to run. Estimated finish 2026-08-27 17:29 (0h 0m from now) **
// **************************
// Benchmark: CoreBenchmarks.EntityIndexChurn: ShortRun(Toolchain=InProcessEmitToolchain, IterationCount=3, LaunchCount=1, WarmupCount=3)
// *** Execute ***
// Launch: 1 / 1
// ! Failed to set up priority High for process System.Diagnostics.Process (Entitas.Benchma). Make sure you have the right permissions. Message: Permission denied

// Benchmark Process Environment Information:
// BenchmarkDotNet v0.14.0
// Runtime=.NET 8.0.5 (8.0.524.21615), Arm64 RyuJIT AdvSIMD
// GC=Concurrent Workstation
// HardwareIntrinsics=AdvSIMD,AES,CRC32,DP,RDM,SHA1,SHA256 VectorSize=128
// Job: Job-QXSTIM(Toolchain=InProcessEmitToolchain, IterationCount=3, LaunchCount=1, WarmupCount=3)

OverheadJitting  1: 1 op, 102542.00 ns, 102.5420 us/op
WorkloadJitting  1: 1 op, 4268958.00 ns, 4.2690 ms/op

OverheadJitting  2: 16 op, 138542.00 ns, 8.6589 us/op
WorkloadJitting  2: 16 op, 54728500.00 ns, 3.4205 ms/op

WorkloadPilot    1: 16 op, 54872292.00 ns, 3.4295 ms/op
WorkloadPilot    2: 32 op, 106830750.00 ns, 3.3385 ms/op
WorkloadPilot    3: 64 op, 154717625.00 ns, 2.4175 ms/op
WorkloadPilot    4: 128 op, 255716417.00 ns, 1.9978 ms/op
WorkloadPilot    5: 256 op, 502246000.00 ns, 1.9619 ms/op

OverheadWarmup   1: 256 op, 3250.00 ns, 12.6953 ns/op
OverheadWarmup   2: 256 op, 750.00 ns, 2.9297 ns/op
OverheadWarmup   3: 256 op, 416.00 ns, 1.6250 ns/op
OverheadWarmup   4: 256 op, 541.00 ns, 2.1133 ns/op
OverheadWarmup   5: 256 op, 542.00 ns, 2.1172 ns/op
OverheadWarmup   6: 256 op, 458.00 ns, 1.7891 ns/op
OverheadWarmup   7: 256 op, 542.00 ns, 2.1172 ns/op
OverheadWarmup   8: 256 op, 333.00 ns, 1.3008 ns/op

OverheadActual   1: 256 op, 667.00 ns, 2.6055 ns/op
OverheadActual   2: 256 op, 708.00 ns, 2.7656 ns/op
OverheadActual   3: 256 op, 542.00 ns, 2.1172 ns/op
OverheadActual   4: 256 op, 500.00 ns, 1.9531 ns/op
OverheadActual   5: 256 op, 583.00 ns, 2.2773 ns/op
OverheadActual   6: 256 op, 625.00 ns, 2.4414 ns/op
OverheadActual   7: 256 op, 500.00 ns, 1.9531 ns/op
OverheadActual   8: 256 op, 459.00 ns, 1.7930 ns/op
OverheadActual   9: 256 op, 458.00 ns, 1.7891 ns/op
OverheadActual  10: 256 op, 500.00 ns, 1.9531 ns/op
OverheadActual  11: 256 op, 583.00 ns, 2.2773 ns/op
OverheadActual  12: 256 op, 542.00 ns, 2.1172 ns/op
OverheadActual  13: 256 op, 500.00 ns, 1.9531 ns/op
OverheadActual  14: 256 op, 417.00 ns, 1.6289 ns/op
OverheadActual  15: 256 op, 417.00 ns, 1.6289 ns/op
OverheadActual  16: 256 op, 750.00 ns, 2.9297 ns/op
OverheadActual  17: 256 op, 500.00 ns, 1.9531 ns/op
OverheadActual  18: 256 op, 750.00 ns, 2.9297 ns/op
OverheadActual  19: 256 op, 750.00 ns, 2.9297 ns/op
OverheadActual  20: 256 op, 458.00 ns, 1.7891 ns/op

WorkloadWarmup   1: 256 op, 498523583.00 ns, 1.9474 ms/op
WorkloadWarmup   2: 256 op, 504935125.00 ns, 1.9724 ms/op
WorkloadWarmup   3: 256 op, 523147375.00 ns, 2.0435 ms/op

WorkloadActual   1: 256 op, 521946250.00 ns, 2.0389 ms/op
WorkloadActual   2: 256 op, 519576000.00 ns, 2.0296 ms/op
WorkloadActual   3: 256 op, 524383958.00 ns, 2.0484 ms/op

WorkloadResult   1: 256 op, 521945729.00 ns, 2.0389 ms/op
WorkloadResult   2: 256 op, 519575479.00 ns, 2.0296 ms/op
WorkloadResult   3: 256 op, 524383437.00 ns, 2.0484 ms/op
// GC:  0 0 0 1024 256
// Threading:  0 0 256


Mean = 2.039 ms, StdErr = 0.005 ms (0.27%), N = 3, StdDev = 0.009 ms
Min = 2.030 ms, Q1 = 2.034 ms, Median = 2.039 ms, Q3 = 2.044 ms, Max = 2.048 ms
IQR = 0.009 ms, LowerFence = 2.020 ms, UpperFence = 2.058 ms
ConfidenceInterval = [1.868 ms; 2.210 ms] (CI 99.9%), Margin = 0.171 ms (8.40% of Mean)
Skewness = 0.01, Kurtosis = 0.67, MValue = 2

// ** Remained 0 (0.0%) benchmark(s) to run. Estimated finish 2026-08-27 17:29 (0h 0m from now) **
// ***** BenchmarkRunner: Finish  *****

// * Export *
  benchmarks/.compare/upstream/results/Entitas.Benchmarks.CoreBenchmarks-report.csv
  benchmarks/.compare/upstream/results/Entitas.Benchmarks.CoreBenchmarks-report-github.md
  benchmarks/.compare/upstream/results/Entitas.Benchmarks.CoreBenchmarks-report.html

// * Detailed results *
CoreBenchmarks.CreateDestroy: ShortRun(Toolchain=InProcessEmitToolchain, IterationCount=3, LaunchCount=1, WarmupCount=3)
Runtime = ; GC = 
Mean = 8.283 ms, StdErr = 0.009 ms (0.11%), N = 3, StdDev = 0.016 ms
Min = 8.266 ms, Q1 = 8.276 ms, Median = 8.286 ms, Q3 = 8.291 ms, Max = 8.297 ms
IQR = 0.015 ms, LowerFence = 8.253 ms, UpperFence = 8.314 ms
ConfidenceInterval = [7.997 ms; 8.569 ms] (CI 99.9%), Margin = 0.286 ms (3.45% of Mean)
Skewness = -0.18, Kurtosis = 0.67, MValue = 2
-------------------- Histogram --------------------
[8.252 ms ; 8.311 ms) | @@@
---------------------------------------------------

CoreBenchmarks.CreateDestroyNew: ShortRun(Toolchain=InProcessEmitToolchain, IterationCount=3, LaunchCount=1, WarmupCount=3)
Runtime = ; GC = 
Mean = 8.189 ms, StdErr = 0.020 ms (0.25%), N = 3, StdDev = 0.035 ms
Min = 8.155 ms, Q1 = 8.171 ms, Median = 8.188 ms, Q3 = 8.206 ms, Max = 8.225 ms
IQR = 0.035 ms, LowerFence = 8.119 ms, UpperFence = 8.258 ms
ConfidenceInterval = [7.552 ms; 8.826 ms] (CI 99.9%), Margin = 0.637 ms (7.78% of Mean)
Skewness = 0.04, Kurtosis = 0.67, MValue = 2
-------------------- Histogram --------------------
[8.123 ms ; 8.256 ms) | @@@
---------------------------------------------------

CoreBenchmarks.ComponentChurnWithGroups: ShortRun(Toolchain=InProcessEmitToolchain, IterationCount=3, LaunchCount=1, WarmupCount=3)
Runtime = ; GC = 
Mean = 1.286 ms, StdErr = 0.009 ms (0.71%), N = 3, StdDev = 0.016 ms
Min = 1.274 ms, Q1 = 1.277 ms, Median = 1.281 ms, Q3 = 1.292 ms, Max = 1.304 ms
IQR = 0.015 ms, LowerFence = 1.255 ms, UpperFence = 1.315 ms
ConfidenceInterval = [0.998 ms; 1.574 ms] (CI 99.9%), Margin = 0.288 ms (22.37% of Mean)
Skewness = 0.3, Kurtosis = 0.67, MValue = 2
-------------------- Histogram --------------------
[1.263 ms ; 1.292 ms) | @@
[1.292 ms ; 1.318 ms) | @
---------------------------------------------------

CoreBenchmarks.SingleGroupChurn: ShortRun(Toolchain=InProcessEmitToolchain, IterationCount=3, LaunchCount=1, WarmupCount=3)
Runtime = ; GC = 
Mean = 958.822 μs, StdErr = 4.528 μs (0.47%), N = 3, StdDev = 7.843 μs
Min = 950.419 μs, Q1 = 955.259 μs, Median = 960.100 μs, Q3 = 963.024 μs, Max = 965.948 μs
IQR = 7.765 μs, LowerFence = 943.613 μs, UpperFence = 974.671 μs
ConfidenceInterval = [815.737 μs; 1,101.908 μs] (CI 99.9%), Margin = 143.086 μs (14.92% of Mean)
Skewness = -0.16, Kurtosis = 0.67, MValue = 2
-------------------- Histogram --------------------
[943.282 μs ; 973.086 μs) | @@@
---------------------------------------------------

CoreBenchmarks.MatcherMatches: ShortRun(Toolchain=InProcessEmitToolchain, IterationCount=3, LaunchCount=1, WarmupCount=3)
Runtime = ; GC = 
Mean = 53.237 μs, StdErr = 0.879 μs (1.65%), N = 3, StdDev = 1.523 μs
Min = 51.481 μs, Q1 = 52.752 μs, Median = 54.023 μs, Q3 = 54.114 μs, Max = 54.205 μs
IQR = 1.362 μs, LowerFence = 50.709 μs, UpperFence = 56.157 μs
ConfidenceInterval = [25.456 μs; 81.017 μs] (CI 99.9%), Margin = 27.781 μs (52.18% of Mean)
Skewness = -0.38, Kurtosis = 0.67, MValue = 2
-------------------- Histogram --------------------
[51.458 μs ; 54.229 μs) | @@@
---------------------------------------------------

CoreBenchmarks.ComponentRead: ShortRun(Toolchain=InProcessEmitToolchain, IterationCount=3, LaunchCount=1, WarmupCount=3)
Runtime = ; GC = 
Mean = 32.707 μs, StdErr = 0.065 μs (0.20%), N = 3, StdDev = 0.112 μs
Min = 32.607 μs, Q1 = 32.646 μs, Median = 32.684 μs, Q3 = 32.756 μs, Max = 32.828 μs
IQR = 0.111 μs, LowerFence = 32.480 μs, UpperFence = 32.922 μs
ConfidenceInterval = [30.660 μs; 34.753 μs] (CI 99.9%), Margin = 2.046 μs (6.26% of Mean)
Skewness = 0.19, Kurtosis = 0.67, MValue = 2
-------------------- Histogram --------------------
[32.505 μs ; 32.930 μs) | @@@
---------------------------------------------------

CoreBenchmarks.UniqueAccessorGetGroup: ShortRun(Toolchain=InProcessEmitToolchain, IterationCount=3, LaunchCount=1, WarmupCount=3)
Runtime = ; GC = 
Mean = 161.037 μs, StdErr = 0.540 μs (0.34%), N = 3, StdDev = 0.935 μs
Min = 160.122 μs, Q1 = 160.560 μs, Median = 160.997 μs, Q3 = 161.494 μs, Max = 161.991 μs
IQR = 0.935 μs, LowerFence = 159.158 μs, UpperFence = 162.897 μs
ConfidenceInterval = [143.972 μs; 178.102 μs] (CI 99.9%), Margin = 17.065 μs (10.60% of Mean)
Skewness = 0.04, Kurtosis = 0.67, MValue = 2
-------------------- Histogram --------------------
[159.271 μs ; 162.165 μs) | @@@
---------------------------------------------------

CoreBenchmarks.UniqueAccessorCachedGroup: ShortRun(Toolchain=InProcessEmitToolchain, IterationCount=3, LaunchCount=1, WarmupCount=3)
Runtime = ; GC = 
Mean = 21.427 μs, StdErr = 0.240 μs (1.12%), N = 3, StdDev = 0.416 μs
Min = 20.947 μs, Q1 = 21.303 μs, Median = 21.660 μs, Q3 = 21.666 μs, Max = 21.673 μs
IQR = 0.363 μs, LowerFence = 20.758 μs, UpperFence = 22.211 μs
ConfidenceInterval = [13.846 μs; 29.007 μs] (CI 99.9%), Margin = 7.581 μs (35.38% of Mean)
Skewness = -0.38, Kurtosis = 0.67, MValue = 2
-------------------- Histogram --------------------
[20.932 μs ; 21.688 μs) | @@@
---------------------------------------------------

CoreBenchmarks.EntityIndexChurn: ShortRun(Toolchain=InProcessEmitToolchain, IterationCount=3, LaunchCount=1, WarmupCount=3)
Runtime = ; GC = 
Mean = 2.039 ms, StdErr = 0.005 ms (0.27%), N = 3, StdDev = 0.009 ms
Min = 2.030 ms, Q1 = 2.034 ms, Median = 2.039 ms, Q3 = 2.044 ms, Max = 2.048 ms
IQR = 0.009 ms, LowerFence = 2.020 ms, UpperFence = 2.058 ms
ConfidenceInterval = [1.868 ms; 2.210 ms] (CI 99.9%), Margin = 0.171 ms (8.40% of Mean)
Skewness = 0.01, Kurtosis = 0.67, MValue = 2
-------------------- Histogram --------------------
[2.021 ms ; 2.057 ms) | @@@
---------------------------------------------------

// * Summary *

BenchmarkDotNet v0.14.0, macOS Sequoia 15.5 (24F74) [Darwin 24.5.0]
Apple M1 Max, 1 CPU, 10 logical and 10 physical cores
.NET SDK 9.0.303
  [Host] : .NET 8.0.5 (8.0.524.21615), Arm64 RyuJIT AdvSIMD

Job=ShortRun  Toolchain=InProcessEmitToolchain  IterationCount=3  
LaunchCount=1  WarmupCount=3  

| Method                    | Mean        | Error      | StdDev    | Gen0      | Gen1     | Gen2     | Allocated |
|-------------------------- |------------:|-----------:|----------:|----------:|---------:|---------:|----------:|
| CreateDestroy             | 8,282.71 μs | 285.921 μs | 15.672 μs | 1203.1250 | 593.7500 | 390.6250 | 7142861 B |
| CreateDestroyNew          | 8,188.93 μs | 637.394 μs | 34.938 μs | 1203.1250 | 593.7500 | 390.6250 | 7143036 B |
| ComponentChurnWithGroups  | 1,286.19 μs | 287.769 μs | 15.774 μs |         - |        - |        - |       2 B |
| SingleGroupChurn          |   958.82 μs | 143.086 μs |  7.843 μs |         - |        - |        - |       1 B |
| MatcherMatches            |    53.24 μs |  27.781 μs |  1.523 μs |         - |        - |        - |         - |
| ComponentRead             |    32.71 μs |   2.046 μs |  0.112 μs |         - |        - |        - |         - |
| UniqueAccessorGetGroup    |   161.04 μs |  17.065 μs |  0.935 μs |         - |        - |        - |         - |
| UniqueAccessorCachedGroup |    21.43 μs |   7.581 μs |  0.416 μs |         - |        - |        - |         - |
| EntityIndexChurn          | 2,038.94 μs | 171.324 μs |  9.391 μs |         - |        - |        - |       4 B |

// * Legends *
  Mean      : Arithmetic mean of all measurements
  Error     : Half of 99.9% confidence interval
  StdDev    : Standard deviation of all measurements
  Gen0      : GC Generation 0 collects per 1000 operations
  Gen1      : GC Generation 1 collects per 1000 operations
  Gen2      : GC Generation 2 collects per 1000 operations
  Allocated : Allocated memory per single operation (managed only, inclusive, 1KB = 1024B)
  1 μs      : 1 Microsecond (0.000001 sec)

// * Diagnostic Output - MemoryDiagnoser *


// ***** BenchmarkRunner: End *****
Run time: 00:00:57 (57.13 sec), executed benchmarks: 9

Global total time: 00:00:57 (57.44 sec), executed benchmarks: 9
// * Artifacts cleanup *
Artifacts cleanup is finished
