// Validating benchmarks:
// ***** BenchmarkRunner: Start   *****
// ***** Found 3 benchmark(s) in total *****
// ***** Building 1 exe(s) in Parallel: Start   *****
// ***** Done, took 00:00:00 (0.02 sec)   *****
// Found 3 benchmarks:
//   CoreBenchmarks.ComponentChurnWithGroups: ShortRun(Toolchain=InProcessEmitToolchain, IterationCount=3, LaunchCount=1, WarmupCount=3)
//   CoreBenchmarks.SingleGroupChurn: ShortRun(Toolchain=InProcessEmitToolchain, IterationCount=3, LaunchCount=1, WarmupCount=3)
//   CoreBenchmarks.EntityIndexChurn: ShortRun(Toolchain=InProcessEmitToolchain, IterationCount=3, LaunchCount=1, WarmupCount=3)

// **************************
// Benchmark: CoreBenchmarks.ComponentChurnWithGroups: ShortRun(Toolchain=InProcessEmitToolchain, IterationCount=3, LaunchCount=1, WarmupCount=3)
// *** Execute ***
// Launch: 1 / 1
// ! Failed to set up priority High for process System.Diagnostics.Process (Entitas.Benchma). Make sure you have the right permissions. Message: Permission denied

// Benchmark Process Environment Information:
// BenchmarkDotNet v0.14.0
// Runtime=.NET 8.0.5 (8.0.524.21615), Arm64 RyuJIT AdvSIMD
// GC=Concurrent Workstation
// HardwareIntrinsics=AdvSIMD,AES,CRC32,DP,RDM,SHA1,SHA256 VectorSize=128
// Job: Job-ALPBER(Toolchain=InProcessEmitToolchain, IterationCount=3, LaunchCount=1, WarmupCount=3)

OverheadJitting  1: 1 op, 98917.00 ns, 98.9170 us/op
WorkloadJitting  1: 1 op, 6005250.00 ns, 6.0053 ms/op

OverheadJitting  2: 16 op, 147208.00 ns, 9.2005 us/op
WorkloadJitting  2: 16 op, 37409166.00 ns, 2.3381 ms/op

WorkloadPilot    1: 16 op, 35902708.00 ns, 2.2439 ms/op
WorkloadPilot    2: 32 op, 70369542.00 ns, 2.1990 ms/op
WorkloadPilot    3: 64 op, 134571000.00 ns, 2.1027 ms/op
WorkloadPilot    4: 128 op, 107048500.00 ns, 836.3164 us/op
WorkloadPilot    5: 256 op, 212704917.00 ns, 830.8786 us/op
WorkloadPilot    6: 512 op, 425878833.00 ns, 831.7946 us/op
WorkloadPilot    7: 1024 op, 824339208.00 ns, 805.0188 us/op

OverheadWarmup   1: 1024 op, 3167.00 ns, 3.0928 ns/op
OverheadWarmup   2: 1024 op, 1625.00 ns, 1.5869 ns/op
OverheadWarmup   3: 1024 op, 1500.00 ns, 1.4648 ns/op
OverheadWarmup   4: 1024 op, 1583.00 ns, 1.5459 ns/op
OverheadWarmup   5: 1024 op, 1709.00 ns, 1.6689 ns/op
OverheadWarmup   6: 1024 op, 2084.00 ns, 2.0352 ns/op
OverheadWarmup   7: 1024 op, 1541.00 ns, 1.5049 ns/op
OverheadWarmup   8: 1024 op, 1791.00 ns, 1.7490 ns/op
OverheadWarmup   9: 1024 op, 1375.00 ns, 1.3428 ns/op

OverheadActual   1: 1024 op, 1666.00 ns, 1.6270 ns/op
OverheadActual   2: 1024 op, 1625.00 ns, 1.5869 ns/op
OverheadActual   3: 1024 op, 1791.00 ns, 1.7490 ns/op
OverheadActual   4: 1024 op, 1625.00 ns, 1.5869 ns/op
OverheadActual   5: 1024 op, 1959.00 ns, 1.9131 ns/op
OverheadActual   6: 1024 op, 1417.00 ns, 1.3838 ns/op
OverheadActual   7: 1024 op, 1500.00 ns, 1.4648 ns/op
OverheadActual   8: 1024 op, 1416.00 ns, 1.3828 ns/op
OverheadActual   9: 1024 op, 1292.00 ns, 1.2617 ns/op
OverheadActual  10: 1024 op, 1458.00 ns, 1.4238 ns/op
OverheadActual  11: 1024 op, 1584.00 ns, 1.5469 ns/op
OverheadActual  12: 1024 op, 1625.00 ns, 1.5869 ns/op
OverheadActual  13: 1024 op, 1625.00 ns, 1.5869 ns/op
OverheadActual  14: 1024 op, 1458.00 ns, 1.4238 ns/op
OverheadActual  15: 1024 op, 1500.00 ns, 1.4648 ns/op
OverheadActual  16: 1024 op, 2208.00 ns, 2.1563 ns/op
OverheadActual  17: 1024 op, 1833.00 ns, 1.7900 ns/op
OverheadActual  18: 1024 op, 1459.00 ns, 1.4248 ns/op
OverheadActual  19: 1024 op, 1500.00 ns, 1.4648 ns/op
OverheadActual  20: 1024 op, 1541.00 ns, 1.5049 ns/op

WorkloadWarmup   1: 1024 op, 857750500.00 ns, 837.6470 us/op
WorkloadWarmup   2: 1024 op, 854563750.00 ns, 834.5349 us/op
WorkloadWarmup   3: 1024 op, 855276667.00 ns, 835.2311 us/op

WorkloadActual   1: 1024 op, 818817791.00 ns, 799.6267 us/op
WorkloadActual   2: 1024 op, 859369542.00 ns, 839.2281 us/op
WorkloadActual   3: 1024 op, 859454792.00 ns, 839.3113 us/op

WorkloadResult   1: 1024 op, 818816228.50 ns, 799.6252 us/op
WorkloadResult   2: 1024 op, 859367979.50 ns, 839.2265 us/op
WorkloadResult   3: 1024 op, 859453229.50 ns, 839.3098 us/op
// GC:  0 0 0 1024 1024
// Threading:  0 0 1024


Mean = 826.054 μs, StdErr = 13.214 μs (1.60%), N = 3, StdDev = 22.888 μs
Min = 799.625 μs, Q1 = 819.426 μs, Median = 839.227 μs, Q3 = 839.268 μs, Max = 839.310 μs
IQR = 19.842 μs, LowerFence = 789.662 μs, UpperFence = 869.032 μs
ConfidenceInterval = [408.493 μs; 1,243.614 μs] (CI 99.9%), Margin = 417.561 μs (50.55% of Mean)
Skewness = -0.38, Kurtosis = 0.67, MValue = 2

// ** Remained 2 (66,7 %) benchmark(s) to run. Estimated finish 2026-05-25 13:02 (0h 0m from now) **
// **************************
// Benchmark: CoreBenchmarks.SingleGroupChurn: ShortRun(Toolchain=InProcessEmitToolchain, IterationCount=3, LaunchCount=1, WarmupCount=3)
// *** Execute ***
// Launch: 1 / 1
// ! Failed to set up priority High for process System.Diagnostics.Process (Entitas.Benchma). Make sure you have the right permissions. Message: Permission denied

// Benchmark Process Environment Information:
// BenchmarkDotNet v0.14.0
// Runtime=.NET 8.0.5 (8.0.524.21615), Arm64 RyuJIT AdvSIMD
// GC=Concurrent Workstation
// HardwareIntrinsics=AdvSIMD,AES,CRC32,DP,RDM,SHA1,SHA256 VectorSize=128
// Job: Job-ALPBER(Toolchain=InProcessEmitToolchain, IterationCount=3, LaunchCount=1, WarmupCount=3)

OverheadJitting  1: 1 op, 137542.00 ns, 137.5420 us/op
WorkloadJitting  1: 1 op, 1285041.00 ns, 1.2850 ms/op

OverheadJitting  2: 16 op, 110417.00 ns, 6.9011 us/op
WorkloadJitting  2: 16 op, 7641250.00 ns, 477.5781 us/op

WorkloadPilot    1: 16 op, 7505333.00 ns, 469.0833 us/op
WorkloadPilot    2: 32 op, 14819541.00 ns, 463.1107 us/op
WorkloadPilot    3: 64 op, 29917125.00 ns, 467.4551 us/op
WorkloadPilot    4: 128 op, 59389292.00 ns, 463.9788 us/op
WorkloadPilot    5: 256 op, 120713292.00 ns, 471.5363 us/op
WorkloadPilot    6: 512 op, 257174083.00 ns, 502.2931 us/op
WorkloadPilot    7: 1024 op, 506404708.00 ns, 494.5358 us/op

OverheadWarmup   1: 1024 op, 3250.00 ns, 3.1738 ns/op
OverheadWarmup   2: 1024 op, 1292.00 ns, 1.2617 ns/op
OverheadWarmup   3: 1024 op, 2167.00 ns, 2.1162 ns/op
OverheadWarmup   4: 1024 op, 1667.00 ns, 1.6279 ns/op
OverheadWarmup   5: 1024 op, 1625.00 ns, 1.5869 ns/op
OverheadWarmup   6: 1024 op, 1292.00 ns, 1.2617 ns/op
OverheadWarmup   7: 1024 op, 1458.00 ns, 1.4238 ns/op
OverheadWarmup   8: 1024 op, 2416.00 ns, 2.3594 ns/op
OverheadWarmup   9: 1024 op, 2041.00 ns, 1.9932 ns/op

OverheadActual   1: 1024 op, 1875.00 ns, 1.8311 ns/op
OverheadActual   2: 1024 op, 1417.00 ns, 1.3838 ns/op
OverheadActual   3: 1024 op, 2167.00 ns, 2.1162 ns/op
OverheadActual   4: 1024 op, 1542.00 ns, 1.5059 ns/op
OverheadActual   5: 1024 op, 2292.00 ns, 2.2383 ns/op
OverheadActual   6: 1024 op, 1834.00 ns, 1.7910 ns/op
OverheadActual   7: 1024 op, 1250.00 ns, 1.2207 ns/op
OverheadActual   8: 1024 op, 1166.00 ns, 1.1387 ns/op
OverheadActual   9: 1024 op, 1292.00 ns, 1.2617 ns/op
OverheadActual  10: 1024 op, 1708.00 ns, 1.6680 ns/op
OverheadActual  11: 1024 op, 1625.00 ns, 1.5869 ns/op
OverheadActual  12: 1024 op, 1458.00 ns, 1.4238 ns/op
OverheadActual  13: 1024 op, 1333.00 ns, 1.3018 ns/op
OverheadActual  14: 1024 op, 1583.00 ns, 1.5459 ns/op
OverheadActual  15: 1024 op, 1500.00 ns, 1.4648 ns/op
OverheadActual  16: 1024 op, 1417.00 ns, 1.3838 ns/op
OverheadActual  17: 1024 op, 1250.00 ns, 1.2207 ns/op
OverheadActual  18: 1024 op, 2333.00 ns, 2.2783 ns/op
OverheadActual  19: 1024 op, 1750.00 ns, 1.7090 ns/op
OverheadActual  20: 1024 op, 1708.00 ns, 1.6680 ns/op

WorkloadWarmup   1: 1024 op, 504178958.00 ns, 492.3623 us/op
WorkloadWarmup   2: 1024 op, 505041792.00 ns, 493.2049 us/op
WorkloadWarmup   3: 1024 op, 504599792.00 ns, 492.7732 us/op

WorkloadActual   1: 1024 op, 493074708.00 ns, 481.5183 us/op
WorkloadActual   2: 1024 op, 475525959.00 ns, 464.3808 us/op
WorkloadActual   3: 1024 op, 508055000.00 ns, 496.1475 us/op

WorkloadResult   1: 1024 op, 493073145.50 ns, 481.5167 us/op
WorkloadResult   2: 1024 op, 475524396.50 ns, 464.3793 us/op
WorkloadResult   3: 1024 op, 508053437.50 ns, 496.1459 us/op
// GC:  0 0 0 1024 1024
// Threading:  0 0 1024


Mean = 480.681 μs, StdErr = 9.180 μs (1.91%), N = 3, StdDev = 15.900 μs
Min = 464.379 μs, Q1 = 472.948 μs, Median = 481.517 μs, Q3 = 488.831 μs, Max = 496.146 μs
IQR = 15.883 μs, LowerFence = 449.123 μs, UpperFence = 512.656 μs
ConfidenceInterval = [190.609 μs; 770.752 μs] (CI 99.9%), Margin = 290.072 μs (60.35% of Mean)
Skewness = -0.05, Kurtosis = 0.67, MValue = 2

// ** Remained 1 (33,3 %) benchmark(s) to run. Estimated finish 2026-05-25 13:02 (0h 0m from now) **
// **************************
// Benchmark: CoreBenchmarks.EntityIndexChurn: ShortRun(Toolchain=InProcessEmitToolchain, IterationCount=3, LaunchCount=1, WarmupCount=3)
// *** Execute ***
// Launch: 1 / 1
// ! Failed to set up priority High for process System.Diagnostics.Process (Entitas.Benchma). Make sure you have the right permissions. Message: Permission denied

// Benchmark Process Environment Information:
// BenchmarkDotNet v0.14.0
// Runtime=.NET 8.0.5 (8.0.524.21615), Arm64 RyuJIT AdvSIMD
// GC=Concurrent Workstation
// HardwareIntrinsics=AdvSIMD,AES,CRC32,DP,RDM,SHA1,SHA256 VectorSize=128
// Job: Job-ALPBER(Toolchain=InProcessEmitToolchain, IterationCount=3, LaunchCount=1, WarmupCount=3)

OverheadJitting  1: 1 op, 122584.00 ns, 122.5840 us/op
WorkloadJitting  1: 1 op, 3490083.00 ns, 3.4901 ms/op

OverheadJitting  2: 16 op, 194625.00 ns, 12.1641 us/op
WorkloadJitting  2: 16 op, 37720208.00 ns, 2.3575 ms/op

WorkloadPilot    1: 16 op, 37396375.00 ns, 2.3373 ms/op
WorkloadPilot    2: 32 op, 74496167.00 ns, 2.3280 ms/op
WorkloadPilot    3: 64 op, 135743125.00 ns, 2.1210 ms/op
WorkloadPilot    4: 128 op, 152443083.00 ns, 1.1910 ms/op
WorkloadPilot    5: 256 op, 268766625.00 ns, 1.0499 ms/op
WorkloadPilot    6: 512 op, 540794375.00 ns, 1.0562 ms/op

OverheadWarmup   1: 512 op, 1792.00 ns, 3.5000 ns/op
OverheadWarmup   2: 512 op, 584.00 ns, 1.1406 ns/op
OverheadWarmup   3: 512 op, 625.00 ns, 1.2207 ns/op
OverheadWarmup   4: 512 op, 792.00 ns, 1.5469 ns/op
OverheadWarmup   5: 512 op, 541.00 ns, 1.0566 ns/op
OverheadWarmup   6: 512 op, 625.00 ns, 1.2207 ns/op
OverheadWarmup   7: 512 op, 542.00 ns, 1.0586 ns/op

OverheadActual   1: 512 op, 875.00 ns, 1.7090 ns/op
OverheadActual   2: 512 op, 834.00 ns, 1.6289 ns/op
OverheadActual   3: 512 op, 708.00 ns, 1.3828 ns/op
OverheadActual   4: 512 op, 583.00 ns, 1.1387 ns/op
OverheadActual   5: 512 op, 542.00 ns, 1.0586 ns/op
OverheadActual   6: 512 op, 666.00 ns, 1.3008 ns/op
OverheadActual   7: 512 op, 584.00 ns, 1.1406 ns/op
OverheadActual   8: 512 op, 542.00 ns, 1.0586 ns/op
OverheadActual   9: 512 op, 709.00 ns, 1.3848 ns/op
OverheadActual  10: 512 op, 792.00 ns, 1.5469 ns/op
OverheadActual  11: 512 op, 708.00 ns, 1.3828 ns/op
OverheadActual  12: 512 op, 625.00 ns, 1.2207 ns/op
OverheadActual  13: 512 op, 958.00 ns, 1.8711 ns/op
OverheadActual  14: 512 op, 958.00 ns, 1.8711 ns/op
OverheadActual  15: 512 op, 792.00 ns, 1.5469 ns/op
OverheadActual  16: 512 op, 1041.00 ns, 2.0332 ns/op
OverheadActual  17: 512 op, 833.00 ns, 1.6270 ns/op
OverheadActual  18: 512 op, 583.00 ns, 1.1387 ns/op
OverheadActual  19: 512 op, 667.00 ns, 1.3027 ns/op
OverheadActual  20: 512 op, 583.00 ns, 1.1387 ns/op

WorkloadWarmup   1: 512 op, 503117500.00 ns, 982.6514 us/op
WorkloadWarmup   2: 512 op, 540136042.00 ns, 1.0550 ms/op
WorkloadWarmup   3: 512 op, 541807875.00 ns, 1.0582 ms/op

WorkloadActual   1: 512 op, 533910916.00 ns, 1.0428 ms/op
WorkloadActual   2: 512 op, 547592083.00 ns, 1.0695 ms/op
WorkloadActual   3: 512 op, 537865500.00 ns, 1.0505 ms/op

WorkloadResult   1: 512 op, 533910208.00 ns, 1.0428 ms/op
WorkloadResult   2: 512 op, 547591375.00 ns, 1.0695 ms/op
WorkloadResult   3: 512 op, 537864792.00 ns, 1.0505 ms/op
// GC:  0 0 0 1024 512
// Threading:  0 0 512


Mean = 1.054 ms, StdErr = 0.008 ms (0.75%), N = 3, StdDev = 0.014 ms
Min = 1.043 ms, Q1 = 1.047 ms, Median = 1.051 ms, Q3 = 1.060 ms, Max = 1.070 ms
IQR = 0.013 ms, LowerFence = 1.027 ms, UpperFence = 1.080 ms
ConfidenceInterval = [0.803 ms; 1.305 ms] (CI 99.9%), Margin = 0.251 ms (23.80% of Mean)
Skewness = 0.25, Kurtosis = 0.67, MValue = 2

// ** Remained 0 (0,0 %) benchmark(s) to run. Estimated finish 2026-05-25 13:02 (0h 0m from now) **
// ***** BenchmarkRunner: Finish  *****

// * Export *
  BenchmarkDotNet.Artifacts/results/Entitas.Benchmarks.CoreBenchmarks-report.csv
  BenchmarkDotNet.Artifacts/results/Entitas.Benchmarks.CoreBenchmarks-report-github.md
  BenchmarkDotNet.Artifacts/results/Entitas.Benchmarks.CoreBenchmarks-report.html

// * Detailed results *
CoreBenchmarks.ComponentChurnWithGroups: ShortRun(Toolchain=InProcessEmitToolchain, IterationCount=3, LaunchCount=1, WarmupCount=3)
Runtime = ; GC = 
Mean = 826.054 μs, StdErr = 13.214 μs (1.60%), N = 3, StdDev = 22.888 μs
Min = 799.625 μs, Q1 = 819.426 μs, Median = 839.227 μs, Q3 = 839.268 μs, Max = 839.310 μs
IQR = 19.842 μs, LowerFence = 789.662 μs, UpperFence = 869.032 μs
ConfidenceInterval = [408.493 μs; 1,243.614 μs] (CI 99.9%), Margin = 417.561 μs (50.55% of Mean)
Skewness = -0.38, Kurtosis = 0.67, MValue = 2
-------------------- Histogram --------------------
[798.639 μs ; 840.296 μs) | @@@
---------------------------------------------------

CoreBenchmarks.SingleGroupChurn: ShortRun(Toolchain=InProcessEmitToolchain, IterationCount=3, LaunchCount=1, WarmupCount=3)
Runtime = ; GC = 
Mean = 480.681 μs, StdErr = 9.180 μs (1.91%), N = 3, StdDev = 15.900 μs
Min = 464.379 μs, Q1 = 472.948 μs, Median = 481.517 μs, Q3 = 488.831 μs, Max = 496.146 μs
IQR = 15.883 μs, LowerFence = 449.123 μs, UpperFence = 512.656 μs
ConfidenceInterval = [190.609 μs; 770.752 μs] (CI 99.9%), Margin = 290.072 μs (60.35% of Mean)
Skewness = -0.05, Kurtosis = 0.67, MValue = 2
-------------------- Histogram --------------------
[449.910 μs ; 474.362 μs) | @
[474.362 μs ; 503.301 μs) | @@
---------------------------------------------------

CoreBenchmarks.EntityIndexChurn: ShortRun(Toolchain=InProcessEmitToolchain, IterationCount=3, LaunchCount=1, WarmupCount=3)
Runtime = ; GC = 
Mean = 1.054 ms, StdErr = 0.008 ms (0.75%), N = 3, StdDev = 0.014 ms
Min = 1.043 ms, Q1 = 1.047 ms, Median = 1.051 ms, Q3 = 1.060 ms, Max = 1.070 ms
IQR = 0.013 ms, LowerFence = 1.027 ms, UpperFence = 1.080 ms
ConfidenceInterval = [0.803 ms; 1.305 ms] (CI 99.9%), Margin = 0.251 ms (23.80% of Mean)
Skewness = 0.25, Kurtosis = 0.67, MValue = 2
-------------------- Histogram --------------------
[1.034 ms ; 1.059 ms) | @@
[1.059 ms ; 1.082 ms) | @
---------------------------------------------------

// * Summary *

BenchmarkDotNet v0.14.0, macOS Sequoia 15.5 (24F74) [Darwin 24.5.0]
Apple M1 Max, 1 CPU, 10 logical and 10 physical cores
.NET SDK 9.0.303
  [Host] : .NET 8.0.5 (8.0.524.21615), Arm64 RyuJIT AdvSIMD

Job=ShortRun  Toolchain=InProcessEmitToolchain  IterationCount=3  
LaunchCount=1  WarmupCount=3  

| Method                   | Mean       | Error    | StdDev   | Allocated |
|------------------------- |-----------:|---------:|---------:|----------:|
| ComponentChurnWithGroups |   826.1 μs | 417.6 μs | 22.89 μs |       1 B |
| SingleGroupChurn         |   480.7 μs | 290.1 μs | 15.90 μs |       1 B |
| EntityIndexChurn         | 1,054.3 μs | 250.9 μs | 13.75 μs |       2 B |

// * Legends *
  Mean      : Arithmetic mean of all measurements
  Error     : Half of 99.9% confidence interval
  StdDev    : Standard deviation of all measurements
  Allocated : Allocated memory per single operation (managed only, inclusive, 1KB = 1024B)
  1 μs      : 1 Microsecond (0.000001 sec)

// * Diagnostic Output - MemoryDiagnoser *


// ***** BenchmarkRunner: End *****
Run time: 00:00:17 (17.97 sec), executed benchmarks: 3

Global total time: 00:00:18 (18.31 sec), executed benchmarks: 3
// * Artifacts cleanup *
Artifacts cleanup is finished
