// Validating benchmarks:
// ***** BenchmarkRunner: Start   *****
// ***** Found 9 benchmark(s) in total *****
// ***** Building 1 exe(s) in Parallel: Start   *****
// ***** Done, took 00:00:00 (0.03 sec)   *****
// Found 9 benchmarks:
//   CoreBenchmarks.CreateDestroy: ShortRun(Toolchain=InProcessEmitToolchain, IterationCount=3, LaunchCount=1, WarmupCount=3)
//   CoreBenchmarks.CreateDestroyNew: ShortRun(Toolchain=InProcessEmitToolchain, IterationCount=3, LaunchCount=1, WarmupCount=3)
//   CoreBenchmarks.ComponentChurnWithGroups: ShortRun(Toolchain=InProcessEmitToolchain, IterationCount=3, LaunchCount=1, WarmupCount=3)
//   CoreBenchmarks.SingleGroupChurn: ShortRun(Toolchain=InProcessEmitToolchain, IterationCount=3, LaunchCount=1, WarmupCount=3)
//   CoreBenchmarks.MatcherMatches: ShortRun(Toolchain=InProcessEmitToolchain, IterationCount=3, LaunchCount=1, WarmupCount=3)
//   CoreBenchmarks.ComponentRead: ShortRun(Toolchain=InProcessEmitToolchain, IterationCount=3, LaunchCount=1, WarmupCount=3)
//   CoreBenchmarks.UniqueAccessorGetGroup: ShortRun(Toolchain=InProcessEmitToolchain, IterationCount=3, LaunchCount=1, WarmupCount=3)
//   CoreBenchmarks.UniqueAccessorCachedGroup: ShortRun(Toolchain=InProcessEmitToolchain, IterationCount=3, LaunchCount=1, WarmupCount=3)
//   CoreBenchmarks.EntityIndexChurn: ShortRun(Toolchain=InProcessEmitToolchain, IterationCount=3, LaunchCount=1, WarmupCount=3)

// **************************
// Benchmark: CoreBenchmarks.CreateDestroy: ShortRun(Toolchain=InProcessEmitToolchain, IterationCount=3, LaunchCount=1, WarmupCount=3)
// *** Execute ***
// Launch: 1 / 1
// ! Failed to set up priority High for process System.Diagnostics.Process (Entitas.Benchma). Make sure you have the right permissions. Message: Permission denied

// Benchmark Process Environment Information:
// BenchmarkDotNet v0.14.0
// Runtime=.NET 8.0.5 (8.0.524.21615), Arm64 RyuJIT AdvSIMD
// GC=Concurrent Workstation
// HardwareIntrinsics=AdvSIMD,AES,CRC32,DP,RDM,SHA1,SHA256 VectorSize=128
// Job: Job-OMMCCH(Toolchain=InProcessEmitToolchain, IterationCount=3, LaunchCount=1, WarmupCount=3)

OverheadJitting  1: 1 op, 98042.00 ns, 98.0420 us/op
WorkloadJitting  1: 1 op, 9378416.00 ns, 9.3784 ms/op

OverheadJitting  2: 16 op, 146542.00 ns, 9.1589 us/op
WorkloadJitting  2: 16 op, 122872334.00 ns, 7.6795 ms/op

WorkloadPilot    1: 16 op, 118485542.00 ns, 7.4053 ms/op
WorkloadPilot    2: 32 op, 307525667.00 ns, 9.6102 ms/op
WorkloadPilot    3: 64 op, 371059541.00 ns, 5.7978 ms/op
WorkloadPilot    4: 128 op, 691833625.00 ns, 5.4050 ms/op

OverheadWarmup   1: 128 op, 3583.00 ns, 27.9922 ns/op
OverheadWarmup   2: 128 op, 750.00 ns, 5.8594 ns/op
OverheadWarmup   3: 128 op, 875.00 ns, 6.8359 ns/op
OverheadWarmup   4: 128 op, 917.00 ns, 7.1641 ns/op
OverheadWarmup   5: 128 op, 1375.00 ns, 10.7422 ns/op
OverheadWarmup   6: 128 op, 708.00 ns, 5.5313 ns/op
OverheadWarmup   7: 128 op, 416.00 ns, 3.2500 ns/op
OverheadWarmup   8: 128 op, 584.00 ns, 4.5625 ns/op
OverheadWarmup   9: 128 op, 1084.00 ns, 8.4688 ns/op
OverheadWarmup  10: 128 op, 875.00 ns, 6.8359 ns/op

OverheadActual   1: 128 op, 1166.00 ns, 9.1094 ns/op
OverheadActual   2: 128 op, 917.00 ns, 7.1641 ns/op
OverheadActual   3: 128 op, 958.00 ns, 7.4844 ns/op
OverheadActual   4: 128 op, 500.00 ns, 3.9063 ns/op
OverheadActual   5: 128 op, 375.00 ns, 2.9297 ns/op
OverheadActual   6: 128 op, 375.00 ns, 2.9297 ns/op
OverheadActual   7: 128 op, 458.00 ns, 3.5781 ns/op
OverheadActual   8: 128 op, 1333.00 ns, 10.4141 ns/op
OverheadActual   9: 128 op, 541.00 ns, 4.2266 ns/op
OverheadActual  10: 128 op, 1042.00 ns, 8.1406 ns/op
OverheadActual  11: 128 op, 834.00 ns, 6.5156 ns/op
OverheadActual  12: 128 op, 1125.00 ns, 8.7891 ns/op
OverheadActual  13: 128 op, 292.00 ns, 2.2813 ns/op
OverheadActual  14: 128 op, 1125.00 ns, 8.7891 ns/op
OverheadActual  15: 128 op, 792.00 ns, 6.1875 ns/op
OverheadActual  16: 128 op, 1125.00 ns, 8.7891 ns/op
OverheadActual  17: 128 op, 2292.00 ns, 17.9063 ns/op
OverheadActual  18: 128 op, 1542.00 ns, 12.0469 ns/op
OverheadActual  19: 128 op, 292.00 ns, 2.2813 ns/op
OverheadActual  20: 128 op, 1375.00 ns, 10.7422 ns/op

WorkloadWarmup   1: 128 op, 679378417.00 ns, 5.3076 ms/op
WorkloadWarmup   2: 128 op, 666266917.00 ns, 5.2052 ms/op
WorkloadWarmup   3: 128 op, 677025709.00 ns, 5.2893 ms/op

WorkloadActual   1: 128 op, 672616166.00 ns, 5.2548 ms/op
WorkloadActual   2: 128 op, 682764792.00 ns, 5.3341 ms/op
WorkloadActual   3: 128 op, 671077750.00 ns, 5.2428 ms/op

WorkloadResult   1: 128 op, 672615228.50 ns, 5.2548 ms/op
WorkloadResult   2: 128 op, 682763854.50 ns, 5.3341 ms/op
WorkloadResult   3: 128 op, 671076812.50 ns, 5.2428 ms/op
// GC:  113 66 44 678737984 128
// Threading:  0 0 128


Mean = 5.277 ms, StdErr = 0.029 ms (0.54%), N = 3, StdDev = 0.050 ms
Min = 5.243 ms, Q1 = 5.249 ms, Median = 5.255 ms, Q3 = 5.294 ms, Max = 5.334 ms
IQR = 0.046 ms, LowerFence = 5.180 ms, UpperFence = 5.363 ms
ConfidenceInterval = [4.372 ms; 6.182 ms] (CI 99.9%), Margin = 0.905 ms (17.15% of Mean)
Skewness = 0.36, Kurtosis = 0.67, MValue = 2

// ** Remained 8 (88,9 %) benchmark(s) to run. Estimated finish 2026-05-25 15:06 (0h 0m from now) **
// **************************
// Benchmark: CoreBenchmarks.CreateDestroyNew: ShortRun(Toolchain=InProcessEmitToolchain, IterationCount=3, LaunchCount=1, WarmupCount=3)
// *** Execute ***
// Launch: 1 / 1
// ! Failed to set up priority High for process System.Diagnostics.Process (Entitas.Benchma). Make sure you have the right permissions. Message: Permission denied

// Benchmark Process Environment Information:
// BenchmarkDotNet v0.14.0
// Runtime=.NET 8.0.5 (8.0.524.21615), Arm64 RyuJIT AdvSIMD
// GC=Concurrent Workstation
// HardwareIntrinsics=AdvSIMD,AES,CRC32,DP,RDM,SHA1,SHA256 VectorSize=128
// Job: Job-OMMCCH(Toolchain=InProcessEmitToolchain, IterationCount=3, LaunchCount=1, WarmupCount=3)

OverheadJitting  1: 1 op, 360334.00 ns, 360.3340 us/op
WorkloadJitting  1: 1 op, 2482875.00 ns, 2.4829 ms/op

OverheadJitting  2: 16 op, 227292.00 ns, 14.2058 us/op
WorkloadJitting  2: 16 op, 85410500.00 ns, 5.3382 ms/op

WorkloadPilot    1: 16 op, 85474417.00 ns, 5.3422 ms/op
WorkloadPilot    2: 32 op, 175574042.00 ns, 5.4867 ms/op
WorkloadPilot    3: 64 op, 322505625.00 ns, 5.0392 ms/op
WorkloadPilot    4: 128 op, 661346500.00 ns, 5.1668 ms/op

OverheadWarmup   1: 128 op, 3917.00 ns, 30.6016 ns/op
OverheadWarmup   2: 128 op, 1417.00 ns, 11.0703 ns/op
OverheadWarmup   3: 128 op, 1167.00 ns, 9.1172 ns/op
OverheadWarmup   4: 128 op, 1791.00 ns, 13.9922 ns/op
OverheadWarmup   5: 128 op, 1333.00 ns, 10.4141 ns/op
OverheadWarmup   6: 128 op, 1500.00 ns, 11.7188 ns/op
OverheadWarmup   7: 128 op, 792.00 ns, 6.1875 ns/op

OverheadActual   1: 128 op, 959.00 ns, 7.4922 ns/op
OverheadActual   2: 128 op, 917.00 ns, 7.1641 ns/op
OverheadActual   3: 128 op, 1500.00 ns, 11.7188 ns/op
OverheadActual   4: 128 op, 1292.00 ns, 10.0938 ns/op
OverheadActual   5: 128 op, 791.00 ns, 6.1797 ns/op
OverheadActual   6: 128 op, 1750.00 ns, 13.6719 ns/op
OverheadActual   7: 128 op, 1375.00 ns, 10.7422 ns/op
OverheadActual   8: 128 op, 2417.00 ns, 18.8828 ns/op
OverheadActual   9: 128 op, 1250.00 ns, 9.7656 ns/op
OverheadActual  10: 128 op, 1458.00 ns, 11.3906 ns/op
OverheadActual  11: 128 op, 542.00 ns, 4.2344 ns/op
OverheadActual  12: 128 op, 1500.00 ns, 11.7188 ns/op
OverheadActual  13: 128 op, 750.00 ns, 5.8594 ns/op
OverheadActual  14: 128 op, 1000.00 ns, 7.8125 ns/op
OverheadActual  15: 128 op, 625.00 ns, 4.8828 ns/op
OverheadActual  16: 128 op, 1000.00 ns, 7.8125 ns/op
OverheadActual  17: 128 op, 708.00 ns, 5.5313 ns/op
OverheadActual  18: 128 op, 875.00 ns, 6.8359 ns/op
OverheadActual  19: 128 op, 1375.00 ns, 10.7422 ns/op
OverheadActual  20: 128 op, 1209.00 ns, 9.4453 ns/op

WorkloadWarmup   1: 128 op, 657485667.00 ns, 5.1366 ms/op
WorkloadWarmup   2: 128 op, 676719125.00 ns, 5.2869 ms/op
WorkloadWarmup   3: 128 op, 662240583.00 ns, 5.1738 ms/op

WorkloadActual   1: 128 op, 664843584.00 ns, 5.1941 ms/op
WorkloadActual   2: 128 op, 668185625.00 ns, 5.2202 ms/op
WorkloadActual   3: 128 op, 673643833.00 ns, 5.2628 ms/op

WorkloadResult   1: 128 op, 664842479.50 ns, 5.1941 ms/op
WorkloadResult   2: 128 op, 668184520.50 ns, 5.2202 ms/op
WorkloadResult   3: 128 op, 673642728.50 ns, 5.2628 ms/op
// GC:  115 71 47 678696000 128
// Threading:  0 0 128


Mean = 5.226 ms, StdErr = 0.020 ms (0.38%), N = 3, StdDev = 0.035 ms
Min = 5.194 ms, Q1 = 5.207 ms, Median = 5.220 ms, Q3 = 5.242 ms, Max = 5.263 ms
IQR = 0.034 ms, LowerFence = 5.156 ms, UpperFence = 5.293 ms
ConfidenceInterval = [4.593 ms; 5.859 ms] (CI 99.9%), Margin = 0.633 ms (12.12% of Mean)
Skewness = 0.15, Kurtosis = 0.67, MValue = 2

// ** Remained 7 (77,8 %) benchmark(s) to run. Estimated finish 2026-05-25 15:06 (0h 0m from now) **
// **************************
// Benchmark: CoreBenchmarks.ComponentChurnWithGroups: ShortRun(Toolchain=InProcessEmitToolchain, IterationCount=3, LaunchCount=1, WarmupCount=3)
// *** Execute ***
// Launch: 1 / 1
// ! Failed to set up priority High for process System.Diagnostics.Process (Entitas.Benchma). Make sure you have the right permissions. Message: Permission denied

// Benchmark Process Environment Information:
// BenchmarkDotNet v0.14.0
// Runtime=.NET 8.0.5 (8.0.524.21615), Arm64 RyuJIT AdvSIMD
// GC=Concurrent Workstation
// HardwareIntrinsics=AdvSIMD,AES,CRC32,DP,RDM,SHA1,SHA256 VectorSize=128
// Job: Job-OMMCCH(Toolchain=InProcessEmitToolchain, IterationCount=3, LaunchCount=1, WarmupCount=3)

OverheadJitting  1: 1 op, 300042.00 ns, 300.0420 us/op
WorkloadJitting  1: 1 op, 3592292.00 ns, 3.5923 ms/op

OverheadJitting  2: 16 op, 238459.00 ns, 14.9037 us/op
WorkloadJitting  2: 16 op, 27949291.00 ns, 1.7468 ms/op

WorkloadPilot    1: 16 op, 26062959.00 ns, 1.6289 ms/op
WorkloadPilot    2: 32 op, 54268708.00 ns, 1.6959 ms/op
WorkloadPilot    3: 64 op, 103154833.00 ns, 1.6118 ms/op
WorkloadPilot    4: 128 op, 118755250.00 ns, 927.7754 us/op
WorkloadPilot    5: 256 op, 237379375.00 ns, 927.2632 us/op
WorkloadPilot    6: 512 op, 479301333.00 ns, 936.1354 us/op
WorkloadPilot    7: 1024 op, 967309375.00 ns, 944.6381 us/op

OverheadWarmup   1: 1024 op, 3167.00 ns, 3.0928 ns/op
OverheadWarmup   2: 1024 op, 1625.00 ns, 1.5869 ns/op
OverheadWarmup   3: 1024 op, 1792.00 ns, 1.7500 ns/op
OverheadWarmup   4: 1024 op, 1667.00 ns, 1.6279 ns/op
OverheadWarmup   5: 1024 op, 1500.00 ns, 1.4648 ns/op
OverheadWarmup   6: 1024 op, 1833.00 ns, 1.7900 ns/op
OverheadWarmup   7: 1024 op, 1625.00 ns, 1.5869 ns/op

OverheadActual   1: 1024 op, 1583.00 ns, 1.5459 ns/op
OverheadActual   2: 1024 op, 1708.00 ns, 1.6680 ns/op
OverheadActual   3: 1024 op, 1667.00 ns, 1.6279 ns/op
OverheadActual   4: 1024 op, 1750.00 ns, 1.7090 ns/op
OverheadActual   5: 1024 op, 1500.00 ns, 1.4648 ns/op
OverheadActual   6: 1024 op, 1708.00 ns, 1.6680 ns/op
OverheadActual   7: 1024 op, 1709.00 ns, 1.6689 ns/op
OverheadActual   8: 1024 op, 1833.00 ns, 1.7900 ns/op
OverheadActual   9: 1024 op, 1667.00 ns, 1.6279 ns/op
OverheadActual  10: 1024 op, 1375.00 ns, 1.3428 ns/op
OverheadActual  11: 1024 op, 1708.00 ns, 1.6680 ns/op
OverheadActual  12: 1024 op, 1667.00 ns, 1.6279 ns/op
OverheadActual  13: 1024 op, 1625.00 ns, 1.5869 ns/op
OverheadActual  14: 1024 op, 1750.00 ns, 1.7090 ns/op
OverheadActual  15: 1024 op, 1583.00 ns, 1.5459 ns/op
OverheadActual  16: 1024 op, 1709.00 ns, 1.6689 ns/op
OverheadActual  17: 1024 op, 1875.00 ns, 1.8311 ns/op
OverheadActual  18: 1024 op, 2042.00 ns, 1.9941 ns/op
OverheadActual  19: 1024 op, 1834.00 ns, 1.7910 ns/op
OverheadActual  20: 1024 op, 1750.00 ns, 1.7090 ns/op

WorkloadWarmup   1: 1024 op, 973409417.00 ns, 950.5951 us/op
WorkloadWarmup   2: 1024 op, 974227708.00 ns, 951.3942 us/op
WorkloadWarmup   3: 1024 op, 978330833.00 ns, 955.4012 us/op

WorkloadActual   1: 1024 op, 996231833.00 ns, 972.8826 us/op
WorkloadActual   2: 1024 op, 1003198959.00 ns, 979.6865 us/op
WorkloadActual   3: 1024 op, 1008655667.00 ns, 985.0153 us/op

WorkloadResult   1: 1024 op, 996230125.00 ns, 972.8810 us/op
WorkloadResult   2: 1024 op, 1003197251.00 ns, 979.6848 us/op
WorkloadResult   3: 1024 op, 1008653959.00 ns, 985.0136 us/op
// GC:  0 0 0 1024 1024
// Threading:  0 0 1024


Mean = 979.193 μs, StdErr = 3.511 μs (0.36%), N = 3, StdDev = 6.081 μs
Min = 972.881 μs, Q1 = 976.283 μs, Median = 979.685 μs, Q3 = 982.349 μs, Max = 985.014 μs
IQR = 6.066 μs, LowerFence = 967.183 μs, UpperFence = 991.449 μs
ConfidenceInterval = [868.248 μs; 1,090.138 μs] (CI 99.9%), Margin = 110.945 μs (11.33% of Mean)
Skewness = -0.08, Kurtosis = 0.67, MValue = 2

// ** Remained 6 (66,7 %) benchmark(s) to run. Estimated finish 2026-05-25 15:06 (0h 0m from now) **
// **************************
// Benchmark: CoreBenchmarks.SingleGroupChurn: ShortRun(Toolchain=InProcessEmitToolchain, IterationCount=3, LaunchCount=1, WarmupCount=3)
// *** Execute ***
// Launch: 1 / 1
// ! Failed to set up priority High for process System.Diagnostics.Process (Entitas.Benchma). Make sure you have the right permissions. Message: Permission denied

// Benchmark Process Environment Information:
// BenchmarkDotNet v0.14.0
// Runtime=.NET 8.0.5 (8.0.524.21615), Arm64 RyuJIT AdvSIMD
// GC=Concurrent Workstation
// HardwareIntrinsics=AdvSIMD,AES,CRC32,DP,RDM,SHA1,SHA256 VectorSize=128
// Job: Job-OMMCCH(Toolchain=InProcessEmitToolchain, IterationCount=3, LaunchCount=1, WarmupCount=3)

OverheadJitting  1: 1 op, 220958.00 ns, 220.9580 us/op
WorkloadJitting  1: 1 op, 1544250.00 ns, 1.5443 ms/op

OverheadJitting  2: 16 op, 234166.00 ns, 14.6354 us/op
WorkloadJitting  2: 16 op, 9109375.00 ns, 569.3359 us/op

WorkloadPilot    1: 16 op, 9065042.00 ns, 566.5651 us/op
WorkloadPilot    2: 32 op, 18202250.00 ns, 568.8203 us/op
WorkloadPilot    3: 64 op, 36306958.00 ns, 567.2962 us/op
WorkloadPilot    4: 128 op, 71443959.00 ns, 558.1559 us/op
WorkloadPilot    5: 256 op, 142508208.00 ns, 556.6727 us/op
WorkloadPilot    6: 512 op, 288763667.00 ns, 563.9915 us/op
WorkloadPilot    7: 1024 op, 565423917.00 ns, 552.1718 us/op

OverheadWarmup   1: 1024 op, 3958.00 ns, 3.8652 ns/op
OverheadWarmup   2: 1024 op, 2041.00 ns, 1.9932 ns/op
OverheadWarmup   3: 1024 op, 2083.00 ns, 2.0342 ns/op
OverheadWarmup   4: 1024 op, 2042.00 ns, 1.9941 ns/op
OverheadWarmup   5: 1024 op, 2166.00 ns, 2.1152 ns/op
OverheadWarmup   6: 1024 op, 1959.00 ns, 1.9131 ns/op

OverheadActual   1: 1024 op, 2000.00 ns, 1.9531 ns/op
OverheadActual   2: 1024 op, 2042.00 ns, 1.9941 ns/op
OverheadActual   3: 1024 op, 2250.00 ns, 2.1973 ns/op
OverheadActual   4: 1024 op, 2334.00 ns, 2.2793 ns/op
OverheadActual   5: 1024 op, 2083.00 ns, 2.0342 ns/op
OverheadActual   6: 1024 op, 2209.00 ns, 2.1572 ns/op
OverheadActual   7: 1024 op, 3459.00 ns, 3.3779 ns/op
OverheadActual   8: 1024 op, 2208.00 ns, 2.1563 ns/op
OverheadActual   9: 1024 op, 2375.00 ns, 2.3193 ns/op
OverheadActual  10: 1024 op, 2000.00 ns, 1.9531 ns/op
OverheadActual  11: 1024 op, 2000.00 ns, 1.9531 ns/op
OverheadActual  12: 1024 op, 2125.00 ns, 2.0752 ns/op
OverheadActual  13: 1024 op, 3708.00 ns, 3.6211 ns/op
OverheadActual  14: 1024 op, 2208.00 ns, 2.1563 ns/op
OverheadActual  15: 1024 op, 2125.00 ns, 2.0752 ns/op
OverheadActual  16: 1024 op, 1875.00 ns, 1.8311 ns/op
OverheadActual  17: 1024 op, 2167.00 ns, 2.1162 ns/op
OverheadActual  18: 1024 op, 2000.00 ns, 1.9531 ns/op
OverheadActual  19: 1024 op, 2000.00 ns, 1.9531 ns/op
OverheadActual  20: 1024 op, 2125.00 ns, 2.0752 ns/op

WorkloadWarmup   1: 1024 op, 566941166.00 ns, 553.6535 us/op
WorkloadWarmup   2: 1024 op, 590604084.00 ns, 576.7618 us/op
WorkloadWarmup   3: 1024 op, 571189875.00 ns, 557.8026 us/op

WorkloadActual   1: 1024 op, 595208000.00 ns, 581.2578 us/op
WorkloadActual   2: 1024 op, 573044458.00 ns, 559.6137 us/op
WorkloadActual   3: 1024 op, 567173917.00 ns, 553.8808 us/op

WorkloadResult   1: 1024 op, 595205875.00 ns, 581.2557 us/op
WorkloadResult   2: 1024 op, 573042333.00 ns, 559.6117 us/op
WorkloadResult   3: 1024 op, 567171792.00 ns, 553.8787 us/op
// GC:  0 0 0 1024 1024
// Threading:  0 0 1024


Mean = 564.915 μs, StdErr = 8.336 μs (1.48%), N = 3, StdDev = 14.439 μs
Min = 553.879 μs, Q1 = 556.745 μs, Median = 559.612 μs, Q3 = 570.434 μs, Max = 581.256 μs
IQR = 13.689 μs, LowerFence = 536.212 μs, UpperFence = 590.966 μs
ConfidenceInterval = [301.502 μs; 828.329 μs] (CI 99.9%), Margin = 263.413 μs (46.63% of Mean)
Skewness = 0.32, Kurtosis = 0.67, MValue = 2

// ** Remained 5 (55,6 %) benchmark(s) to run. Estimated finish 2026-05-25 15:06 (0h 0m from now) **
// **************************
// Benchmark: CoreBenchmarks.MatcherMatches: ShortRun(Toolchain=InProcessEmitToolchain, IterationCount=3, LaunchCount=1, WarmupCount=3)
// *** Execute ***
// Launch: 1 / 1
// ! Failed to set up priority High for process System.Diagnostics.Process (Entitas.Benchma). Make sure you have the right permissions. Message: Permission denied

// Benchmark Process Environment Information:
// BenchmarkDotNet v0.14.0
// Runtime=.NET 8.0.5 (8.0.524.21615), Arm64 RyuJIT AdvSIMD
// GC=Concurrent Workstation
// HardwareIntrinsics=AdvSIMD,AES,CRC32,DP,RDM,SHA1,SHA256 VectorSize=128
// Job: Job-OMMCCH(Toolchain=InProcessEmitToolchain, IterationCount=3, LaunchCount=1, WarmupCount=3)

OverheadJitting  1: 1 op, 261042.00 ns, 261.0420 us/op
WorkloadJitting  1: 1 op, 1415667.00 ns, 1.4157 ms/op

OverheadJitting  2: 16 op, 398792.00 ns, 24.9245 us/op
WorkloadJitting  2: 16 op, 1714542.00 ns, 107.1589 us/op

WorkloadPilot    1: 16 op, 1330625.00 ns, 83.1641 us/op
WorkloadPilot    2: 32 op, 2135709.00 ns, 66.7409 us/op
WorkloadPilot    3: 64 op, 4534291.00 ns, 70.8483 us/op
WorkloadPilot    4: 128 op, 8724250.00 ns, 68.1582 us/op
WorkloadPilot    5: 256 op, 16945125.00 ns, 66.1919 us/op
WorkloadPilot    6: 512 op, 33832166.00 ns, 66.0784 us/op
WorkloadPilot    7: 1024 op, 68060875.00 ns, 66.4657 us/op
WorkloadPilot    8: 2048 op, 101747958.00 ns, 49.6816 us/op
WorkloadPilot    9: 4096 op, 195767083.00 ns, 47.7947 us/op
WorkloadPilot   10: 8192 op, 390662750.00 ns, 47.6883 us/op
WorkloadPilot   11: 16384 op, 784831875.00 ns, 47.9023 us/op

OverheadWarmup   1: 16384 op, 22375.00 ns, 1.3657 ns/op
OverheadWarmup   2: 16384 op, 35917.00 ns, 2.1922 ns/op
OverheadWarmup   3: 16384 op, 19708.00 ns, 1.2029 ns/op
OverheadWarmup   4: 16384 op, 18875.00 ns, 1.1520 ns/op
OverheadWarmup   5: 16384 op, 20125.00 ns, 1.2283 ns/op
OverheadWarmup   6: 16384 op, 19000.00 ns, 1.1597 ns/op

OverheadActual   1: 16384 op, 27875.00 ns, 1.7014 ns/op
OverheadActual   2: 16384 op, 19750.00 ns, 1.2054 ns/op
OverheadActual   3: 16384 op, 19584.00 ns, 1.1953 ns/op
OverheadActual   4: 16384 op, 19750.00 ns, 1.2054 ns/op
OverheadActual   5: 16384 op, 19416.00 ns, 1.1851 ns/op
OverheadActual   6: 16384 op, 18834.00 ns, 1.1495 ns/op
OverheadActual   7: 16384 op, 19375.00 ns, 1.1826 ns/op
OverheadActual   8: 16384 op, 19667.00 ns, 1.2004 ns/op
OverheadActual   9: 16384 op, 19833.00 ns, 1.2105 ns/op
OverheadActual  10: 16384 op, 19583.00 ns, 1.1953 ns/op
OverheadActual  11: 16384 op, 19000.00 ns, 1.1597 ns/op
OverheadActual  12: 16384 op, 53250.00 ns, 3.2501 ns/op
OverheadActual  13: 16384 op, 19791.00 ns, 1.2079 ns/op
OverheadActual  14: 16384 op, 19500.00 ns, 1.1902 ns/op
OverheadActual  15: 16384 op, 19709.00 ns, 1.2029 ns/op

WorkloadWarmup   1: 16384 op, 785156125.00 ns, 47.9221 us/op
WorkloadWarmup   2: 16384 op, 784301708.00 ns, 47.8700 us/op
WorkloadWarmup   3: 16384 op, 772976583.00 ns, 47.1787 us/op

WorkloadActual   1: 16384 op, 787332417.00 ns, 48.0550 us/op
WorkloadActual   2: 16384 op, 776721583.00 ns, 47.4073 us/op
WorkloadActual   3: 16384 op, 787258208.00 ns, 48.0504 us/op

WorkloadResult   1: 16384 op, 787312750.00 ns, 48.0538 us/op
WorkloadResult   2: 16384 op, 776701916.00 ns, 47.4061 us/op
WorkloadResult   3: 16384 op, 787238541.00 ns, 48.0492 us/op
// GC:  0 0 0 1024 16384
// Threading:  0 0 16384


Mean = 47.836 μs, StdErr = 0.215 μs (0.45%), N = 3, StdDev = 0.373 μs
Min = 47.406 μs, Q1 = 47.728 μs, Median = 48.049 μs, Q3 = 48.051 μs, Max = 48.054 μs
IQR = 0.324 μs, LowerFence = 47.242 μs, UpperFence = 48.537 μs
ConfidenceInterval = [41.039 μs; 54.634 μs] (CI 99.9%), Margin = 6.798 μs (14.21% of Mean)
Skewness = -0.38, Kurtosis = 0.67, MValue = 2

// ** Remained 4 (44,4 %) benchmark(s) to run. Estimated finish 2026-05-25 15:06 (0h 0m from now) **
// **************************
// Benchmark: CoreBenchmarks.ComponentRead: ShortRun(Toolchain=InProcessEmitToolchain, IterationCount=3, LaunchCount=1, WarmupCount=3)
// *** Execute ***
// Launch: 1 / 1
// ! Failed to set up priority High for process System.Diagnostics.Process (Entitas.Benchma). Make sure you have the right permissions. Message: Permission denied

// Benchmark Process Environment Information:
// BenchmarkDotNet v0.14.0
// Runtime=.NET 8.0.5 (8.0.524.21615), Arm64 RyuJIT AdvSIMD
// GC=Concurrent Workstation
// HardwareIntrinsics=AdvSIMD,AES,CRC32,DP,RDM,SHA1,SHA256 VectorSize=128
// Job: Job-OMMCCH(Toolchain=InProcessEmitToolchain, IterationCount=3, LaunchCount=1, WarmupCount=3)

OverheadJitting  1: 1 op, 271667.00 ns, 271.6670 us/op
WorkloadJitting  1: 1 op, 729625.00 ns, 729.6250 us/op

OverheadJitting  2: 16 op, 391458.00 ns, 24.4661 us/op
WorkloadJitting  2: 16 op, 1176708.00 ns, 73.5443 us/op

WorkloadPilot    1: 16 op, 702875.00 ns, 43.9297 us/op
WorkloadPilot    2: 32 op, 1362042.00 ns, 42.5638 us/op
WorkloadPilot    3: 64 op, 3118500.00 ns, 48.7266 us/op
WorkloadPilot    4: 128 op, 6760208.00 ns, 52.8141 us/op
WorkloadPilot    5: 256 op, 11935708.00 ns, 46.6239 us/op
WorkloadPilot    6: 512 op, 23693583.00 ns, 46.2765 us/op
WorkloadPilot    7: 1024 op, 44803458.00 ns, 43.7534 us/op
WorkloadPilot    8: 2048 op, 85482000.00 ns, 41.7393 us/op
WorkloadPilot    9: 4096 op, 146375000.00 ns, 35.7361 us/op
WorkloadPilot   10: 8192 op, 300088167.00 ns, 36.6319 us/op
WorkloadPilot   11: 16384 op, 601316500.00 ns, 36.7014 us/op

OverheadWarmup   1: 16384 op, 22875.00 ns, 1.3962 ns/op
OverheadWarmup   2: 16384 op, 19750.00 ns, 1.2054 ns/op
OverheadWarmup   3: 16384 op, 19709.00 ns, 1.2029 ns/op
OverheadWarmup   4: 16384 op, 27375.00 ns, 1.6708 ns/op
OverheadWarmup   5: 16384 op, 19625.00 ns, 1.1978 ns/op
OverheadWarmup   6: 16384 op, 20708.00 ns, 1.2639 ns/op
OverheadWarmup   7: 16384 op, 36791.00 ns, 2.2455 ns/op
OverheadWarmup   8: 16384 op, 20625.00 ns, 1.2589 ns/op

OverheadActual   1: 16384 op, 19833.00 ns, 1.2105 ns/op
OverheadActual   2: 16384 op, 20417.00 ns, 1.2462 ns/op
OverheadActual   3: 16384 op, 20458.00 ns, 1.2487 ns/op
OverheadActual   4: 16384 op, 20750.00 ns, 1.2665 ns/op
OverheadActual   5: 16384 op, 20917.00 ns, 1.2767 ns/op
OverheadActual   6: 16384 op, 20542.00 ns, 1.2538 ns/op
OverheadActual   7: 16384 op, 20333.00 ns, 1.2410 ns/op
OverheadActual   8: 16384 op, 20416.00 ns, 1.2461 ns/op
OverheadActual   9: 16384 op, 20375.00 ns, 1.2436 ns/op
OverheadActual  10: 16384 op, 19750.00 ns, 1.2054 ns/op
OverheadActual  11: 16384 op, 20583.00 ns, 1.2563 ns/op
OverheadActual  12: 16384 op, 21083.00 ns, 1.2868 ns/op
OverheadActual  13: 16384 op, 20583.00 ns, 1.2563 ns/op
OverheadActual  14: 16384 op, 20708.00 ns, 1.2639 ns/op
OverheadActual  15: 16384 op, 25541.00 ns, 1.5589 ns/op

WorkloadWarmup   1: 16384 op, 595334792.00 ns, 36.3364 us/op
WorkloadWarmup   2: 16384 op, 586145792.00 ns, 35.7755 us/op
WorkloadWarmup   3: 16384 op, 598458000.00 ns, 36.5270 us/op

WorkloadActual   1: 16384 op, 593263959.00 ns, 36.2100 us/op
WorkloadActual   2: 16384 op, 593144125.00 ns, 36.2026 us/op
WorkloadActual   3: 16384 op, 601137875.00 ns, 36.6905 us/op

WorkloadResult   1: 16384 op, 593243417.00 ns, 36.2087 us/op
WorkloadResult   2: 16384 op, 593123583.00 ns, 36.2014 us/op
WorkloadResult   3: 16384 op, 601117333.00 ns, 36.6893 us/op
// GC:  0 0 0 1024 16384
// Threading:  0 0 16384


Mean = 36.366 μs, StdErr = 0.161 μs (0.44%), N = 3, StdDev = 0.280 μs
Min = 36.201 μs, Q1 = 36.205 μs, Median = 36.209 μs, Q3 = 36.449 μs, Max = 36.689 μs
IQR = 0.244 μs, LowerFence = 35.839 μs, UpperFence = 36.815 μs
ConfidenceInterval = [31.265 μs; 41.467 μs] (CI 99.9%), Margin = 5.101 μs (14.03% of Mean)
Skewness = 0.38, Kurtosis = 0.67, MValue = 2

// ** Remained 3 (33,3 %) benchmark(s) to run. Estimated finish 2026-05-25 15:06 (0h 0m from now) **
// **************************
// Benchmark: CoreBenchmarks.UniqueAccessorGetGroup: ShortRun(Toolchain=InProcessEmitToolchain, IterationCount=3, LaunchCount=1, WarmupCount=3)
// *** Execute ***
// Launch: 1 / 1
// ! Failed to set up priority High for process System.Diagnostics.Process (Entitas.Benchma). Make sure you have the right permissions. Message: Permission denied

// Benchmark Process Environment Information:
// BenchmarkDotNet v0.14.0
// Runtime=.NET 8.0.5 (8.0.524.21615), Arm64 RyuJIT AdvSIMD
// GC=Concurrent Workstation
// HardwareIntrinsics=AdvSIMD,AES,CRC32,DP,RDM,SHA1,SHA256 VectorSize=128
// Job: Job-OMMCCH(Toolchain=InProcessEmitToolchain, IterationCount=3, LaunchCount=1, WarmupCount=3)

OverheadJitting  1: 1 op, 199292.00 ns, 199.2920 us/op
WorkloadJitting  1: 1 op, 2458875.00 ns, 2.4589 ms/op

OverheadJitting  2: 16 op, 347250.00 ns, 21.7031 us/op
WorkloadJitting  2: 16 op, 10048583.00 ns, 628.0364 us/op

WorkloadPilot    1: 16 op, 8250833.00 ns, 515.6771 us/op
WorkloadPilot    2: 32 op, 16597250.00 ns, 518.6641 us/op
WorkloadPilot    3: 64 op, 33076125.00 ns, 516.8145 us/op
WorkloadPilot    4: 128 op, 66018292.00 ns, 515.7679 us/op
WorkloadPilot    5: 256 op, 106117666.00 ns, 414.5221 us/op
WorkloadPilot    6: 512 op, 86144834.00 ns, 168.2516 us/op
WorkloadPilot    7: 1024 op, 172072500.00 ns, 168.0396 us/op
WorkloadPilot    8: 2048 op, 343357125.00 ns, 167.6548 us/op
WorkloadPilot    9: 4096 op, 700331375.00 ns, 170.9793 us/op

OverheadWarmup   1: 4096 op, 19667.00 ns, 4.8015 ns/op
OverheadWarmup   2: 4096 op, 5041.00 ns, 1.2307 ns/op
OverheadWarmup   3: 4096 op, 5166.00 ns, 1.2612 ns/op
OverheadWarmup   4: 4096 op, 4834.00 ns, 1.1802 ns/op
OverheadWarmup   5: 4096 op, 19375.00 ns, 4.7302 ns/op
OverheadWarmup   6: 4096 op, 5084.00 ns, 1.2412 ns/op

OverheadActual   1: 4096 op, 5875.00 ns, 1.4343 ns/op
OverheadActual   2: 4096 op, 5000.00 ns, 1.2207 ns/op
OverheadActual   3: 4096 op, 5333.00 ns, 1.3020 ns/op
OverheadActual   4: 4096 op, 5084.00 ns, 1.2412 ns/op
OverheadActual   5: 4096 op, 5083.00 ns, 1.2410 ns/op
OverheadActual   6: 4096 op, 5333.00 ns, 1.3020 ns/op
OverheadActual   7: 4096 op, 5125.00 ns, 1.2512 ns/op
OverheadActual   8: 4096 op, 5125.00 ns, 1.2512 ns/op
OverheadActual   9: 4096 op, 4958.00 ns, 1.2104 ns/op
OverheadActual  10: 4096 op, 5125.00 ns, 1.2512 ns/op
OverheadActual  11: 4096 op, 5083.00 ns, 1.2410 ns/op
OverheadActual  12: 4096 op, 4791.00 ns, 1.1697 ns/op
OverheadActual  13: 4096 op, 5417.00 ns, 1.3225 ns/op
OverheadActual  14: 4096 op, 5250.00 ns, 1.2817 ns/op
OverheadActual  15: 4096 op, 5167.00 ns, 1.2615 ns/op

WorkloadWarmup   1: 4096 op, 714382292.00 ns, 174.4097 us/op
WorkloadWarmup   2: 4096 op, 713456792.00 ns, 174.1838 us/op
WorkloadWarmup   3: 4096 op, 705097708.00 ns, 172.1430 us/op

WorkloadActual   1: 4096 op, 696801958.00 ns, 170.1177 us/op
WorkloadActual   2: 4096 op, 692402791.00 ns, 169.0437 us/op
WorkloadActual   3: 4096 op, 693620833.00 ns, 169.3410 us/op

WorkloadResult   1: 4096 op, 696796833.00 ns, 170.1164 us/op
WorkloadResult   2: 4096 op, 692397666.00 ns, 169.0424 us/op
WorkloadResult   3: 4096 op, 693615708.00 ns, 169.3398 us/op
// GC:  0 0 0 1024 4096
// Threading:  0 0 4096


Mean = 169.500 μs, StdErr = 0.320 μs (0.19%), N = 3, StdDev = 0.555 μs
Min = 169.042 μs, Q1 = 169.191 μs, Median = 169.340 μs, Q3 = 169.728 μs, Max = 170.116 μs
IQR = 0.537 μs, LowerFence = 168.386 μs, UpperFence = 170.534 μs
ConfidenceInterval = [159.383 μs; 179.616 μs] (CI 99.9%), Margin = 10.117 μs (5.97% of Mean)
Skewness = 0.26, Kurtosis = 0.67, MValue = 2

// ** Remained 2 (22,2 %) benchmark(s) to run. Estimated finish 2026-05-25 15:06 (0h 0m from now) **
// **************************
// Benchmark: CoreBenchmarks.UniqueAccessorCachedGroup: ShortRun(Toolchain=InProcessEmitToolchain, IterationCount=3, LaunchCount=1, WarmupCount=3)
// *** Execute ***
// Launch: 1 / 1
// ! Failed to set up priority High for process System.Diagnostics.Process (Entitas.Benchma). Make sure you have the right permissions. Message: Permission denied

// Benchmark Process Environment Information:
// BenchmarkDotNet v0.14.0
// Runtime=.NET 8.0.5 (8.0.524.21615), Arm64 RyuJIT AdvSIMD
// GC=Concurrent Workstation
// HardwareIntrinsics=AdvSIMD,AES,CRC32,DP,RDM,SHA1,SHA256 VectorSize=128
// Job: Job-OMMCCH(Toolchain=InProcessEmitToolchain, IterationCount=3, LaunchCount=1, WarmupCount=3)

OverheadJitting  1: 1 op, 161584.00 ns, 161.5840 us/op
WorkloadJitting  1: 1 op, 467667.00 ns, 467.6670 us/op

OverheadJitting  2: 16 op, 336042.00 ns, 21.0026 us/op
WorkloadJitting  2: 16 op, 1172209.00 ns, 73.2631 us/op

WorkloadPilot    1: 16 op, 719250.00 ns, 44.9531 us/op
WorkloadPilot    2: 32 op, 1426750.00 ns, 44.5859 us/op
WorkloadPilot    3: 64 op, 3140375.00 ns, 49.0684 us/op
WorkloadPilot    4: 128 op, 5485000.00 ns, 42.8516 us/op
WorkloadPilot    5: 256 op, 10193625.00 ns, 39.8188 us/op
WorkloadPilot    6: 512 op, 21870000.00 ns, 42.7148 us/op
WorkloadPilot    7: 1024 op, 44749708.00 ns, 43.7009 us/op
WorkloadPilot    8: 2048 op, 50312125.00 ns, 24.5665 us/op
WorkloadPilot    9: 4096 op, 94424708.00 ns, 23.0529 us/op
WorkloadPilot   10: 8192 op, 191083125.00 ns, 23.3256 us/op
WorkloadPilot   11: 16384 op, 363409541.00 ns, 22.1808 us/op
WorkloadPilot   12: 32768 op, 743449708.00 ns, 22.6883 us/op

OverheadWarmup   1: 32768 op, 40209.00 ns, 1.2271 ns/op
OverheadWarmup   2: 32768 op, 38375.00 ns, 1.1711 ns/op
OverheadWarmup   3: 32768 op, 38417.00 ns, 1.1724 ns/op
OverheadWarmup   4: 32768 op, 38250.00 ns, 1.1673 ns/op
OverheadWarmup   5: 32768 op, 38417.00 ns, 1.1724 ns/op
OverheadWarmup   6: 32768 op, 38333.00 ns, 1.1698 ns/op

OverheadActual   1: 32768 op, 38167.00 ns, 1.1648 ns/op
OverheadActual   2: 32768 op, 38334.00 ns, 1.1699 ns/op
OverheadActual   3: 32768 op, 38292.00 ns, 1.1686 ns/op
OverheadActual   4: 32768 op, 137959.00 ns, 4.2102 ns/op
OverheadActual   5: 32768 op, 38250.00 ns, 1.1673 ns/op
OverheadActual   6: 32768 op, 38875.00 ns, 1.1864 ns/op
OverheadActual   7: 32768 op, 38125.00 ns, 1.1635 ns/op
OverheadActual   8: 32768 op, 38209.00 ns, 1.1660 ns/op
OverheadActual   9: 32768 op, 38167.00 ns, 1.1648 ns/op
OverheadActual  10: 32768 op, 38333.00 ns, 1.1698 ns/op
OverheadActual  11: 32768 op, 38417.00 ns, 1.1724 ns/op
OverheadActual  12: 32768 op, 38334.00 ns, 1.1699 ns/op
OverheadActual  13: 32768 op, 38334.00 ns, 1.1699 ns/op
OverheadActual  14: 32768 op, 37916.00 ns, 1.1571 ns/op
OverheadActual  15: 32768 op, 38083.00 ns, 1.1622 ns/op

WorkloadWarmup   1: 32768 op, 743814166.00 ns, 22.6994 us/op
WorkloadWarmup   2: 32768 op, 737617542.00 ns, 22.5103 us/op
WorkloadWarmup   3: 32768 op, 743072875.00 ns, 22.6768 us/op

WorkloadActual   1: 32768 op, 741587792.00 ns, 22.6315 us/op
WorkloadActual   2: 32768 op, 741997375.00 ns, 22.6440 us/op
WorkloadActual   3: 32768 op, 739359125.00 ns, 22.5634 us/op

WorkloadResult   1: 32768 op, 741549500.00 ns, 22.6303 us/op
WorkloadResult   2: 32768 op, 741959083.00 ns, 22.6428 us/op
WorkloadResult   3: 32768 op, 739320833.00 ns, 22.5623 us/op
// GC:  0 0 0 1024 32768
// Threading:  0 0 32768


Mean = 22.612 μs, StdErr = 0.025 μs (0.11%), N = 3, StdDev = 0.043 μs
Min = 22.562 μs, Q1 = 22.596 μs, Median = 22.630 μs, Q3 = 22.637 μs, Max = 22.643 μs
IQR = 0.040 μs, LowerFence = 22.536 μs, UpperFence = 22.697 μs
ConfidenceInterval = [21.821 μs; 23.402 μs] (CI 99.9%), Margin = 0.790 μs (3.50% of Mean)
Skewness = -0.35, Kurtosis = 0.67, MValue = 2

// ** Remained 1 (11,1 %) benchmark(s) to run. Estimated finish 2026-05-25 15:06 (0h 0m from now) **
// **************************
// Benchmark: CoreBenchmarks.EntityIndexChurn: ShortRun(Toolchain=InProcessEmitToolchain, IterationCount=3, LaunchCount=1, WarmupCount=3)
// *** Execute ***
// Launch: 1 / 1
// ! Failed to set up priority High for process System.Diagnostics.Process (Entitas.Benchma). Make sure you have the right permissions. Message: Permission denied

// Benchmark Process Environment Information:
// BenchmarkDotNet v0.14.0
// Runtime=.NET 8.0.5 (8.0.524.21615), Arm64 RyuJIT AdvSIMD
// GC=Concurrent Workstation
// HardwareIntrinsics=AdvSIMD,AES,CRC32,DP,RDM,SHA1,SHA256 VectorSize=128
// Job: Job-OMMCCH(Toolchain=InProcessEmitToolchain, IterationCount=3, LaunchCount=1, WarmupCount=3)

OverheadJitting  1: 1 op, 163750.00 ns, 163.7500 us/op
WorkloadJitting  1: 1 op, 3692834.00 ns, 3.6928 ms/op

OverheadJitting  2: 16 op, 235958.00 ns, 14.7474 us/op
WorkloadJitting  2: 16 op, 40870375.00 ns, 2.5544 ms/op

WorkloadPilot    1: 16 op, 40799208.00 ns, 2.5500 ms/op
WorkloadPilot    2: 32 op, 86088750.00 ns, 2.6903 ms/op
WorkloadPilot    3: 64 op, 146369125.00 ns, 2.2870 ms/op
WorkloadPilot    4: 128 op, 160062208.00 ns, 1.2505 ms/op
WorkloadPilot    5: 256 op, 309001042.00 ns, 1.2070 ms/op
WorkloadPilot    6: 512 op, 610533667.00 ns, 1.1924 ms/op

OverheadWarmup   1: 512 op, 4000.00 ns, 7.8125 ns/op
OverheadWarmup   2: 512 op, 1458.00 ns, 2.8477 ns/op
OverheadWarmup   3: 512 op, 1333.00 ns, 2.6035 ns/op
OverheadWarmup   4: 512 op, 1209.00 ns, 2.3613 ns/op
OverheadWarmup   5: 512 op, 1208.00 ns, 2.3594 ns/op
OverheadWarmup   6: 512 op, 1000.00 ns, 1.9531 ns/op
OverheadWarmup   7: 512 op, 1208.00 ns, 2.3594 ns/op
OverheadWarmup   8: 512 op, 1125.00 ns, 2.1973 ns/op
OverheadWarmup   9: 512 op, 1291.00 ns, 2.5215 ns/op
OverheadWarmup  10: 512 op, 1250.00 ns, 2.4414 ns/op

OverheadActual   1: 512 op, 1167.00 ns, 2.2793 ns/op
OverheadActual   2: 512 op, 917.00 ns, 1.7910 ns/op
OverheadActual   3: 512 op, 1292.00 ns, 2.5234 ns/op
OverheadActual   4: 512 op, 1375.00 ns, 2.6855 ns/op
OverheadActual   5: 512 op, 1417.00 ns, 2.7676 ns/op
OverheadActual   6: 512 op, 1000.00 ns, 1.9531 ns/op
OverheadActual   7: 512 op, 2417.00 ns, 4.7207 ns/op
OverheadActual   8: 512 op, 1292.00 ns, 2.5234 ns/op
OverheadActual   9: 512 op, 1250.00 ns, 2.4414 ns/op
OverheadActual  10: 512 op, 1125.00 ns, 2.1973 ns/op
OverheadActual  11: 512 op, 1208.00 ns, 2.3594 ns/op
OverheadActual  12: 512 op, 1417.00 ns, 2.7676 ns/op
OverheadActual  13: 512 op, 1125.00 ns, 2.1973 ns/op
OverheadActual  14: 512 op, 1042.00 ns, 2.0352 ns/op
OverheadActual  15: 512 op, 1334.00 ns, 2.6055 ns/op
OverheadActual  16: 512 op, 1083.00 ns, 2.1152 ns/op
OverheadActual  17: 512 op, 1042.00 ns, 2.0352 ns/op
OverheadActual  18: 512 op, 1084.00 ns, 2.1172 ns/op
OverheadActual  19: 512 op, 1250.00 ns, 2.4414 ns/op
OverheadActual  20: 512 op, 1333.00 ns, 2.6035 ns/op

WorkloadWarmup   1: 512 op, 610336916.00 ns, 1.1921 ms/op
WorkloadWarmup   2: 512 op, 611894458.00 ns, 1.1951 ms/op
WorkloadWarmup   3: 512 op, 621595041.00 ns, 1.2141 ms/op

WorkloadActual   1: 512 op, 613678542.00 ns, 1.1986 ms/op
WorkloadActual   2: 512 op, 617335042.00 ns, 1.2057 ms/op
WorkloadActual   3: 512 op, 617694125.00 ns, 1.2064 ms/op

WorkloadResult   1: 512 op, 613677313.00 ns, 1.1986 ms/op
WorkloadResult   2: 512 op, 617333813.00 ns, 1.2057 ms/op
WorkloadResult   3: 512 op, 617692896.00 ns, 1.2064 ms/op
// GC:  0 0 0 1024 512
// Threading:  0 0 512


Mean = 1.204 ms, StdErr = 0.003 ms (0.21%), N = 3, StdDev = 0.004 ms
Min = 1.199 ms, Q1 = 1.202 ms, Median = 1.206 ms, Q3 = 1.206 ms, Max = 1.206 ms
IQR = 0.004 ms, LowerFence = 1.196 ms, UpperFence = 1.212 ms
ConfidenceInterval = [1.124 ms; 1.283 ms] (CI 99.9%), Margin = 0.079 ms (6.58% of Mean)
Skewness = -0.37, Kurtosis = 0.67, MValue = 2

// ** Remained 0 (0,0 %) benchmark(s) to run. Estimated finish 2026-05-25 15:06 (0h 0m from now) **
// ***** BenchmarkRunner: Finish  *****

// * Export *
  BenchmarkDotNet.Artifacts/results/Entitas.Benchmarks.CoreBenchmarks-report.csv
  BenchmarkDotNet.Artifacts/results/Entitas.Benchmarks.CoreBenchmarks-report-github.md
  BenchmarkDotNet.Artifacts/results/Entitas.Benchmarks.CoreBenchmarks-report.html

// * Detailed results *
CoreBenchmarks.CreateDestroy: ShortRun(Toolchain=InProcessEmitToolchain, IterationCount=3, LaunchCount=1, WarmupCount=3)
Runtime = ; GC = 
Mean = 5.277 ms, StdErr = 0.029 ms (0.54%), N = 3, StdDev = 0.050 ms
Min = 5.243 ms, Q1 = 5.249 ms, Median = 5.255 ms, Q3 = 5.294 ms, Max = 5.334 ms
IQR = 0.046 ms, LowerFence = 5.180 ms, UpperFence = 5.363 ms
ConfidenceInterval = [4.372 ms; 6.182 ms] (CI 99.9%), Margin = 0.905 ms (17.15% of Mean)
Skewness = 0.36, Kurtosis = 0.67, MValue = 2
-------------------- Histogram --------------------
[5.198 ms ; 5.379 ms) | @@@
---------------------------------------------------

CoreBenchmarks.CreateDestroyNew: ShortRun(Toolchain=InProcessEmitToolchain, IterationCount=3, LaunchCount=1, WarmupCount=3)
Runtime = ; GC = 
Mean = 5.226 ms, StdErr = 0.020 ms (0.38%), N = 3, StdDev = 0.035 ms
Min = 5.194 ms, Q1 = 5.207 ms, Median = 5.220 ms, Q3 = 5.242 ms, Max = 5.263 ms
IQR = 0.034 ms, LowerFence = 5.156 ms, UpperFence = 5.293 ms
ConfidenceInterval = [4.593 ms; 5.859 ms] (CI 99.9%), Margin = 0.633 ms (12.12% of Mean)
Skewness = 0.15, Kurtosis = 0.67, MValue = 2
-------------------- Histogram --------------------
[5.162 ms ; 5.294 ms) | @@@
---------------------------------------------------

CoreBenchmarks.ComponentChurnWithGroups: ShortRun(Toolchain=InProcessEmitToolchain, IterationCount=3, LaunchCount=1, WarmupCount=3)
Runtime = ; GC = 
Mean = 979.193 μs, StdErr = 3.511 μs (0.36%), N = 3, StdDev = 6.081 μs
Min = 972.881 μs, Q1 = 976.283 μs, Median = 979.685 μs, Q3 = 982.349 μs, Max = 985.014 μs
IQR = 6.066 μs, LowerFence = 967.183 μs, UpperFence = 991.449 μs
ConfidenceInterval = [868.248 μs; 1,090.138 μs] (CI 99.9%), Margin = 110.945 μs (11.33% of Mean)
Skewness = -0.08, Kurtosis = 0.67, MValue = 2
-------------------- Histogram --------------------
[972.526 μs ; 990.548 μs) | @@@
---------------------------------------------------

CoreBenchmarks.SingleGroupChurn: ShortRun(Toolchain=InProcessEmitToolchain, IterationCount=3, LaunchCount=1, WarmupCount=3)
Runtime = ; GC = 
Mean = 564.915 μs, StdErr = 8.336 μs (1.48%), N = 3, StdDev = 14.439 μs
Min = 553.879 μs, Q1 = 556.745 μs, Median = 559.612 μs, Q3 = 570.434 μs, Max = 581.256 μs
IQR = 13.689 μs, LowerFence = 536.212 μs, UpperFence = 590.966 μs
ConfidenceInterval = [301.502 μs; 828.329 μs] (CI 99.9%), Margin = 263.413 μs (46.63% of Mean)
Skewness = 0.32, Kurtosis = 0.67, MValue = 2
-------------------- Histogram --------------------
[543.606 μs ; 569.885 μs) | @@
[569.885 μs ; 594.395 μs) | @
---------------------------------------------------

CoreBenchmarks.MatcherMatches: ShortRun(Toolchain=InProcessEmitToolchain, IterationCount=3, LaunchCount=1, WarmupCount=3)
Runtime = ; GC = 
Mean = 47.836 μs, StdErr = 0.215 μs (0.45%), N = 3, StdDev = 0.373 μs
Min = 47.406 μs, Q1 = 47.728 μs, Median = 48.049 μs, Q3 = 48.051 μs, Max = 48.054 μs
IQR = 0.324 μs, LowerFence = 47.242 μs, UpperFence = 48.537 μs
ConfidenceInterval = [41.039 μs; 54.634 μs] (CI 99.9%), Margin = 6.798 μs (14.21% of Mean)
Skewness = -0.38, Kurtosis = 0.67, MValue = 2
-------------------- Histogram --------------------
[47.391 μs ; 48.069 μs) | @@@
---------------------------------------------------

CoreBenchmarks.ComponentRead: ShortRun(Toolchain=InProcessEmitToolchain, IterationCount=3, LaunchCount=1, WarmupCount=3)
Runtime = ; GC = 
Mean = 36.366 μs, StdErr = 0.161 μs (0.44%), N = 3, StdDev = 0.280 μs
Min = 36.201 μs, Q1 = 36.205 μs, Median = 36.209 μs, Q3 = 36.449 μs, Max = 36.689 μs
IQR = 0.244 μs, LowerFence = 35.839 μs, UpperFence = 36.815 μs
ConfidenceInterval = [31.265 μs; 41.467 μs] (CI 99.9%), Margin = 5.101 μs (14.03% of Mean)
Skewness = 0.38, Kurtosis = 0.67, MValue = 2
-------------------- Histogram --------------------
[36.191 μs ; 36.700 μs) | @@@
---------------------------------------------------

CoreBenchmarks.UniqueAccessorGetGroup: ShortRun(Toolchain=InProcessEmitToolchain, IterationCount=3, LaunchCount=1, WarmupCount=3)
Runtime = ; GC = 
Mean = 169.500 μs, StdErr = 0.320 μs (0.19%), N = 3, StdDev = 0.555 μs
Min = 169.042 μs, Q1 = 169.191 μs, Median = 169.340 μs, Q3 = 169.728 μs, Max = 170.116 μs
IQR = 0.537 μs, LowerFence = 168.386 μs, UpperFence = 170.534 μs
ConfidenceInterval = [159.383 μs; 179.616 μs] (CI 99.9%), Margin = 10.117 μs (5.97% of Mean)
Skewness = 0.26, Kurtosis = 0.67, MValue = 2
-------------------- Histogram --------------------
[168.538 μs ; 170.621 μs) | @@@
---------------------------------------------------

CoreBenchmarks.UniqueAccessorCachedGroup: ShortRun(Toolchain=InProcessEmitToolchain, IterationCount=3, LaunchCount=1, WarmupCount=3)
Runtime = ; GC = 
Mean = 22.612 μs, StdErr = 0.025 μs (0.11%), N = 3, StdDev = 0.043 μs
Min = 22.562 μs, Q1 = 22.596 μs, Median = 22.630 μs, Q3 = 22.637 μs, Max = 22.643 μs
IQR = 0.040 μs, LowerFence = 22.536 μs, UpperFence = 22.697 μs
ConfidenceInterval = [21.821 μs; 23.402 μs] (CI 99.9%), Margin = 0.790 μs (3.50% of Mean)
Skewness = -0.35, Kurtosis = 0.67, MValue = 2
-------------------- Histogram --------------------
[22.523 μs ; 22.682 μs) | @@@
---------------------------------------------------

CoreBenchmarks.EntityIndexChurn: ShortRun(Toolchain=InProcessEmitToolchain, IterationCount=3, LaunchCount=1, WarmupCount=3)
Runtime = ; GC = 
Mean = 1.204 ms, StdErr = 0.003 ms (0.21%), N = 3, StdDev = 0.004 ms
Min = 1.199 ms, Q1 = 1.202 ms, Median = 1.206 ms, Q3 = 1.206 ms, Max = 1.206 ms
IQR = 0.004 ms, LowerFence = 1.196 ms, UpperFence = 1.212 ms
ConfidenceInterval = [1.124 ms; 1.283 ms] (CI 99.9%), Margin = 0.079 ms (6.58% of Mean)
Skewness = -0.37, Kurtosis = 0.67, MValue = 2
-------------------- Histogram --------------------
[1.199 ms ; 1.206 ms) | @@@
---------------------------------------------------

// * Summary *

BenchmarkDotNet v0.14.0, macOS Sequoia 15.5 (24F74) [Darwin 24.5.0]
Apple M1 Max, 1 CPU, 10 logical and 10 physical cores
.NET SDK 9.0.303
  [Host] : .NET 8.0.5 (8.0.524.21615), Arm64 RyuJIT AdvSIMD

Job=ShortRun  Toolchain=InProcessEmitToolchain  IterationCount=3  
LaunchCount=1  WarmupCount=3  

| Method                    | Mean        | Error      | StdDev    | Gen0     | Gen1     | Gen2     | Allocated |
|-------------------------- |------------:|-----------:|----------:|---------:|---------:|---------:|----------:|
| CreateDestroy             | 5,277.23 μs | 905.085 μs | 49.611 μs | 882.8125 | 515.6250 | 343.7500 | 5302640 B |
| CreateDestroyNew          | 5,225.70 μs | 633.161 μs | 34.706 μs | 898.4375 | 554.6875 | 367.1875 | 5302312 B |
| ComponentChurnWithGroups  |   979.19 μs | 110.945 μs |  6.081 μs |        - |        - |        - |       1 B |
| SingleGroupChurn          |   564.92 μs | 263.413 μs | 14.439 μs |        - |        - |        - |       1 B |
| MatcherMatches            |    47.84 μs |   6.798 μs |  0.373 μs |        - |        - |        - |         - |
| ComponentRead             |    36.37 μs |   5.101 μs |  0.280 μs |        - |        - |        - |         - |
| UniqueAccessorGetGroup    |   169.50 μs |  10.117 μs |  0.555 μs |        - |        - |        - |         - |
| UniqueAccessorCachedGroup |    22.61 μs |   0.790 μs |  0.043 μs |        - |        - |        - |         - |
| EntityIndexChurn          | 1,203.58 μs |  79.175 μs |  4.340 μs |        - |        - |        - |       2 B |

// * Legends *
  Mean      : Arithmetic mean of all measurements
  Error     : Half of 99.9% confidence interval
  StdDev    : Standard deviation of all measurements
  Gen0      : GC Generation 0 collects per 1000 operations
  Gen1      : GC Generation 1 collects per 1000 operations
  Gen2      : GC Generation 2 collects per 1000 operations
  Allocated : Allocated memory per single operation (managed only, inclusive, 1KB = 1024B)
  1 μs      : 1 Microsecond (0.000001 sec)

// * Diagnostic Output - MemoryDiagnoser *


// ***** BenchmarkRunner: End *****
Run time: 00:00:59 (59.68 sec), executed benchmarks: 9

Global total time: 00:01:00 (60.1 sec), executed benchmarks: 9
// * Artifacts cleanup *
Artifacts cleanup is finished
