// Validating benchmarks:
// ***** BenchmarkRunner: Start   *****
// ***** Found 2 benchmark(s) in total *****
// ***** Building 1 exe(s) in Parallel: Start   *****
// ***** Done, took 00:00:00 (0.02 sec)   *****
// Found 2 benchmarks:
//   CoreBenchmarks.CreateDestroy: ShortRun(Toolchain=InProcessEmitToolchain, IterationCount=3, LaunchCount=1, WarmupCount=3)
//   CoreBenchmarks.CreateDestroyNew: ShortRun(Toolchain=InProcessEmitToolchain, IterationCount=3, LaunchCount=1, WarmupCount=3)

// **************************
// Benchmark: CoreBenchmarks.CreateDestroy: ShortRun(Toolchain=InProcessEmitToolchain, IterationCount=3, LaunchCount=1, WarmupCount=3)
// *** Execute ***
// Launch: 1 / 1
// ! Failed to set up priority High for process System.Diagnostics.Process (Entitas.Benchma). Make sure you have the right permissions. Message: Permission denied

// Benchmark Process Environment Information:
// BenchmarkDotNet v0.14.0
// Runtime=.NET 8.0.5 (8.0.524.21615), Arm64 RyuJIT AdvSIMD
// GC=Concurrent Workstation
// HardwareIntrinsics=AdvSIMD,AES,CRC32,DP,RDM,SHA1,SHA256 VectorSize=128
// Job: Job-VMEAHI(Toolchain=InProcessEmitToolchain, IterationCount=3, LaunchCount=1, WarmupCount=3)

OverheadJitting  1: 1 op, 89458.00 ns, 89.4580 us/op
WorkloadJitting  1: 1 op, 7833917.00 ns, 7.8339 ms/op

OverheadJitting  2: 16 op, 131708.00 ns, 8.2318 us/op
WorkloadJitting  2: 16 op, 106156125.00 ns, 6.6348 ms/op

WorkloadPilot    1: 16 op, 107306584.00 ns, 6.7067 ms/op
WorkloadPilot    2: 32 op, 203790125.00 ns, 6.3684 ms/op
WorkloadPilot    3: 64 op, 394981083.00 ns, 6.1716 ms/op
WorkloadPilot    4: 128 op, 545852167.00 ns, 4.2645 ms/op

OverheadWarmup   1: 128 op, 1041.00 ns, 8.1328 ns/op
OverheadWarmup   2: 128 op, 208.00 ns, 1.6250 ns/op
OverheadWarmup   3: 128 op, 583.00 ns, 4.5547 ns/op
OverheadWarmup   4: 128 op, 333.00 ns, 2.6016 ns/op
OverheadWarmup   5: 128 op, 250.00 ns, 1.9531 ns/op
OverheadWarmup   6: 128 op, 250.00 ns, 1.9531 ns/op
OverheadWarmup   7: 128 op, 250.00 ns, 1.9531 ns/op

OverheadActual   1: 128 op, 292.00 ns, 2.2813 ns/op
OverheadActual   2: 128 op, 375.00 ns, 2.9297 ns/op
OverheadActual   3: 128 op, 500.00 ns, 3.9063 ns/op
OverheadActual   4: 128 op, 209.00 ns, 1.6328 ns/op
OverheadActual   5: 128 op, 500.00 ns, 3.9063 ns/op
OverheadActual   6: 128 op, 250.00 ns, 1.9531 ns/op
OverheadActual   7: 128 op, 458.00 ns, 3.5781 ns/op
OverheadActual   8: 128 op, 250.00 ns, 1.9531 ns/op
OverheadActual   9: 128 op, 167.00 ns, 1.3047 ns/op
OverheadActual  10: 128 op, 208.00 ns, 1.6250 ns/op
OverheadActual  11: 128 op, 417.00 ns, 3.2578 ns/op
OverheadActual  12: 128 op, 167.00 ns, 1.3047 ns/op
OverheadActual  13: 128 op, 208.00 ns, 1.6250 ns/op
OverheadActual  14: 128 op, 166.00 ns, 1.2969 ns/op
OverheadActual  15: 128 op, 291.00 ns, 2.2734 ns/op
OverheadActual  16: 128 op, 417.00 ns, 3.2578 ns/op
OverheadActual  17: 128 op, 166.00 ns, 1.2969 ns/op
OverheadActual  18: 128 op, 791.00 ns, 6.1797 ns/op
OverheadActual  19: 128 op, 542.00 ns, 4.2344 ns/op
OverheadActual  20: 128 op, 250.00 ns, 1.9531 ns/op

WorkloadWarmup   1: 128 op, 538044792.00 ns, 4.2035 ms/op
WorkloadWarmup   2: 128 op, 540714166.00 ns, 4.2243 ms/op
WorkloadWarmup   3: 128 op, 536404542.00 ns, 4.1907 ms/op

WorkloadActual   1: 128 op, 530719625.00 ns, 4.1462 ms/op
WorkloadActual   2: 128 op, 529336416.00 ns, 4.1354 ms/op
WorkloadActual   3: 128 op, 531179792.00 ns, 4.1498 ms/op

WorkloadResult   1: 128 op, 530719354.50 ns, 4.1462 ms/op
WorkloadResult   2: 128 op, 529336145.50 ns, 4.1354 ms/op
WorkloadResult   3: 128 op, 531179521.50 ns, 4.1498 ms/op
// GC:  104 78 52 596855696 128
// Threading:  0 0 128


Mean = 4.144 ms, StdErr = 0.004 ms (0.10%), N = 3, StdDev = 0.007 ms
Min = 4.135 ms, Q1 = 4.141 ms, Median = 4.146 ms, Q3 = 4.148 ms, Max = 4.150 ms
IQR = 0.007 ms, LowerFence = 4.130 ms, UpperFence = 4.159 ms
ConfidenceInterval = [4.007 ms; 4.281 ms] (CI 99.9%), Margin = 0.137 ms (3.30% of Mean)
Skewness = -0.29, Kurtosis = 0.67, MValue = 2

// ** Remained 1 (50,0 %) benchmark(s) to run. Estimated finish 2026-05-25 10:31 (0h 0m from now) **
// **************************
// Benchmark: CoreBenchmarks.CreateDestroyNew: ShortRun(Toolchain=InProcessEmitToolchain, IterationCount=3, LaunchCount=1, WarmupCount=3)
// *** Execute ***
// Launch: 1 / 1
// ! Failed to set up priority High for process System.Diagnostics.Process (Entitas.Benchma). Make sure you have the right permissions. Message: Permission denied

// Benchmark Process Environment Information:
// BenchmarkDotNet v0.14.0
// Runtime=.NET 8.0.5 (8.0.524.21615), Arm64 RyuJIT AdvSIMD
// GC=Concurrent Workstation
// HardwareIntrinsics=AdvSIMD,AES,CRC32,DP,RDM,SHA1,SHA256 VectorSize=128
// Job: Job-VMEAHI(Toolchain=InProcessEmitToolchain, IterationCount=3, LaunchCount=1, WarmupCount=3)

OverheadJitting  1: 1 op, 73792.00 ns, 73.7920 us/op
WorkloadJitting  1: 1 op, 1991750.00 ns, 1.9918 ms/op

OverheadJitting  2: 16 op, 114792.00 ns, 7.1745 us/op
WorkloadJitting  2: 16 op, 63260083.00 ns, 3.9538 ms/op

WorkloadPilot    1: 16 op, 62201792.00 ns, 3.8876 ms/op
WorkloadPilot    2: 32 op, 128867458.00 ns, 4.0271 ms/op
WorkloadPilot    3: 64 op, 267117667.00 ns, 4.1737 ms/op
WorkloadPilot    4: 128 op, 512318917.00 ns, 4.0025 ms/op

OverheadWarmup   1: 128 op, 3000.00 ns, 23.4375 ns/op
OverheadWarmup   2: 128 op, 417.00 ns, 3.2578 ns/op
OverheadWarmup   3: 128 op, 875.00 ns, 6.8359 ns/op
OverheadWarmup   4: 128 op, 584.00 ns, 4.5625 ns/op
OverheadWarmup   5: 128 op, 333.00 ns, 2.6016 ns/op
OverheadWarmup   6: 128 op, 333.00 ns, 2.6016 ns/op
OverheadWarmup   7: 128 op, 291.00 ns, 2.2734 ns/op

OverheadActual   1: 128 op, 334.00 ns, 2.6094 ns/op
OverheadActual   2: 128 op, 166.00 ns, 1.2969 ns/op
OverheadActual   3: 128 op, 333.00 ns, 2.6016 ns/op
OverheadActual   4: 128 op, 292.00 ns, 2.2813 ns/op
OverheadActual   5: 128 op, 333.00 ns, 2.6016 ns/op
OverheadActual   6: 128 op, 334.00 ns, 2.6094 ns/op
OverheadActual   7: 128 op, 333.00 ns, 2.6016 ns/op
OverheadActual   8: 128 op, 750.00 ns, 5.8594 ns/op
OverheadActual   9: 128 op, 375.00 ns, 2.9297 ns/op
OverheadActual  10: 128 op, 417.00 ns, 3.2578 ns/op
OverheadActual  11: 128 op, 375.00 ns, 2.9297 ns/op
OverheadActual  12: 128 op, 291.00 ns, 2.2734 ns/op
OverheadActual  13: 128 op, 708.00 ns, 5.5313 ns/op
OverheadActual  14: 128 op, 292.00 ns, 2.2813 ns/op
OverheadActual  15: 128 op, 333.00 ns, 2.6016 ns/op
OverheadActual  16: 128 op, 250.00 ns, 1.9531 ns/op
OverheadActual  17: 128 op, 417.00 ns, 3.2578 ns/op
OverheadActual  18: 128 op, 625.00 ns, 4.8828 ns/op
OverheadActual  19: 128 op, 500.00 ns, 3.9063 ns/op
OverheadActual  20: 128 op, 375.00 ns, 2.9297 ns/op

WorkloadWarmup   1: 128 op, 524581833.00 ns, 4.0983 ms/op
WorkloadWarmup   2: 128 op, 524256000.00 ns, 4.0958 ms/op
WorkloadWarmup   3: 128 op, 527093125.00 ns, 4.1179 ms/op

WorkloadActual   1: 128 op, 539212667.00 ns, 4.2126 ms/op
WorkloadActual   2: 128 op, 527728375.00 ns, 4.1229 ms/op
WorkloadActual   3: 128 op, 521114625.00 ns, 4.0712 ms/op

WorkloadResult   1: 128 op, 539212333.00 ns, 4.2126 ms/op
WorkloadResult   2: 128 op, 527728041.00 ns, 4.1229 ms/op
WorkloadResult   3: 128 op, 521114291.00 ns, 4.0712 ms/op
// GC:  104 78 52 596812016 128
// Threading:  0 0 128


Mean = 4.136 ms, StdErr = 0.041 ms (1.00%), N = 3, StdDev = 0.072 ms
Min = 4.071 ms, Q1 = 4.097 ms, Median = 4.123 ms, Q3 = 4.168 ms, Max = 4.213 ms
IQR = 0.071 ms, LowerFence = 3.991 ms, UpperFence = 4.274 ms
ConfidenceInterval = [2.830 ms; 5.441 ms] (CI 99.9%), Margin = 1.305 ms (31.56% of Mean)
Skewness = 0.17, Kurtosis = 0.67, MValue = 2

// ** Remained 0 (0,0 %) benchmark(s) to run. Estimated finish 2026-05-25 10:31 (0h 0m from now) **
// ***** BenchmarkRunner: Finish  *****

// * Export *
  BenchmarkDotNet.Artifacts/results/Entitas.Benchmarks.CoreBenchmarks-report.csv
  BenchmarkDotNet.Artifacts/results/Entitas.Benchmarks.CoreBenchmarks-report-github.md
  BenchmarkDotNet.Artifacts/results/Entitas.Benchmarks.CoreBenchmarks-report.html

// * Detailed results *
CoreBenchmarks.CreateDestroy: ShortRun(Toolchain=InProcessEmitToolchain, IterationCount=3, LaunchCount=1, WarmupCount=3)
Runtime = ; GC = 
Mean = 4.144 ms, StdErr = 0.004 ms (0.10%), N = 3, StdDev = 0.007 ms
Min = 4.135 ms, Q1 = 4.141 ms, Median = 4.146 ms, Q3 = 4.148 ms, Max = 4.150 ms
IQR = 0.007 ms, LowerFence = 4.130 ms, UpperFence = 4.159 ms
ConfidenceInterval = [4.007 ms; 4.281 ms] (CI 99.9%), Margin = 0.137 ms (3.30% of Mean)
Skewness = -0.29, Kurtosis = 0.67, MValue = 2
-------------------- Histogram --------------------
[4.129 ms ; 4.157 ms) | @@@
---------------------------------------------------

CoreBenchmarks.CreateDestroyNew: ShortRun(Toolchain=InProcessEmitToolchain, IterationCount=3, LaunchCount=1, WarmupCount=3)
Runtime = ; GC = 
Mean = 4.136 ms, StdErr = 0.041 ms (1.00%), N = 3, StdDev = 0.072 ms
Min = 4.071 ms, Q1 = 4.097 ms, Median = 4.123 ms, Q3 = 4.168 ms, Max = 4.213 ms
IQR = 0.071 ms, LowerFence = 3.991 ms, UpperFence = 4.274 ms
ConfidenceInterval = [2.830 ms; 5.441 ms] (CI 99.9%), Margin = 1.305 ms (31.56% of Mean)
Skewness = 0.17, Kurtosis = 0.67, MValue = 2
-------------------- Histogram --------------------
[4.032 ms ; 4.162 ms) | @@
[4.162 ms ; 4.278 ms) | @
---------------------------------------------------

// * Summary *

BenchmarkDotNet v0.14.0, macOS Sequoia 15.5 (24F74) [Darwin 24.5.0]
Apple M1 Max, 1 CPU, 10 logical and 10 physical cores
.NET SDK 9.0.303
  [Host] : .NET 8.0.5 (8.0.524.21615), Arm64 RyuJIT AdvSIMD

Job=ShortRun  Toolchain=InProcessEmitToolchain  IterationCount=3  
LaunchCount=1  WarmupCount=3  

| Method           | Mean     | Error     | StdDev    | Gen0     | Gen1     | Gen2     | Allocated |
|----------------- |---------:|----------:|----------:|---------:|---------:|---------:|----------:|
| CreateDestroy    | 4.144 ms | 0.1367 ms | 0.0075 ms | 812.5000 | 609.3750 | 406.2500 |   4.45 MB |
| CreateDestroyNew | 4.136 ms | 1.3052 ms | 0.0715 ms | 812.5000 | 609.3750 | 406.2500 |   4.45 MB |

// * Legends *
  Mean      : Arithmetic mean of all measurements
  Error     : Half of 99.9% confidence interval
  StdDev    : Standard deviation of all measurements
  Gen0      : GC Generation 0 collects per 1000 operations
  Gen1      : GC Generation 1 collects per 1000 operations
  Gen2      : GC Generation 2 collects per 1000 operations
  Allocated : Allocated memory per single operation (managed only, inclusive, 1KB = 1024B)
  1 ms      : 1 Millisecond (0.001 sec)

// * Diagnostic Output - MemoryDiagnoser *


// ***** BenchmarkRunner: End *****
Run time: 00:00:10 (10.05 sec), executed benchmarks: 2

Global total time: 00:00:10 (10.42 sec), executed benchmarks: 2
// * Artifacts cleanup *
Artifacts cleanup is finished
