// Validating benchmarks:
// ***** BenchmarkRunner: Start   *****
// ***** Found 1 benchmark(s) in total *****
// ***** Building 1 exe(s) in Parallel: Start   *****
// ***** Done, took 00:00:00 (0.06 sec)   *****
// Found 1 benchmarks:
//   DestroyBenchmarks.CreateDestroySparseChurn: ShortRun(Toolchain=InProcessEmitToolchain, IterationCount=3, LaunchCount=1, WarmupCount=3)

// **************************
// Benchmark: DestroyBenchmarks.CreateDestroySparseChurn: ShortRun(Toolchain=InProcessEmitToolchain, IterationCount=3, LaunchCount=1, WarmupCount=3)
// *** Execute ***
// Launch: 1 / 1
// ! Failed to set up priority High for process System.Diagnostics.Process (Entitas.Benchma). Make sure you have the right permissions. Message: Permission denied

// Benchmark Process Environment Information:
// BenchmarkDotNet v0.14.0
// Runtime=.NET 8.0.5 (8.0.524.21615), Arm64 RyuJIT AdvSIMD
// GC=Concurrent Workstation
// HardwareIntrinsics=AdvSIMD,AES,CRC32,DP,RDM,SHA1,SHA256 VectorSize=128
// Job: Job-ZHEYOH(Toolchain=InProcessEmitToolchain, IterationCount=3, LaunchCount=1, WarmupCount=3)

OverheadJitting  1: 1 op, 111958.00 ns, 111.9580 us/op
WorkloadJitting  1: 1 op, 6511125.00 ns, 6.5111 ms/op

OverheadJitting  2: 16 op, 264292.00 ns, 16.5183 us/op
WorkloadJitting  2: 16 op, 115086833.00 ns, 7.1929 ms/op

WorkloadPilot    1: 16 op, 99817334.00 ns, 6.2386 ms/op
WorkloadPilot    2: 32 op, 205394042.00 ns, 6.4186 ms/op
WorkloadPilot    3: 64 op, 197756084.00 ns, 3.0899 ms/op
WorkloadPilot    4: 128 op, 149837666.00 ns, 1.1706 ms/op
WorkloadPilot    5: 256 op, 292201167.00 ns, 1.1414 ms/op
WorkloadPilot    6: 512 op, 627593916.00 ns, 1.2258 ms/op

OverheadWarmup   1: 512 op, 4666.00 ns, 9.1133 ns/op
OverheadWarmup   2: 512 op, 1917.00 ns, 3.7441 ns/op
OverheadWarmup   3: 512 op, 680125.00 ns, 1.3284 us/op
OverheadWarmup   4: 512 op, 1792.00 ns, 3.5000 ns/op
OverheadWarmup   5: 512 op, 1750.00 ns, 3.4180 ns/op
OverheadWarmup   6: 512 op, 2084.00 ns, 4.0703 ns/op
OverheadWarmup   7: 512 op, 1667.00 ns, 3.2559 ns/op

OverheadActual   1: 512 op, 1917.00 ns, 3.7441 ns/op
OverheadActual   2: 512 op, 2167.00 ns, 4.2324 ns/op
OverheadActual   3: 512 op, 2166.00 ns, 4.2305 ns/op
OverheadActual   4: 512 op, 2333.00 ns, 4.5566 ns/op
OverheadActual   5: 512 op, 1833.00 ns, 3.5801 ns/op
OverheadActual   6: 512 op, 2292.00 ns, 4.4766 ns/op
OverheadActual   7: 512 op, 2125.00 ns, 4.1504 ns/op
OverheadActual   8: 512 op, 2166.00 ns, 4.2305 ns/op
OverheadActual   9: 512 op, 1917.00 ns, 3.7441 ns/op
OverheadActual  10: 512 op, 1958.00 ns, 3.8242 ns/op
OverheadActual  11: 512 op, 2333.00 ns, 4.5566 ns/op
OverheadActual  12: 512 op, 2375.00 ns, 4.6387 ns/op
OverheadActual  13: 512 op, 2292.00 ns, 4.4766 ns/op
OverheadActual  14: 512 op, 2208.00 ns, 4.3125 ns/op
OverheadActual  15: 512 op, 1875.00 ns, 3.6621 ns/op
OverheadActual  16: 512 op, 2083.00 ns, 4.0684 ns/op
OverheadActual  17: 512 op, 2208.00 ns, 4.3125 ns/op
OverheadActual  18: 512 op, 2083.00 ns, 4.0684 ns/op
OverheadActual  19: 512 op, 3208.00 ns, 6.2656 ns/op
OverheadActual  20: 512 op, 2584.00 ns, 5.0469 ns/op

WorkloadWarmup   1: 512 op, 605486167.00 ns, 1.1826 ms/op
WorkloadWarmup   2: 512 op, 624436833.00 ns, 1.2196 ms/op
WorkloadWarmup   3: 512 op, 597956291.00 ns, 1.1679 ms/op

WorkloadActual   1: 512 op, 623244125.00 ns, 1.2173 ms/op
WorkloadActual   2: 512 op, 568475542.00 ns, 1.1103 ms/op
WorkloadActual   3: 512 op, 570940041.00 ns, 1.1151 ms/op

WorkloadResult   1: 512 op, 623241958.50 ns, 1.2173 ms/op
WorkloadResult   2: 512 op, 568473375.50 ns, 1.1103 ms/op
WorkloadResult   3: 512 op, 570937874.50 ns, 1.1151 ms/op
// GC:  0 0 0 1024 512
// Threading:  0 0 512


Mean = 1.148 ms, StdErr = 0.035 ms (3.04%), N = 3, StdDev = 0.060 ms
Min = 1.110 ms, Q1 = 1.113 ms, Median = 1.115 ms, Q3 = 1.166 ms, Max = 1.217 ms
IQR = 0.053 ms, LowerFence = 1.032 ms, UpperFence = 1.246 ms
ConfidenceInterval = [0.045 ms; 2.250 ms] (CI 99.9%), Margin = 1.102 ms (96.05% of Mean)
Skewness = 0.38, Kurtosis = 0.67, MValue = 2

// ** Remained 0 (0,0 %) benchmark(s) to run. Estimated finish 2026-05-25 15:03 (0h 0m from now) **
// ***** BenchmarkRunner: Finish  *****

// * Export *
  BenchmarkDotNet.Artifacts/results/Entitas.Benchmarks.DestroyBenchmarks-report.csv
  BenchmarkDotNet.Artifacts/results/Entitas.Benchmarks.DestroyBenchmarks-report-github.md
  BenchmarkDotNet.Artifacts/results/Entitas.Benchmarks.DestroyBenchmarks-report.html

// * Detailed results *
DestroyBenchmarks.CreateDestroySparseChurn: ShortRun(Toolchain=InProcessEmitToolchain, IterationCount=3, LaunchCount=1, WarmupCount=3)
Runtime = ; GC = 
Mean = 1.148 ms, StdErr = 0.035 ms (3.04%), N = 3, StdDev = 0.060 ms
Min = 1.110 ms, Q1 = 1.113 ms, Median = 1.115 ms, Q3 = 1.166 ms, Max = 1.217 ms
IQR = 0.053 ms, LowerFence = 1.032 ms, UpperFence = 1.246 ms
ConfidenceInterval = [0.045 ms; 2.250 ms] (CI 99.9%), Margin = 1.102 ms (96.05% of Mean)
Skewness = 0.38, Kurtosis = 0.67, MValue = 2
-------------------- Histogram --------------------
[1.109 ms ; 1.219 ms) | @@@
---------------------------------------------------

// * Summary *

BenchmarkDotNet v0.14.0, macOS Sequoia 15.5 (24F74) [Darwin 24.5.0]
Apple M1 Max, 1 CPU, 10 logical and 10 physical cores
.NET SDK 9.0.303
  [Host] : .NET 8.0.5 (8.0.524.21615), Arm64 RyuJIT AdvSIMD

Job=ShortRun  Toolchain=InProcessEmitToolchain  IterationCount=3  
LaunchCount=1  WarmupCount=3  

| Method                   | Mean     | Error    | StdDev    | Allocated |
|------------------------- |---------:|---------:|----------:|----------:|
| CreateDestroySparseChurn | 1.148 ms | 1.102 ms | 0.0604 ms |       2 B |

// * Legends *
  Mean      : Arithmetic mean of all measurements
  Error     : Half of 99.9% confidence interval
  StdDev    : Standard deviation of all measurements
  Allocated : Allocated memory per single operation (managed only, inclusive, 1KB = 1024B)
  1 ms      : 1 Millisecond (0.001 sec)

// * Diagnostic Output - MemoryDiagnoser *


// ***** BenchmarkRunner: End *****
Run time: 00:00:06 (6.25 sec), executed benchmarks: 1

Global total time: 00:00:06 (6.8 sec), executed benchmarks: 1
// * Artifacts cleanup *
Artifacts cleanup is finished
