// Validating benchmarks:
// ***** BenchmarkRunner: Start   *****
// ***** Found 4 benchmark(s) in total *****
// ***** Building 1 exe(s) in Parallel: Start   *****
// ***** Done, took 00:00:00 (0.02 sec)   *****
// Found 4 benchmarks:
//   CoreBenchmarks.CreateDestroy: ShortRun(Toolchain=InProcessEmitToolchain, IterationCount=3, LaunchCount=1, WarmupCount=3)
//   CoreBenchmarks.ComponentChurnWithGroups: ShortRun(Toolchain=InProcessEmitToolchain, IterationCount=3, LaunchCount=1, WarmupCount=3)
//   CoreBenchmarks.MatcherMatches: ShortRun(Toolchain=InProcessEmitToolchain, IterationCount=3, LaunchCount=1, WarmupCount=3)
//   CoreBenchmarks.EntityIndexChurn: ShortRun(Toolchain=InProcessEmitToolchain, IterationCount=3, LaunchCount=1, WarmupCount=3)

// **************************
// Benchmark: CoreBenchmarks.CreateDestroy: ShortRun(Toolchain=InProcessEmitToolchain, IterationCount=3, LaunchCount=1, WarmupCount=3)
// *** Execute ***
// Launch: 1 / 1
// ! Failed to set up priority High for process System.Diagnostics.Process (Entitas.Benchma). Make sure you have the right permissions. Message: Permission denied

// Benchmark Process Environment Information:
// BenchmarkDotNet v0.14.0
// Runtime=.NET 8.0.5 (8.0.524.21615), Arm64 RyuJIT AdvSIMD
// GC=Concurrent Workstation
// HardwareIntrinsics=AdvSIMD,AES,CRC32,DP,RDM,SHA1,SHA256 VectorSize=128
// Job: Job-NOVLBB(Toolchain=InProcessEmitToolchain, IterationCount=3, LaunchCount=1, WarmupCount=3)

OverheadJitting  1: 1 op, 84792.00 ns, 84.7920 us/op
WorkloadJitting  1: 1 op, 8900750.00 ns, 8.9008 ms/op

OverheadJitting  2: 16 op, 129875.00 ns, 8.1172 us/op
WorkloadJitting  2: 16 op, 105288542.00 ns, 6.5805 ms/op

WorkloadPilot    1: 16 op, 102010000.00 ns, 6.3756 ms/op
WorkloadPilot    2: 32 op, 216981625.00 ns, 6.7807 ms/op
WorkloadPilot    3: 64 op, 347267916.00 ns, 5.4261 ms/op
WorkloadPilot    4: 128 op, 538752666.00 ns, 4.2090 ms/op

OverheadWarmup   1: 128 op, 1292.00 ns, 10.0938 ns/op
OverheadWarmup   2: 128 op, 292.00 ns, 2.2813 ns/op
OverheadWarmup   3: 128 op, 458.00 ns, 3.5781 ns/op
OverheadWarmup   4: 128 op, 333.00 ns, 2.6016 ns/op
OverheadWarmup   5: 128 op, 292.00 ns, 2.2813 ns/op
OverheadWarmup   6: 128 op, 334.00 ns, 2.6094 ns/op
OverheadWarmup   7: 128 op, 458.00 ns, 3.5781 ns/op
OverheadWarmup   8: 128 op, 250.00 ns, 1.9531 ns/op

OverheadActual   1: 128 op, 334.00 ns, 2.6094 ns/op
OverheadActual   2: 128 op, 333.00 ns, 2.6016 ns/op
OverheadActual   3: 128 op, 667.00 ns, 5.2109 ns/op
OverheadActual   4: 128 op, 291.00 ns, 2.2734 ns/op
OverheadActual   5: 128 op, 292.00 ns, 2.2813 ns/op
OverheadActual   6: 128 op, 250.00 ns, 1.9531 ns/op
OverheadActual   7: 128 op, 292.00 ns, 2.2813 ns/op
OverheadActual   8: 128 op, 417.00 ns, 3.2578 ns/op
OverheadActual   9: 128 op, 375.00 ns, 2.9297 ns/op
OverheadActual  10: 128 op, 167.00 ns, 1.3047 ns/op
OverheadActual  11: 128 op, 167.00 ns, 1.3047 ns/op
OverheadActual  12: 128 op, 208.00 ns, 1.6250 ns/op
OverheadActual  13: 128 op, 208.00 ns, 1.6250 ns/op
OverheadActual  14: 128 op, 250.00 ns, 1.9531 ns/op
OverheadActual  15: 128 op, 459.00 ns, 3.5859 ns/op
OverheadActual  16: 128 op, 417.00 ns, 3.2578 ns/op
OverheadActual  17: 128 op, 291.00 ns, 2.2734 ns/op
OverheadActual  18: 128 op, 208.00 ns, 1.6250 ns/op
OverheadActual  19: 128 op, 1125.00 ns, 8.7891 ns/op
OverheadActual  20: 128 op, 1083.00 ns, 8.4609 ns/op

WorkloadWarmup   1: 128 op, 528971458.00 ns, 4.1326 ms/op
WorkloadWarmup   2: 128 op, 533755667.00 ns, 4.1700 ms/op
WorkloadWarmup   3: 128 op, 542720125.00 ns, 4.2400 ms/op

WorkloadActual   1: 128 op, 525711834.00 ns, 4.1071 ms/op
WorkloadActual   2: 128 op, 530627833.00 ns, 4.1455 ms/op
WorkloadActual   3: 128 op, 531100041.00 ns, 4.1492 ms/op

WorkloadResult   1: 128 op, 525711542.00 ns, 4.1071 ms/op
WorkloadResult   2: 128 op, 530627541.00 ns, 4.1455 ms/op
WorkloadResult   3: 128 op, 531099749.00 ns, 4.1492 ms/op
// GC:  104 78 52 596849024 128
// Threading:  0 0 128


Mean = 4.134 ms, StdErr = 0.013 ms (0.33%), N = 3, StdDev = 0.023 ms
Min = 4.107 ms, Q1 = 4.126 ms, Median = 4.146 ms, Q3 = 4.147 ms, Max = 4.149 ms
IQR = 0.021 ms, LowerFence = 4.095 ms, UpperFence = 4.179 ms
ConfidenceInterval = [3.709 ms; 4.559 ms] (CI 99.9%), Margin = 0.425 ms (10.29% of Mean)
Skewness = -0.37, Kurtosis = 0.67, MValue = 2

// ** Remained 3 (75,0 %) benchmark(s) to run. Estimated finish 2026-05-25 10:31 (0h 0m from now) **
// **************************
// Benchmark: CoreBenchmarks.ComponentChurnWithGroups: ShortRun(Toolchain=InProcessEmitToolchain, IterationCount=3, LaunchCount=1, WarmupCount=3)
// *** Execute ***
// Launch: 1 / 1
// ! Failed to set up priority High for process System.Diagnostics.Process (Entitas.Benchma). Make sure you have the right permissions. Message: Permission denied

// Benchmark Process Environment Information:
// BenchmarkDotNet v0.14.0
// Runtime=.NET 8.0.5 (8.0.524.21615), Arm64 RyuJIT AdvSIMD
// GC=Concurrent Workstation
// HardwareIntrinsics=AdvSIMD,AES,CRC32,DP,RDM,SHA1,SHA256 VectorSize=128
// Job: Job-NOVLBB(Toolchain=InProcessEmitToolchain, IterationCount=3, LaunchCount=1, WarmupCount=3)

OverheadJitting  1: 1 op, 88000.00 ns, 88.0000 us/op
WorkloadJitting  1: 1 op, 4352875.00 ns, 4.3529 ms/op

OverheadJitting  2: 16 op, 119583.00 ns, 7.4739 us/op
WorkloadJitting  2: 16 op, 30818334.00 ns, 1.9261 ms/op

WorkloadPilot    1: 16 op, 30444584.00 ns, 1.9028 ms/op
WorkloadPilot    2: 32 op, 59092583.00 ns, 1.8466 ms/op
WorkloadPilot    3: 64 op, 100116083.00 ns, 1.5643 ms/op
WorkloadPilot    4: 128 op, 130453583.00 ns, 1.0192 ms/op
WorkloadPilot    5: 256 op, 259538083.00 ns, 1.0138 ms/op
WorkloadPilot    6: 512 op, 525216417.00 ns, 1.0258 ms/op

OverheadWarmup   1: 512 op, 2709.00 ns, 5.2910 ns/op
OverheadWarmup   2: 512 op, 834.00 ns, 1.6289 ns/op
OverheadWarmup   3: 512 op, 750.00 ns, 1.4648 ns/op
OverheadWarmup   4: 512 op, 1417.00 ns, 2.7676 ns/op
OverheadWarmup   5: 512 op, 791.00 ns, 1.5449 ns/op
OverheadWarmup   6: 512 op, 750.00 ns, 1.4648 ns/op
OverheadWarmup   7: 512 op, 750.00 ns, 1.4648 ns/op
OverheadWarmup   8: 512 op, 792.00 ns, 1.5469 ns/op

OverheadActual   1: 512 op, 1541.00 ns, 3.0098 ns/op
OverheadActual   2: 512 op, 750.00 ns, 1.4648 ns/op
OverheadActual   3: 512 op, 792.00 ns, 1.5469 ns/op
OverheadActual   4: 512 op, 792.00 ns, 1.5469 ns/op
OverheadActual   5: 512 op, 2500.00 ns, 4.8828 ns/op
OverheadActual   6: 512 op, 1875.00 ns, 3.6621 ns/op
OverheadActual   7: 512 op, 1000.00 ns, 1.9531 ns/op
OverheadActual   8: 512 op, 791.00 ns, 1.5449 ns/op
OverheadActual   9: 512 op, 1750.00 ns, 3.4180 ns/op
OverheadActual  10: 512 op, 1042.00 ns, 2.0352 ns/op
OverheadActual  11: 512 op, 750.00 ns, 1.4648 ns/op
OverheadActual  12: 512 op, 792.00 ns, 1.5469 ns/op
OverheadActual  13: 512 op, 667.00 ns, 1.3027 ns/op
OverheadActual  14: 512 op, 958.00 ns, 1.8711 ns/op
OverheadActual  15: 512 op, 1750.00 ns, 3.4180 ns/op
OverheadActual  16: 512 op, 1292.00 ns, 2.5234 ns/op
OverheadActual  17: 512 op, 792.00 ns, 1.5469 ns/op
OverheadActual  18: 512 op, 959.00 ns, 1.8730 ns/op
OverheadActual  19: 512 op, 916.00 ns, 1.7891 ns/op
OverheadActual  20: 512 op, 875.00 ns, 1.7090 ns/op

WorkloadWarmup   1: 512 op, 527232792.00 ns, 1.0298 ms/op
WorkloadWarmup   2: 512 op, 520726916.00 ns, 1.0170 ms/op
WorkloadWarmup   3: 512 op, 529627584.00 ns, 1.0344 ms/op

WorkloadActual   1: 512 op, 527175542.00 ns, 1.0296 ms/op
WorkloadActual   2: 512 op, 523170041.00 ns, 1.0218 ms/op
WorkloadActual   3: 512 op, 527367000.00 ns, 1.0300 ms/op

WorkloadResult   1: 512 op, 527174605.00 ns, 1.0296 ms/op
WorkloadResult   2: 512 op, 523169104.00 ns, 1.0218 ms/op
WorkloadResult   3: 512 op, 527366063.00 ns, 1.0300 ms/op
// GC:  0 0 0 1024 512
// Threading:  0 0 512


Mean = 1.027 ms, StdErr = 0.003 ms (0.26%), N = 3, StdDev = 0.005 ms
Min = 1.022 ms, Q1 = 1.026 ms, Median = 1.030 ms, Q3 = 1.030 ms, Max = 1.030 ms
IQR = 0.004 ms, LowerFence = 1.020 ms, UpperFence = 1.036 ms
ConfidenceInterval = [0.943 ms; 1.112 ms] (CI 99.9%), Margin = 0.084 ms (8.22% of Mean)
Skewness = -0.38, Kurtosis = 0.67, MValue = 2

// ** Remained 2 (50,0 %) benchmark(s) to run. Estimated finish 2026-05-25 10:31 (0h 0m from now) **
// **************************
// Benchmark: CoreBenchmarks.MatcherMatches: ShortRun(Toolchain=InProcessEmitToolchain, IterationCount=3, LaunchCount=1, WarmupCount=3)
// *** Execute ***
// Launch: 1 / 1
// ! Failed to set up priority High for process System.Diagnostics.Process (Entitas.Benchma). Make sure you have the right permissions. Message: Permission denied

// Benchmark Process Environment Information:
// BenchmarkDotNet v0.14.0
// Runtime=.NET 8.0.5 (8.0.524.21615), Arm64 RyuJIT AdvSIMD
// GC=Concurrent Workstation
// HardwareIntrinsics=AdvSIMD,AES,CRC32,DP,RDM,SHA1,SHA256 VectorSize=128
// Job: Job-NOVLBB(Toolchain=InProcessEmitToolchain, IterationCount=3, LaunchCount=1, WarmupCount=3)

OverheadJitting  1: 1 op, 146625.00 ns, 146.6250 us/op
WorkloadJitting  1: 1 op, 964458.00 ns, 964.4580 us/op

OverheadJitting  2: 16 op, 282833.00 ns, 17.6771 us/op
WorkloadJitting  2: 16 op, 1287875.00 ns, 80.4922 us/op

WorkloadPilot    1: 16 op, 1012833.00 ns, 63.3021 us/op
WorkloadPilot    2: 32 op, 1944542.00 ns, 60.7669 us/op
WorkloadPilot    3: 64 op, 3794417.00 ns, 59.2878 us/op
WorkloadPilot    4: 128 op, 7455292.00 ns, 58.2445 us/op
WorkloadPilot    5: 256 op, 14909917.00 ns, 58.2419 us/op
WorkloadPilot    6: 512 op, 29496125.00 ns, 57.6096 us/op
WorkloadPilot    7: 1024 op, 58054875.00 ns, 56.6942 us/op
WorkloadPilot    8: 2048 op, 99314291.00 ns, 48.4933 us/op
WorkloadPilot    9: 4096 op, 155919500.00 ns, 38.0663 us/op
WorkloadPilot   10: 8192 op, 316650625.00 ns, 38.6536 us/op
WorkloadPilot   11: 16384 op, 627287125.00 ns, 38.2866 us/op

OverheadWarmup   1: 16384 op, 20667.00 ns, 1.2614 ns/op
OverheadWarmup   2: 16384 op, 19667.00 ns, 1.2004 ns/op
OverheadWarmup   3: 16384 op, 19459.00 ns, 1.1877 ns/op
OverheadWarmup   4: 16384 op, 19125.00 ns, 1.1673 ns/op
OverheadWarmup   5: 16384 op, 19375.00 ns, 1.1826 ns/op
OverheadWarmup   6: 16384 op, 19291.00 ns, 1.1774 ns/op
OverheadWarmup   7: 16384 op, 19500.00 ns, 1.1902 ns/op
OverheadWarmup   8: 16384 op, 18917.00 ns, 1.1546 ns/op

OverheadActual   1: 16384 op, 19375.00 ns, 1.1826 ns/op
OverheadActual   2: 16384 op, 19667.00 ns, 1.2004 ns/op
OverheadActual   3: 16384 op, 19541.00 ns, 1.1927 ns/op
OverheadActual   4: 16384 op, 19500.00 ns, 1.1902 ns/op
OverheadActual   5: 16384 op, 19459.00 ns, 1.1877 ns/op
OverheadActual   6: 16384 op, 19667.00 ns, 1.2004 ns/op
OverheadActual   7: 16384 op, 19583.00 ns, 1.1953 ns/op
OverheadActual   8: 16384 op, 19208.00 ns, 1.1724 ns/op
OverheadActual   9: 16384 op, 18875.00 ns, 1.1520 ns/op
OverheadActual  10: 16384 op, 19250.00 ns, 1.1749 ns/op
OverheadActual  11: 16384 op, 19333.00 ns, 1.1800 ns/op
OverheadActual  12: 16384 op, 19166.00 ns, 1.1698 ns/op
OverheadActual  13: 16384 op, 19666.00 ns, 1.2003 ns/op
OverheadActual  14: 16384 op, 19250.00 ns, 1.1749 ns/op
OverheadActual  15: 16384 op, 19333.00 ns, 1.1800 ns/op

WorkloadWarmup   1: 16384 op, 627108791.00 ns, 38.2757 us/op
WorkloadWarmup   2: 16384 op, 634340667.00 ns, 38.7171 us/op
WorkloadWarmup   3: 16384 op, 631919625.00 ns, 38.5693 us/op

WorkloadActual   1: 16384 op, 628799000.00 ns, 38.3788 us/op
WorkloadActual   2: 16384 op, 631435917.00 ns, 38.5398 us/op
WorkloadActual   3: 16384 op, 627606166.00 ns, 38.3060 us/op

WorkloadResult   1: 16384 op, 628779625.00 ns, 38.3777 us/op
WorkloadResult   2: 16384 op, 631416542.00 ns, 38.5386 us/op
WorkloadResult   3: 16384 op, 627586791.00 ns, 38.3049 us/op
// GC:  0 0 0 1024 16384
// Threading:  0 0 16384


Mean = 38.407 μs, StdErr = 0.069 μs (0.18%), N = 3, StdDev = 0.120 μs
Min = 38.305 μs, Q1 = 38.341 μs, Median = 38.378 μs, Q3 = 38.458 μs, Max = 38.539 μs
IQR = 0.117 μs, LowerFence = 38.166 μs, UpperFence = 38.633 μs
ConfidenceInterval = [36.225 μs; 40.589 μs] (CI 99.9%), Margin = 2.182 μs (5.68% of Mean)
Skewness = 0.23, Kurtosis = 0.67, MValue = 2

// ** Remained 1 (25,0 %) benchmark(s) to run. Estimated finish 2026-05-25 10:31 (0h 0m from now) **
// **************************
// Benchmark: CoreBenchmarks.EntityIndexChurn: ShortRun(Toolchain=InProcessEmitToolchain, IterationCount=3, LaunchCount=1, WarmupCount=3)
// *** Execute ***
// Launch: 1 / 1
// ! Failed to set up priority High for process System.Diagnostics.Process (Entitas.Benchma). Make sure you have the right permissions. Message: Permission denied

// Benchmark Process Environment Information:
// BenchmarkDotNet v0.14.0
// Runtime=.NET 8.0.5 (8.0.524.21615), Arm64 RyuJIT AdvSIMD
// GC=Concurrent Workstation
// HardwareIntrinsics=AdvSIMD,AES,CRC32,DP,RDM,SHA1,SHA256 VectorSize=128
// Job: Job-NOVLBB(Toolchain=InProcessEmitToolchain, IterationCount=3, LaunchCount=1, WarmupCount=3)

OverheadJitting  1: 1 op, 124917.00 ns, 124.9170 us/op
WorkloadJitting  1: 1 op, 3712708.00 ns, 3.7127 ms/op

OverheadJitting  2: 16 op, 129584.00 ns, 8.0990 us/op
WorkloadJitting  2: 16 op, 41424125.00 ns, 2.5890 ms/op

WorkloadPilot    1: 16 op, 40617917.00 ns, 2.5386 ms/op
WorkloadPilot    2: 32 op, 81187041.00 ns, 2.5371 ms/op
WorkloadPilot    3: 64 op, 149494667.00 ns, 2.3359 ms/op
WorkloadPilot    4: 128 op, 177741125.00 ns, 1.3886 ms/op
WorkloadPilot    5: 256 op, 344759083.00 ns, 1.3467 ms/op
WorkloadPilot    6: 512 op, 697589833.00 ns, 1.3625 ms/op

OverheadWarmup   1: 512 op, 3125.00 ns, 6.1035 ns/op
OverheadWarmup   2: 512 op, 917.00 ns, 1.7910 ns/op
OverheadWarmup   3: 512 op, 709.00 ns, 1.3848 ns/op
OverheadWarmup   4: 512 op, 584.00 ns, 1.1406 ns/op
OverheadWarmup   5: 512 op, 625.00 ns, 1.2207 ns/op
OverheadWarmup   6: 512 op, 667.00 ns, 1.3027 ns/op
OverheadWarmup   7: 512 op, 666.00 ns, 1.3008 ns/op
OverheadWarmup   8: 512 op, 750.00 ns, 1.4648 ns/op
OverheadWarmup   9: 512 op, 667.00 ns, 1.3027 ns/op

OverheadActual   1: 512 op, 542.00 ns, 1.0586 ns/op
OverheadActual   2: 512 op, 625.00 ns, 1.2207 ns/op
OverheadActual   3: 512 op, 709.00 ns, 1.3848 ns/op
OverheadActual   4: 512 op, 625.00 ns, 1.2207 ns/op
OverheadActual   5: 512 op, 667.00 ns, 1.3027 ns/op
OverheadActual   6: 512 op, 1041.00 ns, 2.0332 ns/op
OverheadActual   7: 512 op, 667.00 ns, 1.3027 ns/op
OverheadActual   8: 512 op, 625.00 ns, 1.2207 ns/op
OverheadActual   9: 512 op, 583.00 ns, 1.1387 ns/op
OverheadActual  10: 512 op, 625.00 ns, 1.2207 ns/op
OverheadActual  11: 512 op, 625.00 ns, 1.2207 ns/op
OverheadActual  12: 512 op, 1334.00 ns, 2.6055 ns/op
OverheadActual  13: 512 op, 916.00 ns, 1.7891 ns/op
OverheadActual  14: 512 op, 792.00 ns, 1.5469 ns/op
OverheadActual  15: 512 op, 792.00 ns, 1.5469 ns/op
OverheadActual  16: 512 op, 666.00 ns, 1.3008 ns/op
OverheadActual  17: 512 op, 1291.00 ns, 2.5215 ns/op
OverheadActual  18: 512 op, 875.00 ns, 1.7090 ns/op
OverheadActual  19: 512 op, 792.00 ns, 1.5469 ns/op
OverheadActual  20: 512 op, 625.00 ns, 1.2207 ns/op

WorkloadWarmup   1: 512 op, 696054500.00 ns, 1.3595 ms/op
WorkloadWarmup   2: 512 op, 697154375.00 ns, 1.3616 ms/op
WorkloadWarmup   3: 512 op, 693850750.00 ns, 1.3552 ms/op

WorkloadActual   1: 512 op, 695095667.00 ns, 1.3576 ms/op
WorkloadActual   2: 512 op, 696738125.00 ns, 1.3608 ms/op
WorkloadActual   3: 512 op, 701858292.00 ns, 1.3708 ms/op

WorkloadResult   1: 512 op, 695095000.00 ns, 1.3576 ms/op
WorkloadResult   2: 512 op, 696737458.00 ns, 1.3608 ms/op
WorkloadResult   3: 512 op, 701857625.00 ns, 1.3708 ms/op
// GC:  0 0 0 1024 512
// Threading:  0 0 512


Mean = 1.363 ms, StdErr = 0.004 ms (0.29%), N = 3, StdDev = 0.007 ms
Min = 1.358 ms, Q1 = 1.359 ms, Median = 1.361 ms, Q3 = 1.366 ms, Max = 1.371 ms
IQR = 0.007 ms, LowerFence = 1.349 ms, UpperFence = 1.376 ms
ConfidenceInterval = [1.237 ms; 1.489 ms] (CI 99.9%), Margin = 0.126 ms (9.22% of Mean)
Skewness = 0.29, Kurtosis = 0.67, MValue = 2

// ** Remained 0 (0,0 %) benchmark(s) to run. Estimated finish 2026-05-25 10:31 (0h 0m from now) **
// ***** BenchmarkRunner: Finish  *****

// * Export *
  BenchmarkDotNet.Artifacts/results/Entitas.Benchmarks.CoreBenchmarks-report.csv
  BenchmarkDotNet.Artifacts/results/Entitas.Benchmarks.CoreBenchmarks-report-github.md
  BenchmarkDotNet.Artifacts/results/Entitas.Benchmarks.CoreBenchmarks-report.html

// * Detailed results *
CoreBenchmarks.CreateDestroy: ShortRun(Toolchain=InProcessEmitToolchain, IterationCount=3, LaunchCount=1, WarmupCount=3)
Runtime = ; GC = 
Mean = 4.134 ms, StdErr = 0.013 ms (0.33%), N = 3, StdDev = 0.023 ms
Min = 4.107 ms, Q1 = 4.126 ms, Median = 4.146 ms, Q3 = 4.147 ms, Max = 4.149 ms
IQR = 0.021 ms, LowerFence = 4.095 ms, UpperFence = 4.179 ms
ConfidenceInterval = [3.709 ms; 4.559 ms] (CI 99.9%), Margin = 0.425 ms (10.29% of Mean)
Skewness = -0.37, Kurtosis = 0.67, MValue = 2
-------------------- Histogram --------------------
[4.107 ms ; 4.149 ms) | @@@
---------------------------------------------------

CoreBenchmarks.ComponentChurnWithGroups: ShortRun(Toolchain=InProcessEmitToolchain, IterationCount=3, LaunchCount=1, WarmupCount=3)
Runtime = ; GC = 
Mean = 1.027 ms, StdErr = 0.003 ms (0.26%), N = 3, StdDev = 0.005 ms
Min = 1.022 ms, Q1 = 1.026 ms, Median = 1.030 ms, Q3 = 1.030 ms, Max = 1.030 ms
IQR = 0.004 ms, LowerFence = 1.020 ms, UpperFence = 1.036 ms
ConfidenceInterval = [0.943 ms; 1.112 ms] (CI 99.9%), Margin = 0.084 ms (8.22% of Mean)
Skewness = -0.38, Kurtosis = 0.67, MValue = 2
-------------------- Histogram --------------------
[1.022 ms ; 1.030 ms) | @@@
---------------------------------------------------

CoreBenchmarks.MatcherMatches: ShortRun(Toolchain=InProcessEmitToolchain, IterationCount=3, LaunchCount=1, WarmupCount=3)
Runtime = ; GC = 
Mean = 38.407 μs, StdErr = 0.069 μs (0.18%), N = 3, StdDev = 0.120 μs
Min = 38.305 μs, Q1 = 38.341 μs, Median = 38.378 μs, Q3 = 38.458 μs, Max = 38.539 μs
IQR = 0.117 μs, LowerFence = 38.166 μs, UpperFence = 38.633 μs
ConfidenceInterval = [36.225 μs; 40.589 μs] (CI 99.9%), Margin = 2.182 μs (5.68% of Mean)
Skewness = 0.23, Kurtosis = 0.67, MValue = 2
-------------------- Histogram --------------------
[38.196 μs ; 38.647 μs) | @@@
---------------------------------------------------

CoreBenchmarks.EntityIndexChurn: ShortRun(Toolchain=InProcessEmitToolchain, IterationCount=3, LaunchCount=1, WarmupCount=3)
Runtime = ; GC = 
Mean = 1.363 ms, StdErr = 0.004 ms (0.29%), N = 3, StdDev = 0.007 ms
Min = 1.358 ms, Q1 = 1.359 ms, Median = 1.361 ms, Q3 = 1.366 ms, Max = 1.371 ms
IQR = 0.007 ms, LowerFence = 1.349 ms, UpperFence = 1.376 ms
ConfidenceInterval = [1.237 ms; 1.489 ms] (CI 99.9%), Margin = 0.126 ms (9.22% of Mean)
Skewness = 0.29, Kurtosis = 0.67, MValue = 2
-------------------- Histogram --------------------
[1.351 ms ; 1.377 ms) | @@@
---------------------------------------------------

// * Summary *

BenchmarkDotNet v0.14.0, macOS Sequoia 15.5 (24F74) [Darwin 24.5.0]
Apple M1 Max, 1 CPU, 10 logical and 10 physical cores
.NET SDK 9.0.303
  [Host] : .NET 8.0.5 (8.0.524.21615), Arm64 RyuJIT AdvSIMD

Job=ShortRun  Toolchain=InProcessEmitToolchain  IterationCount=3  
LaunchCount=1  WarmupCount=3  

| Method                   | Mean        | Error      | StdDev    | Gen0     | Gen1     | Gen2     | Allocated |
|------------------------- |------------:|-----------:|----------:|---------:|---------:|---------:|----------:|
| CreateDestroy            | 4,133.96 μs | 425.296 μs | 23.312 μs | 812.5000 | 609.3750 | 406.2500 | 4662883 B |
| ComponentChurnWithGroups | 1,027.15 μs |  84.441 μs |  4.628 μs |        - |        - |        - |       2 B |
| MatcherMatches           |    38.41 μs |   2.182 μs |  0.120 μs |        - |        - |        - |         - |
| EntityIndexChurn         | 1,363.08 μs | 125.682 μs |  6.889 μs |        - |        - |        - |       2 B |

// * Legends *
  Mean      : Arithmetic mean of all measurements
  Error     : Half of 99.9% confidence interval
  StdDev    : Standard deviation of all measurements
  Gen0      : GC Generation 0 collects per 1000 operations
  Gen1      : GC Generation 1 collects per 1000 operations
  Gen2      : GC Generation 2 collects per 1000 operations
  Allocated : Allocated memory per single operation (managed only, inclusive, 1KB = 1024B)
  1 μs      : 1 Microsecond (0.000001 sec)

// * Diagnostic Output - MemoryDiagnoser *


// ***** BenchmarkRunner: End *****
Run time: 00:00:22 (22.74 sec), executed benchmarks: 4

Global total time: 00:00:23 (23.05 sec), executed benchmarks: 4
// * Artifacts cleanup *
Artifacts cleanup is finished
