// Validating benchmarks:
// ***** BenchmarkRunner: Start   *****
// ***** Found 9 benchmark(s) in total *****
// ***** Building 1 exe(s) in Parallel: Start   *****
// ***** Done, took 00:00:00 (0.02 sec)   *****
// Found 9 benchmarks:
//   CoreBenchmarks.CreateDestroy: ShortRun(Toolchain=InProcessEmitToolchain, IterationCount=3, LaunchCount=1, WarmupCount=3)
//   CoreBenchmarks.CreateDestroyNew: ShortRun(Toolchain=InProcessEmitToolchain, IterationCount=3, LaunchCount=1, WarmupCount=3)
//   CoreBenchmarks.ComponentChurnWithGroups: ShortRun(Toolchain=InProcessEmitToolchain, IterationCount=3, LaunchCount=1, WarmupCount=3)
//   CoreBenchmarks.SingleGroupChurn: ShortRun(Toolchain=InProcessEmitToolchain, IterationCount=3, LaunchCount=1, WarmupCount=3)
//   CoreBenchmarks.MatcherMatches: ShortRun(Toolchain=InProcessEmitToolchain, IterationCount=3, LaunchCount=1, WarmupCount=3)
//   CoreBenchmarks.ComponentRead: ShortRun(Toolchain=InProcessEmitToolchain, IterationCount=3, LaunchCount=1, WarmupCount=3)
//   CoreBenchmarks.UniqueAccessorGetGroup: ShortRun(Toolchain=InProcessEmitToolchain, IterationCount=3, LaunchCount=1, WarmupCount=3)
//   CoreBenchmarks.UniqueAccessorCachedGroup: ShortRun(Toolchain=InProcessEmitToolchain, IterationCount=3, LaunchCount=1, WarmupCount=3)
//   CoreBenchmarks.EntityIndexChurn: ShortRun(Toolchain=InProcessEmitToolchain, IterationCount=3, LaunchCount=1, WarmupCount=3)

// **************************
// Benchmark: CoreBenchmarks.CreateDestroy: ShortRun(Toolchain=InProcessEmitToolchain, IterationCount=3, LaunchCount=1, WarmupCount=3)
// *** Execute ***
// Launch: 1 / 1
// ! Failed to set up priority High for process System.Diagnostics.Process (Entitas.Benchma). Make sure you have the right permissions. Message: Permission denied

// Benchmark Process Environment Information:
// BenchmarkDotNet v0.14.0
// Runtime=.NET 8.0.5 (8.0.524.21615), Arm64 RyuJIT AdvSIMD
// GC=Concurrent Workstation
// HardwareIntrinsics=AdvSIMD,AES,CRC32,DP,RDM,SHA1,SHA256 VectorSize=128
// Job: Job-EZZMUD(Toolchain=InProcessEmitToolchain, IterationCount=3, LaunchCount=1, WarmupCount=3)

OverheadJitting  1: 1 op, 95292.00 ns, 95.2920 us/op
WorkloadJitting  1: 1 op, 9525292.00 ns, 9.5253 ms/op

OverheadJitting  2: 16 op, 183500.00 ns, 11.4688 us/op
WorkloadJitting  2: 16 op, 119426333.00 ns, 7.4641 ms/op

WorkloadPilot    1: 16 op, 115084042.00 ns, 7.1928 ms/op
WorkloadPilot    2: 32 op, 259251250.00 ns, 8.1016 ms/op
WorkloadPilot    3: 64 op, 380559958.00 ns, 5.9462 ms/op
WorkloadPilot    4: 128 op, 607761292.00 ns, 4.7481 ms/op

OverheadWarmup   1: 128 op, 1250.00 ns, 9.7656 ns/op
OverheadWarmup   2: 128 op, 333.00 ns, 2.6016 ns/op
OverheadWarmup   3: 128 op, 334.00 ns, 2.6094 ns/op
OverheadWarmup   4: 128 op, 375.00 ns, 2.9297 ns/op
OverheadWarmup   5: 128 op, 292.00 ns, 2.2813 ns/op
OverheadWarmup   6: 128 op, 167.00 ns, 1.3047 ns/op
OverheadWarmup   7: 128 op, 208.00 ns, 1.6250 ns/op
OverheadWarmup   8: 128 op, 167.00 ns, 1.3047 ns/op

OverheadActual   1: 128 op, 250.00 ns, 1.9531 ns/op
OverheadActual   2: 128 op, 250.00 ns, 1.9531 ns/op
OverheadActual   3: 128 op, 292.00 ns, 2.2813 ns/op
OverheadActual   4: 128 op, 292.00 ns, 2.2813 ns/op
OverheadActual   5: 128 op, 208.00 ns, 1.6250 ns/op
OverheadActual   6: 128 op, 167.00 ns, 1.3047 ns/op
OverheadActual   7: 128 op, 292.00 ns, 2.2813 ns/op
OverheadActual   8: 128 op, 167.00 ns, 1.3047 ns/op
OverheadActual   9: 128 op, 167.00 ns, 1.3047 ns/op
OverheadActual  10: 128 op, 250.00 ns, 1.9531 ns/op
OverheadActual  11: 128 op, 334.00 ns, 2.6094 ns/op
OverheadActual  12: 128 op, 250.00 ns, 1.9531 ns/op
OverheadActual  13: 128 op, 166.00 ns, 1.2969 ns/op
OverheadActual  14: 128 op, 250.00 ns, 1.9531 ns/op
OverheadActual  15: 128 op, 292.00 ns, 2.2813 ns/op
OverheadActual  16: 128 op, 166.00 ns, 1.2969 ns/op
OverheadActual  17: 128 op, 208.00 ns, 1.6250 ns/op
OverheadActual  18: 128 op, 208.00 ns, 1.6250 ns/op
OverheadActual  19: 128 op, 709.00 ns, 5.5391 ns/op
OverheadActual  20: 128 op, 375.00 ns, 2.9297 ns/op

WorkloadWarmup   1: 128 op, 606000250.00 ns, 4.7344 ms/op
WorkloadWarmup   2: 128 op, 610994334.00 ns, 4.7734 ms/op
WorkloadWarmup   3: 128 op, 606668333.00 ns, 4.7396 ms/op

WorkloadActual   1: 128 op, 565864875.00 ns, 4.4208 ms/op
WorkloadActual   2: 128 op, 609546750.00 ns, 4.7621 ms/op
WorkloadActual   3: 128 op, 596466833.00 ns, 4.6599 ms/op

WorkloadResult   1: 128 op, 565864625.00 ns, 4.4208 ms/op
WorkloadResult   2: 128 op, 609546500.00 ns, 4.7621 ms/op
WorkloadResult   3: 128 op, 596466583.00 ns, 4.6599 ms/op
// GC:  114 69 46 678739936 128
// Threading:  0 0 128


Mean = 4.614 ms, StdErr = 0.101 ms (2.19%), N = 3, StdDev = 0.175 ms
Min = 4.421 ms, Q1 = 4.540 ms, Median = 4.660 ms, Q3 = 4.711 ms, Max = 4.762 ms
IQR = 0.171 ms, LowerFence = 4.284 ms, UpperFence = 4.967 ms
ConfidenceInterval = [1.419 ms; 7.810 ms] (CI 99.9%), Margin = 3.195 ms (69.25% of Mean)
Skewness = -0.24, Kurtosis = 0.67, MValue = 2

// ** Remained 8 (88.9%) benchmark(s) to run. Estimated finish 2026-08-27 17:30 (0h 0m from now) **
// **************************
// Benchmark: CoreBenchmarks.CreateDestroyNew: ShortRun(Toolchain=InProcessEmitToolchain, IterationCount=3, LaunchCount=1, WarmupCount=3)
// *** Execute ***
// Launch: 1 / 1
// ! Failed to set up priority High for process System.Diagnostics.Process (Entitas.Benchma). Make sure you have the right permissions. Message: Permission denied

// Benchmark Process Environment Information:
// BenchmarkDotNet v0.14.0
// Runtime=.NET 8.0.5 (8.0.524.21615), Arm64 RyuJIT AdvSIMD
// GC=Concurrent Workstation
// HardwareIntrinsics=AdvSIMD,AES,CRC32,DP,RDM,SHA1,SHA256 VectorSize=128
// Job: Job-EZZMUD(Toolchain=InProcessEmitToolchain, IterationCount=3, LaunchCount=1, WarmupCount=3)

OverheadJitting  1: 1 op, 95083.00 ns, 95.0830 us/op
WorkloadJitting  1: 1 op, 2284250.00 ns, 2.2843 ms/op

OverheadJitting  2: 16 op, 134500.00 ns, 8.4063 us/op
WorkloadJitting  2: 16 op, 76215708.00 ns, 4.7635 ms/op

WorkloadPilot    1: 16 op, 72882875.00 ns, 4.5552 ms/op
WorkloadPilot    2: 32 op, 155317958.00 ns, 4.8537 ms/op
WorkloadPilot    3: 64 op, 300151417.00 ns, 4.6899 ms/op
WorkloadPilot    4: 128 op, 611597208.00 ns, 4.7781 ms/op

OverheadWarmup   1: 128 op, 3500.00 ns, 27.3438 ns/op
OverheadWarmup   2: 128 op, 416.00 ns, 3.2500 ns/op
OverheadWarmup   3: 128 op, 375.00 ns, 2.9297 ns/op
OverheadWarmup   4: 128 op, 250.00 ns, 1.9531 ns/op
OverheadWarmup   5: 128 op, 333.00 ns, 2.6016 ns/op
OverheadWarmup   6: 128 op, 583.00 ns, 4.5547 ns/op
OverheadWarmup   7: 128 op, 375.00 ns, 2.9297 ns/op
OverheadWarmup   8: 128 op, 375.00 ns, 2.9297 ns/op
OverheadWarmup   9: 128 op, 292.00 ns, 2.2813 ns/op

OverheadActual   1: 128 op, 375.00 ns, 2.9297 ns/op
OverheadActual   2: 128 op, 208.00 ns, 1.6250 ns/op
OverheadActual   3: 128 op, 333.00 ns, 2.6016 ns/op
OverheadActual   4: 128 op, 375.00 ns, 2.9297 ns/op
OverheadActual   5: 128 op, 375.00 ns, 2.9297 ns/op
OverheadActual   6: 128 op, 917.00 ns, 7.1641 ns/op
OverheadActual   7: 128 op, 417.00 ns, 3.2578 ns/op
OverheadActual   8: 128 op, 2292.00 ns, 17.9063 ns/op
OverheadActual   9: 128 op, 250.00 ns, 1.9531 ns/op
OverheadActual  10: 128 op, 375.00 ns, 2.9297 ns/op
OverheadActual  11: 128 op, 250.00 ns, 1.9531 ns/op
OverheadActual  12: 128 op, 417.00 ns, 3.2578 ns/op
OverheadActual  13: 128 op, 833.00 ns, 6.5078 ns/op
OverheadActual  14: 128 op, 542.00 ns, 4.2344 ns/op
OverheadActual  15: 128 op, 459.00 ns, 3.5859 ns/op
OverheadActual  16: 128 op, 250.00 ns, 1.9531 ns/op
OverheadActual  17: 128 op, 417.00 ns, 3.2578 ns/op
OverheadActual  18: 128 op, 250.00 ns, 1.9531 ns/op
OverheadActual  19: 128 op, 292.00 ns, 2.2813 ns/op
OverheadActual  20: 128 op, 375.00 ns, 2.9297 ns/op

WorkloadWarmup   1: 128 op, 613150458.00 ns, 4.7902 ms/op
WorkloadWarmup   2: 128 op, 588265125.00 ns, 4.5958 ms/op
WorkloadWarmup   3: 128 op, 583295542.00 ns, 4.5570 ms/op

WorkloadActual   1: 128 op, 611920625.00 ns, 4.7806 ms/op
WorkloadActual   2: 128 op, 601685125.00 ns, 4.7007 ms/op
WorkloadActual   3: 128 op, 609074667.00 ns, 4.7584 ms/op

WorkloadResult   1: 128 op, 611920250.00 ns, 4.7806 ms/op
WorkloadResult   2: 128 op, 601684750.00 ns, 4.7007 ms/op
WorkloadResult   3: 128 op, 609074292.00 ns, 4.7584 ms/op
// GC:  118 81 35 678676960 128
// Threading:  0 0 128


Mean = 4.747 ms, StdErr = 0.024 ms (0.50%), N = 3, StdDev = 0.041 ms
Min = 4.701 ms, Q1 = 4.730 ms, Median = 4.758 ms, Q3 = 4.770 ms, Max = 4.781 ms
IQR = 0.040 ms, LowerFence = 4.670 ms, UpperFence = 4.829 ms
ConfidenceInterval = [3.994 ms; 5.500 ms] (CI 99.9%), Margin = 0.753 ms (15.86% of Mean)
Skewness = -0.26, Kurtosis = 0.67, MValue = 2

// ** Remained 7 (77.8%) benchmark(s) to run. Estimated finish 2026-08-27 17:30 (0h 0m from now) **
// **************************
// Benchmark: CoreBenchmarks.ComponentChurnWithGroups: ShortRun(Toolchain=InProcessEmitToolchain, IterationCount=3, LaunchCount=1, WarmupCount=3)
// *** Execute ***
// Launch: 1 / 1
// ! Failed to set up priority High for process System.Diagnostics.Process (Entitas.Benchma). Make sure you have the right permissions. Message: Permission denied

// Benchmark Process Environment Information:
// BenchmarkDotNet v0.14.0
// Runtime=.NET 8.0.5 (8.0.524.21615), Arm64 RyuJIT AdvSIMD
// GC=Concurrent Workstation
// HardwareIntrinsics=AdvSIMD,AES,CRC32,DP,RDM,SHA1,SHA256 VectorSize=128
// Job: Job-EZZMUD(Toolchain=InProcessEmitToolchain, IterationCount=3, LaunchCount=1, WarmupCount=3)

OverheadJitting  1: 1 op, 119167.00 ns, 119.1670 us/op
WorkloadJitting  1: 1 op, 3577416.00 ns, 3.5774 ms/op

OverheadJitting  2: 16 op, 198333.00 ns, 12.3958 us/op
WorkloadJitting  2: 16 op, 27365833.00 ns, 1.7104 ms/op

WorkloadPilot    1: 16 op, 25562709.00 ns, 1.5977 ms/op
WorkloadPilot    2: 32 op, 50454209.00 ns, 1.5767 ms/op
WorkloadPilot    3: 64 op, 100769000.00 ns, 1.5745 ms/op
WorkloadPilot    4: 128 op, 115632667.00 ns, 903.3802 us/op
WorkloadPilot    5: 256 op, 228163833.00 ns, 891.2650 us/op
WorkloadPilot    6: 512 op, 444980042.00 ns, 869.1016 us/op
WorkloadPilot    7: 1024 op, 869460750.00 ns, 849.0828 us/op

OverheadWarmup   1: 1024 op, 2667.00 ns, 2.6045 ns/op
OverheadWarmup   2: 1024 op, 1459.00 ns, 1.4248 ns/op
OverheadWarmup   3: 1024 op, 1375.00 ns, 1.3428 ns/op
OverheadWarmup   4: 1024 op, 1250.00 ns, 1.2207 ns/op
OverheadWarmup   5: 1024 op, 1208.00 ns, 1.1797 ns/op
OverheadWarmup   6: 1024 op, 1416.00 ns, 1.3828 ns/op
OverheadWarmup   7: 1024 op, 1291.00 ns, 1.2607 ns/op
OverheadWarmup   8: 1024 op, 1250.00 ns, 1.2207 ns/op
OverheadWarmup   9: 1024 op, 1917.00 ns, 1.8721 ns/op
OverheadWarmup  10: 1024 op, 1833.00 ns, 1.7900 ns/op

OverheadActual   1: 1024 op, 1417.00 ns, 1.3838 ns/op
OverheadActual   2: 1024 op, 1625.00 ns, 1.5869 ns/op
OverheadActual   3: 1024 op, 1417.00 ns, 1.3838 ns/op
OverheadActual   4: 1024 op, 1292.00 ns, 1.2617 ns/op
OverheadActual   5: 1024 op, 1125.00 ns, 1.0986 ns/op
OverheadActual   6: 1024 op, 1208.00 ns, 1.1797 ns/op
OverheadActual   7: 1024 op, 1166.00 ns, 1.1387 ns/op
OverheadActual   8: 1024 op, 1250.00 ns, 1.2207 ns/op
OverheadActual   9: 1024 op, 1375.00 ns, 1.3428 ns/op
OverheadActual  10: 1024 op, 1167.00 ns, 1.1396 ns/op
OverheadActual  11: 1024 op, 1334.00 ns, 1.3027 ns/op
OverheadActual  12: 1024 op, 1333.00 ns, 1.3018 ns/op
OverheadActual  13: 1024 op, 1459.00 ns, 1.4248 ns/op
OverheadActual  14: 1024 op, 1458.00 ns, 1.4238 ns/op
OverheadActual  15: 1024 op, 1459.00 ns, 1.4248 ns/op
OverheadActual  16: 1024 op, 1250.00 ns, 1.2207 ns/op
OverheadActual  17: 1024 op, 1334.00 ns, 1.3027 ns/op
OverheadActual  18: 1024 op, 4208.00 ns, 4.1094 ns/op
OverheadActual  19: 1024 op, 1625.00 ns, 1.5869 ns/op
OverheadActual  20: 1024 op, 1375.00 ns, 1.3428 ns/op

WorkloadWarmup   1: 1024 op, 916105167.00 ns, 894.6340 us/op
WorkloadWarmup   2: 1024 op, 918890209.00 ns, 897.3537 us/op
WorkloadWarmup   3: 1024 op, 920557792.00 ns, 898.9822 us/op

WorkloadActual   1: 1024 op, 907770250.00 ns, 886.4944 us/op
WorkloadActual   2: 1024 op, 907842459.00 ns, 886.5649 us/op
WorkloadActual   3: 1024 op, 921872208.00 ns, 900.2658 us/op

WorkloadResult   1: 1024 op, 907768895.50 ns, 886.4931 us/op
WorkloadResult   2: 1024 op, 907841104.50 ns, 886.5636 us/op
WorkloadResult   3: 1024 op, 921870853.50 ns, 900.2645 us/op
// GC:  0 0 0 1088 1024
// Threading:  0 0 1024


Mean = 891.107 μs, StdErr = 4.579 μs (0.51%), N = 3, StdDev = 7.931 μs
Min = 886.493 μs, Q1 = 886.528 μs, Median = 886.564 μs, Q3 = 893.414 μs, Max = 900.265 μs
IQR = 6.886 μs, LowerFence = 876.200 μs, UpperFence = 903.743 μs
ConfidenceInterval = [746.422 μs; 1,035.792 μs] (CI 99.9%), Margin = 144.685 μs (16.24% of Mean)
Skewness = 0.38, Kurtosis = 0.67, MValue = 2

// ** Remained 6 (66.7%) benchmark(s) to run. Estimated finish 2026-08-27 17:30 (0h 0m from now) **
// **************************
// Benchmark: CoreBenchmarks.SingleGroupChurn: ShortRun(Toolchain=InProcessEmitToolchain, IterationCount=3, LaunchCount=1, WarmupCount=3)
// *** Execute ***
// Launch: 1 / 1
// ! Failed to set up priority High for process System.Diagnostics.Process (Entitas.Benchma). Make sure you have the right permissions. Message: Permission denied

// Benchmark Process Environment Information:
// BenchmarkDotNet v0.14.0
// Runtime=.NET 8.0.5 (8.0.524.21615), Arm64 RyuJIT AdvSIMD
// GC=Concurrent Workstation
// HardwareIntrinsics=AdvSIMD,AES,CRC32,DP,RDM,SHA1,SHA256 VectorSize=128
// Job: Job-EZZMUD(Toolchain=InProcessEmitToolchain, IterationCount=3, LaunchCount=1, WarmupCount=3)

OverheadJitting  1: 1 op, 142583.00 ns, 142.5830 us/op
WorkloadJitting  1: 1 op, 1333917.00 ns, 1.3339 ms/op

OverheadJitting  2: 16 op, 210084.00 ns, 13.1303 us/op
WorkloadJitting  2: 16 op, 8977250.00 ns, 561.0781 us/op

WorkloadPilot    1: 16 op, 8753375.00 ns, 547.0859 us/op
WorkloadPilot    2: 32 op, 17452334.00 ns, 545.3854 us/op
WorkloadPilot    3: 64 op, 34625042.00 ns, 541.0163 us/op
WorkloadPilot    4: 128 op, 69732083.00 ns, 544.7819 us/op
WorkloadPilot    5: 256 op, 138282042.00 ns, 540.1642 us/op
WorkloadPilot    6: 512 op, 273426417.00 ns, 534.0360 us/op
WorkloadPilot    7: 1024 op, 549232792.00 ns, 536.3601 us/op

OverheadWarmup   1: 1024 op, 3500.00 ns, 3.4180 ns/op
OverheadWarmup   2: 1024 op, 1708.00 ns, 1.6680 ns/op
OverheadWarmup   3: 1024 op, 1500.00 ns, 1.4648 ns/op
OverheadWarmup   4: 1024 op, 1084.00 ns, 1.0586 ns/op
OverheadWarmup   5: 1024 op, 1334.00 ns, 1.3027 ns/op
OverheadWarmup   6: 1024 op, 1333.00 ns, 1.3018 ns/op
OverheadWarmup   7: 1024 op, 1500.00 ns, 1.4648 ns/op
OverheadWarmup   8: 1024 op, 1375.00 ns, 1.3428 ns/op

OverheadActual   1: 1024 op, 1541.00 ns, 1.5049 ns/op
OverheadActual   2: 1024 op, 1459.00 ns, 1.4248 ns/op
OverheadActual   3: 1024 op, 1750.00 ns, 1.7090 ns/op
OverheadActual   4: 1024 op, 10125.00 ns, 9.8877 ns/op
OverheadActual   5: 1024 op, 1375.00 ns, 1.3428 ns/op
OverheadActual   6: 1024 op, 1208.00 ns, 1.1797 ns/op
OverheadActual   7: 1024 op, 1333.00 ns, 1.3018 ns/op
OverheadActual   8: 1024 op, 1208.00 ns, 1.1797 ns/op
OverheadActual   9: 1024 op, 1333.00 ns, 1.3018 ns/op
OverheadActual  10: 1024 op, 1375.00 ns, 1.3428 ns/op
OverheadActual  11: 1024 op, 1334.00 ns, 1.3027 ns/op
OverheadActual  12: 1024 op, 1417.00 ns, 1.3838 ns/op
OverheadActual  13: 1024 op, 2125.00 ns, 2.0752 ns/op
OverheadActual  14: 1024 op, 1250.00 ns, 1.2207 ns/op
OverheadActual  15: 1024 op, 1209.00 ns, 1.1807 ns/op
OverheadActual  16: 1024 op, 1292.00 ns, 1.2617 ns/op
OverheadActual  17: 1024 op, 1125.00 ns, 1.0986 ns/op
OverheadActual  18: 1024 op, 1500.00 ns, 1.4648 ns/op
OverheadActual  19: 1024 op, 1542.00 ns, 1.5059 ns/op
OverheadActual  20: 1024 op, 1292.00 ns, 1.2617 ns/op

WorkloadWarmup   1: 1024 op, 509609583.00 ns, 497.6656 us/op
WorkloadWarmup   2: 1024 op, 549956625.00 ns, 537.0670 us/op
WorkloadWarmup   3: 1024 op, 545426208.00 ns, 532.6428 us/op

WorkloadActual   1: 1024 op, 531915875.00 ns, 519.4491 us/op
WorkloadActual   2: 1024 op, 551820500.00 ns, 538.8872 us/op
WorkloadActual   3: 1024 op, 554263041.00 ns, 541.2725 us/op

WorkloadResult   1: 1024 op, 531914520.50 ns, 519.4478 us/op
WorkloadResult   2: 1024 op, 551819145.50 ns, 538.8859 us/op
WorkloadResult   3: 1024 op, 554261686.50 ns, 541.2712 us/op
// GC:  0 0 0 1024 1024
// Threading:  0 0 1024


Mean = 533.202 μs, StdErr = 6.911 μs (1.30%), N = 3, StdDev = 11.971 μs
Min = 519.448 μs, Q1 = 529.167 μs, Median = 538.886 μs, Q3 = 540.079 μs, Max = 541.271 μs
IQR = 10.912 μs, LowerFence = 512.799 μs, UpperFence = 556.446 μs
ConfidenceInterval = [314.811 μs; 751.592 μs] (CI 99.9%), Margin = 218.391 μs (40.96% of Mean)
Skewness = -0.37, Kurtosis = 0.67, MValue = 2

// ** Remained 5 (55.6%) benchmark(s) to run. Estimated finish 2026-08-27 17:30 (0h 0m from now) **
// **************************
// Benchmark: CoreBenchmarks.MatcherMatches: ShortRun(Toolchain=InProcessEmitToolchain, IterationCount=3, LaunchCount=1, WarmupCount=3)
// *** Execute ***
// Launch: 1 / 1
// ! Failed to set up priority High for process System.Diagnostics.Process (Entitas.Benchma). Make sure you have the right permissions. Message: Permission denied

// Benchmark Process Environment Information:
// BenchmarkDotNet v0.14.0
// Runtime=.NET 8.0.5 (8.0.524.21615), Arm64 RyuJIT AdvSIMD
// GC=Concurrent Workstation
// HardwareIntrinsics=AdvSIMD,AES,CRC32,DP,RDM,SHA1,SHA256 VectorSize=128
// Job: Job-EZZMUD(Toolchain=InProcessEmitToolchain, IterationCount=3, LaunchCount=1, WarmupCount=3)

OverheadJitting  1: 1 op, 142167.00 ns, 142.1670 us/op
WorkloadJitting  1: 1 op, 1120917.00 ns, 1.1209 ms/op

OverheadJitting  2: 16 op, 309792.00 ns, 19.3620 us/op
WorkloadJitting  2: 16 op, 1385292.00 ns, 86.5808 us/op

WorkloadPilot    1: 16 op, 1114458.00 ns, 69.6536 us/op
WorkloadPilot    2: 32 op, 2220167.00 ns, 69.3802 us/op
WorkloadPilot    3: 64 op, 4216125.00 ns, 65.8770 us/op
WorkloadPilot    4: 128 op, 8364292.00 ns, 65.3460 us/op
WorkloadPilot    5: 256 op, 16797333.00 ns, 65.6146 us/op
WorkloadPilot    6: 512 op, 33241375.00 ns, 64.9246 us/op
WorkloadPilot    7: 1024 op, 66306167.00 ns, 64.7521 us/op
WorkloadPilot    8: 2048 op, 102127292.00 ns, 49.8668 us/op
WorkloadPilot    9: 4096 op, 185609625.00 ns, 45.3148 us/op
WorkloadPilot   10: 8192 op, 348548500.00 ns, 42.5474 us/op
WorkloadPilot   11: 16384 op, 733701875.00 ns, 44.7816 us/op

OverheadWarmup   1: 16384 op, 21042.00 ns, 1.2843 ns/op
OverheadWarmup   2: 16384 op, 24125.00 ns, 1.4725 ns/op
OverheadWarmup   3: 16384 op, 19834.00 ns, 1.2106 ns/op
OverheadWarmup   4: 16384 op, 28708.00 ns, 1.7522 ns/op
OverheadWarmup   5: 16384 op, 18917.00 ns, 1.1546 ns/op

OverheadActual   1: 16384 op, 19250.00 ns, 1.1749 ns/op
OverheadActual   2: 16384 op, 19375.00 ns, 1.1826 ns/op
OverheadActual   3: 16384 op, 19334.00 ns, 1.1801 ns/op
OverheadActual   4: 16384 op, 19250.00 ns, 1.1749 ns/op
OverheadActual   5: 16384 op, 18625.00 ns, 1.1368 ns/op
OverheadActual   6: 16384 op, 18583.00 ns, 1.1342 ns/op
OverheadActual   7: 16384 op, 19250.00 ns, 1.1749 ns/op
OverheadActual   8: 16384 op, 19375.00 ns, 1.1826 ns/op
OverheadActual   9: 16384 op, 19333.00 ns, 1.1800 ns/op
OverheadActual  10: 16384 op, 18625.00 ns, 1.1368 ns/op
OverheadActual  11: 16384 op, 19166.00 ns, 1.1698 ns/op
OverheadActual  12: 16384 op, 18958.00 ns, 1.1571 ns/op
OverheadActual  13: 16384 op, 19458.00 ns, 1.1876 ns/op
OverheadActual  14: 16384 op, 19542.00 ns, 1.1927 ns/op
OverheadActual  15: 16384 op, 19000.00 ns, 1.1597 ns/op

WorkloadWarmup   1: 16384 op, 737309000.00 ns, 45.0018 us/op
WorkloadWarmup   2: 16384 op, 736006375.00 ns, 44.9223 us/op
WorkloadWarmup   3: 16384 op, 738507334.00 ns, 45.0749 us/op

WorkloadActual   1: 16384 op, 737262917.00 ns, 44.9990 us/op
WorkloadActual   2: 16384 op, 710470667.00 ns, 43.3637 us/op
WorkloadActual   3: 16384 op, 756074416.00 ns, 46.1471 us/op

WorkloadResult   1: 16384 op, 737243667.00 ns, 44.9978 us/op
WorkloadResult   2: 16384 op, 710451417.00 ns, 43.3625 us/op
WorkloadResult   3: 16384 op, 756055166.00 ns, 46.1459 us/op
// GC:  0 0 0 1024 16384
// Threading:  0 0 16384


Mean = 44.835 μs, StdErr = 0.808 μs (1.80%), N = 3, StdDev = 1.399 μs
Min = 43.363 μs, Q1 = 44.180 μs, Median = 44.998 μs, Q3 = 45.572 μs, Max = 46.146 μs
IQR = 1.392 μs, LowerFence = 42.093 μs, UpperFence = 47.659 μs
ConfidenceInterval = [19.316 μs; 70.355 μs] (CI 99.9%), Margin = 25.519 μs (56.92% of Mean)
Skewness = -0.11, Kurtosis = 0.67, MValue = 2

// ** Remained 4 (44.4%) benchmark(s) to run. Estimated finish 2026-08-27 17:30 (0h 0m from now) **
// **************************
// Benchmark: CoreBenchmarks.ComponentRead: ShortRun(Toolchain=InProcessEmitToolchain, IterationCount=3, LaunchCount=1, WarmupCount=3)
// *** Execute ***
// Launch: 1 / 1
// ! Failed to set up priority High for process System.Diagnostics.Process (Entitas.Benchma). Make sure you have the right permissions. Message: Permission denied

// Benchmark Process Environment Information:
// BenchmarkDotNet v0.14.0
// Runtime=.NET 8.0.5 (8.0.524.21615), Arm64 RyuJIT AdvSIMD
// GC=Concurrent Workstation
// HardwareIntrinsics=AdvSIMD,AES,CRC32,DP,RDM,SHA1,SHA256 VectorSize=128
// Job: Job-EZZMUD(Toolchain=InProcessEmitToolchain, IterationCount=3, LaunchCount=1, WarmupCount=3)

OverheadJitting  1: 1 op, 158791.00 ns, 158.7910 us/op
WorkloadJitting  1: 1 op, 558042.00 ns, 558.0420 us/op

OverheadJitting  2: 16 op, 284167.00 ns, 17.7604 us/op
WorkloadJitting  2: 16 op, 1048666.00 ns, 65.5416 us/op

WorkloadPilot    1: 16 op, 714125.00 ns, 44.6328 us/op
WorkloadPilot    2: 32 op, 1382250.00 ns, 43.1953 us/op
WorkloadPilot    3: 64 op, 2705084.00 ns, 42.2669 us/op
WorkloadPilot    4: 128 op, 5342667.00 ns, 41.7396 us/op
WorkloadPilot    5: 256 op, 10725250.00 ns, 41.8955 us/op
WorkloadPilot    6: 512 op, 21252958.00 ns, 41.5097 us/op
WorkloadPilot    7: 1024 op, 42738417.00 ns, 41.7367 us/op
WorkloadPilot    8: 2048 op, 82438875.00 ns, 40.2534 us/op
WorkloadPilot    9: 4096 op, 140606042.00 ns, 34.3276 us/op
WorkloadPilot   10: 8192 op, 280546292.00 ns, 34.2464 us/op
WorkloadPilot   11: 16384 op, 561662834.00 ns, 34.2812 us/op

OverheadWarmup   1: 16384 op, 22542.00 ns, 1.3759 ns/op
OverheadWarmup   2: 16384 op, 19333.00 ns, 1.1800 ns/op
OverheadWarmup   3: 16384 op, 19916.00 ns, 1.2156 ns/op
OverheadWarmup   4: 16384 op, 20291.00 ns, 1.2385 ns/op
OverheadWarmup   5: 16384 op, 20583.00 ns, 1.2563 ns/op
OverheadWarmup   6: 16384 op, 19750.00 ns, 1.2054 ns/op
OverheadWarmup   7: 16384 op, 20125.00 ns, 1.2283 ns/op
OverheadWarmup   8: 16384 op, 19000.00 ns, 1.1597 ns/op

OverheadActual   1: 16384 op, 18708.00 ns, 1.1418 ns/op
OverheadActual   2: 16384 op, 20292.00 ns, 1.2385 ns/op
OverheadActual   3: 16384 op, 20125.00 ns, 1.2283 ns/op
OverheadActual   4: 16384 op, 22042.00 ns, 1.3453 ns/op
OverheadActual   5: 16384 op, 20167.00 ns, 1.2309 ns/op
OverheadActual   6: 16384 op, 19209.00 ns, 1.1724 ns/op
OverheadActual   7: 16384 op, 19875.00 ns, 1.2131 ns/op
OverheadActual   8: 16384 op, 19458.00 ns, 1.1876 ns/op
OverheadActual   9: 16384 op, 20125.00 ns, 1.2283 ns/op
OverheadActual  10: 16384 op, 20250.00 ns, 1.2360 ns/op
OverheadActual  11: 16384 op, 19500.00 ns, 1.1902 ns/op
OverheadActual  12: 16384 op, 20209.00 ns, 1.2335 ns/op
OverheadActual  13: 16384 op, 19875.00 ns, 1.2131 ns/op
OverheadActual  14: 16384 op, 19833.00 ns, 1.2105 ns/op
OverheadActual  15: 16384 op, 19500.00 ns, 1.1902 ns/op

WorkloadWarmup   1: 16384 op, 565298625.00 ns, 34.5031 us/op
WorkloadWarmup   2: 16384 op, 559576292.00 ns, 34.1538 us/op
WorkloadWarmup   3: 16384 op, 527047375.00 ns, 32.1684 us/op

WorkloadActual   1: 16384 op, 565719750.00 ns, 34.5288 us/op
WorkloadActual   2: 16384 op, 558607291.00 ns, 34.0947 us/op
WorkloadActual   3: 16384 op, 558925083.00 ns, 34.1141 us/op

WorkloadResult   1: 16384 op, 565699875.00 ns, 34.5276 us/op
WorkloadResult   2: 16384 op, 558587416.00 ns, 34.0935 us/op
WorkloadResult   3: 16384 op, 558905208.00 ns, 34.1129 us/op
// GC:  0 0 0 1024 16384
// Threading:  0 0 16384


Mean = 34.245 μs, StdErr = 0.142 μs (0.41%), N = 3, StdDev = 0.245 μs
Min = 34.093 μs, Q1 = 34.103 μs, Median = 34.113 μs, Q3 = 34.320 μs, Max = 34.528 μs
IQR = 0.217 μs, LowerFence = 33.778 μs, UpperFence = 34.646 μs
ConfidenceInterval = [29.771 μs; 38.718 μs] (CI 99.9%), Margin = 4.474 μs (13.06% of Mean)
Skewness = 0.38, Kurtosis = 0.67, MValue = 2

// ** Remained 3 (33.3%) benchmark(s) to run. Estimated finish 2026-08-27 17:30 (0h 0m from now) **
// **************************
// Benchmark: CoreBenchmarks.UniqueAccessorGetGroup: ShortRun(Toolchain=InProcessEmitToolchain, IterationCount=3, LaunchCount=1, WarmupCount=3)
// *** Execute ***
// Launch: 1 / 1
// ! Failed to set up priority High for process System.Diagnostics.Process (Entitas.Benchma). Make sure you have the right permissions. Message: Permission denied

// Benchmark Process Environment Information:
// BenchmarkDotNet v0.14.0
// Runtime=.NET 8.0.5 (8.0.524.21615), Arm64 RyuJIT AdvSIMD
// GC=Concurrent Workstation
// HardwareIntrinsics=AdvSIMD,AES,CRC32,DP,RDM,SHA1,SHA256 VectorSize=128
// Job: Job-EZZMUD(Toolchain=InProcessEmitToolchain, IterationCount=3, LaunchCount=1, WarmupCount=3)

OverheadJitting  1: 1 op, 126417.00 ns, 126.4170 us/op
WorkloadJitting  1: 1 op, 1935792.00 ns, 1.9358 ms/op

OverheadJitting  2: 16 op, 271791.00 ns, 16.9869 us/op
WorkloadJitting  2: 16 op, 9071959.00 ns, 566.9974 us/op

WorkloadPilot    1: 16 op, 8185333.00 ns, 511.5833 us/op
WorkloadPilot    2: 32 op, 16037042.00 ns, 501.1576 us/op
WorkloadPilot    3: 64 op, 31798541.00 ns, 496.8522 us/op
WorkloadPilot    4: 128 op, 63618833.00 ns, 497.0221 us/op
WorkloadPilot    5: 256 op, 103389708.00 ns, 403.8660 us/op
WorkloadPilot    6: 512 op, 85317292.00 ns, 166.6353 us/op
WorkloadPilot    7: 1024 op, 170428917.00 ns, 166.4345 us/op
WorkloadPilot    8: 2048 op, 343427417.00 ns, 167.6892 us/op
WorkloadPilot    9: 4096 op, 683909042.00 ns, 166.9700 us/op

OverheadWarmup   1: 4096 op, 7792.00 ns, 1.9023 ns/op
OverheadWarmup   2: 4096 op, 4833.00 ns, 1.1799 ns/op
OverheadWarmup   3: 4096 op, 4834.00 ns, 1.1802 ns/op
OverheadWarmup   4: 4096 op, 4833.00 ns, 1.1799 ns/op
OverheadWarmup   5: 4096 op, 4875.00 ns, 1.1902 ns/op
OverheadWarmup   6: 4096 op, 4875.00 ns, 1.1902 ns/op

OverheadActual   1: 4096 op, 4875.00 ns, 1.1902 ns/op
OverheadActual   2: 4096 op, 4875.00 ns, 1.1902 ns/op
OverheadActual   3: 4096 op, 4875.00 ns, 1.1902 ns/op
OverheadActual   4: 4096 op, 4833.00 ns, 1.1799 ns/op
OverheadActual   5: 4096 op, 4667.00 ns, 1.1394 ns/op
OverheadActual   6: 4096 op, 4958.00 ns, 1.2104 ns/op
OverheadActual   7: 4096 op, 5000.00 ns, 1.2207 ns/op
OverheadActual   8: 4096 op, 4791.00 ns, 1.1697 ns/op
OverheadActual   9: 4096 op, 4875.00 ns, 1.1902 ns/op
OverheadActual  10: 4096 op, 4583.00 ns, 1.1189 ns/op
OverheadActual  11: 4096 op, 9041.00 ns, 2.2073 ns/op
OverheadActual  12: 4096 op, 4875.00 ns, 1.1902 ns/op
OverheadActual  13: 4096 op, 4959.00 ns, 1.2107 ns/op
OverheadActual  14: 4096 op, 4625.00 ns, 1.1292 ns/op
OverheadActual  15: 4096 op, 4792.00 ns, 1.1699 ns/op

WorkloadWarmup   1: 4096 op, 639486833.00 ns, 156.1247 us/op
WorkloadWarmup   2: 4096 op, 674293000.00 ns, 164.6223 us/op
WorkloadWarmup   3: 4096 op, 677270000.00 ns, 165.3491 us/op

WorkloadActual   1: 4096 op, 685477458.00 ns, 167.3529 us/op
WorkloadActual   2: 4096 op, 685364167.00 ns, 167.3252 us/op
WorkloadActual   3: 4096 op, 680248875.00 ns, 166.0764 us/op

WorkloadResult   1: 4096 op, 685472583.00 ns, 167.3517 us/op
WorkloadResult   2: 4096 op, 685359292.00 ns, 167.3240 us/op
WorkloadResult   3: 4096 op, 680244000.00 ns, 166.0752 us/op
// GC:  0 0 0 1024 4096
// Threading:  0 0 4096


Mean = 166.917 μs, StdErr = 0.421 μs (0.25%), N = 3, StdDev = 0.729 μs
Min = 166.075 μs, Q1 = 166.700 μs, Median = 167.324 μs, Q3 = 167.338 μs, Max = 167.352 μs
IQR = 0.638 μs, LowerFence = 165.742 μs, UpperFence = 168.295 μs
ConfidenceInterval = [153.615 μs; 180.219 μs] (CI 99.9%), Margin = 13.302 μs (7.97% of Mean)
Skewness = -0.38, Kurtosis = 0.67, MValue = 2

// ** Remained 2 (22.2%) benchmark(s) to run. Estimated finish 2026-08-27 17:30 (0h 0m from now) **
// **************************
// Benchmark: CoreBenchmarks.UniqueAccessorCachedGroup: ShortRun(Toolchain=InProcessEmitToolchain, IterationCount=3, LaunchCount=1, WarmupCount=3)
// *** Execute ***
// Launch: 1 / 1
// ! Failed to set up priority High for process System.Diagnostics.Process (Entitas.Benchma). Make sure you have the right permissions. Message: Permission denied

// Benchmark Process Environment Information:
// BenchmarkDotNet v0.14.0
// Runtime=.NET 8.0.5 (8.0.524.21615), Arm64 RyuJIT AdvSIMD
// GC=Concurrent Workstation
// HardwareIntrinsics=AdvSIMD,AES,CRC32,DP,RDM,SHA1,SHA256 VectorSize=128
// Job: Job-EZZMUD(Toolchain=InProcessEmitToolchain, IterationCount=3, LaunchCount=1, WarmupCount=3)

OverheadJitting  1: 1 op, 93334.00 ns, 93.3340 us/op
WorkloadJitting  1: 1 op, 338416.00 ns, 338.4160 us/op

OverheadJitting  2: 16 op, 232209.00 ns, 14.5131 us/op
WorkloadJitting  2: 16 op, 916542.00 ns, 57.2839 us/op

WorkloadPilot    1: 16 op, 654875.00 ns, 40.9297 us/op
WorkloadPilot    2: 32 op, 1261417.00 ns, 39.4193 us/op
WorkloadPilot    3: 64 op, 2438083.00 ns, 38.0950 us/op
WorkloadPilot    4: 128 op, 4826792.00 ns, 37.7093 us/op
WorkloadPilot    5: 256 op, 9578334.00 ns, 37.4154 us/op
WorkloadPilot    6: 512 op, 19049625.00 ns, 37.2063 us/op
WorkloadPilot    7: 1024 op, 38023666.00 ns, 37.1325 us/op
WorkloadPilot    8: 2048 op, 53458584.00 ns, 26.1028 us/op
WorkloadPilot    9: 4096 op, 84045375.00 ns, 20.5189 us/op
WorkloadPilot   10: 8192 op, 175467334.00 ns, 21.4194 us/op
WorkloadPilot   11: 16384 op, 355659916.00 ns, 21.7078 us/op
WorkloadPilot   12: 32768 op, 712694292.00 ns, 21.7497 us/op

OverheadWarmup   1: 32768 op, 40333.00 ns, 1.2309 ns/op
OverheadWarmup   2: 32768 op, 38541.00 ns, 1.1762 ns/op
OverheadWarmup   3: 32768 op, 38209.00 ns, 1.1660 ns/op
OverheadWarmup   4: 32768 op, 38000.00 ns, 1.1597 ns/op
OverheadWarmup   5: 32768 op, 37708.00 ns, 1.1508 ns/op
OverheadWarmup   6: 32768 op, 37084.00 ns, 1.1317 ns/op
OverheadWarmup   7: 32768 op, 37542.00 ns, 1.1457 ns/op
OverheadWarmup   8: 32768 op, 38167.00 ns, 1.1648 ns/op
OverheadWarmup   9: 32768 op, 38333.00 ns, 1.1698 ns/op
OverheadWarmup  10: 32768 op, 38042.00 ns, 1.1609 ns/op

OverheadActual   1: 32768 op, 38084.00 ns, 1.1622 ns/op
OverheadActual   2: 32768 op, 37750.00 ns, 1.1520 ns/op
OverheadActual   3: 32768 op, 38125.00 ns, 1.1635 ns/op
OverheadActual   4: 32768 op, 38166.00 ns, 1.1647 ns/op
OverheadActual   5: 32768 op, 38084.00 ns, 1.1622 ns/op
OverheadActual   6: 32768 op, 37959.00 ns, 1.1584 ns/op
OverheadActual   7: 32768 op, 37542.00 ns, 1.1457 ns/op
OverheadActual   8: 32768 op, 37750.00 ns, 1.1520 ns/op
OverheadActual   9: 32768 op, 43000.00 ns, 1.3123 ns/op
OverheadActual  10: 32768 op, 38000.00 ns, 1.1597 ns/op
OverheadActual  11: 32768 op, 37625.00 ns, 1.1482 ns/op
OverheadActual  12: 32768 op, 37625.00 ns, 1.1482 ns/op
OverheadActual  13: 32768 op, 42625.00 ns, 1.3008 ns/op
OverheadActual  14: 32768 op, 37500.00 ns, 1.1444 ns/op
OverheadActual  15: 32768 op, 38166.00 ns, 1.1647 ns/op

WorkloadWarmup   1: 32768 op, 713138750.00 ns, 21.7633 us/op
WorkloadWarmup   2: 32768 op, 710659250.00 ns, 21.6876 us/op
WorkloadWarmup   3: 32768 op, 711321458.00 ns, 21.7078 us/op

WorkloadActual   1: 32768 op, 698288042.00 ns, 21.3101 us/op
WorkloadActual   2: 32768 op, 694500917.00 ns, 21.1945 us/op
WorkloadActual   3: 32768 op, 709285375.00 ns, 21.6457 us/op

WorkloadResult   1: 32768 op, 698250042.00 ns, 21.3089 us/op
WorkloadResult   2: 32768 op, 694462917.00 ns, 21.1933 us/op
WorkloadResult   3: 32768 op, 709247375.00 ns, 21.6445 us/op
// GC:  0 0 0 1024 32768
// Threading:  0 0 32768


Mean = 21.382 μs, StdErr = 0.135 μs (0.63%), N = 3, StdDev = 0.234 μs
Min = 21.193 μs, Q1 = 21.251 μs, Median = 21.309 μs, Q3 = 21.477 μs, Max = 21.645 μs
IQR = 0.226 μs, LowerFence = 20.913 μs, UpperFence = 21.815 μs
ConfidenceInterval = [17.107 μs; 25.658 μs] (CI 99.9%), Margin = 4.276 μs (20.00% of Mean)
Skewness = 0.28, Kurtosis = 0.67, MValue = 2

// ** Remained 1 (11.1%) benchmark(s) to run. Estimated finish 2026-08-27 17:30 (0h 0m from now) **
// **************************
// Benchmark: CoreBenchmarks.EntityIndexChurn: ShortRun(Toolchain=InProcessEmitToolchain, IterationCount=3, LaunchCount=1, WarmupCount=3)
// *** Execute ***
// Launch: 1 / 1
// ! Failed to set up priority High for process System.Diagnostics.Process (Entitas.Benchma). Make sure you have the right permissions. Message: Permission denied

// Benchmark Process Environment Information:
// BenchmarkDotNet v0.14.0
// Runtime=.NET 8.0.5 (8.0.524.21615), Arm64 RyuJIT AdvSIMD
// GC=Concurrent Workstation
// HardwareIntrinsics=AdvSIMD,AES,CRC32,DP,RDM,SHA1,SHA256 VectorSize=128
// Job: Job-EZZMUD(Toolchain=InProcessEmitToolchain, IterationCount=3, LaunchCount=1, WarmupCount=3)

OverheadJitting  1: 1 op, 161333.00 ns, 161.3330 us/op
WorkloadJitting  1: 1 op, 3451875.00 ns, 3.4519 ms/op

OverheadJitting  2: 16 op, 165667.00 ns, 10.3542 us/op
WorkloadJitting  2: 16 op, 38694166.00 ns, 2.4184 ms/op

WorkloadPilot    1: 16 op, 38188833.00 ns, 2.3868 ms/op
WorkloadPilot    2: 32 op, 76197792.00 ns, 2.3812 ms/op
WorkloadPilot    3: 64 op, 136355667.00 ns, 2.1306 ms/op
WorkloadPilot    4: 128 op, 148691958.00 ns, 1.1617 ms/op
WorkloadPilot    5: 256 op, 282453583.00 ns, 1.1033 ms/op
WorkloadPilot    6: 512 op, 562941917.00 ns, 1.0995 ms/op

OverheadWarmup   1: 512 op, 3125.00 ns, 6.1035 ns/op
OverheadWarmup   2: 512 op, 666.00 ns, 1.3008 ns/op
OverheadWarmup   3: 512 op, 583.00 ns, 1.1387 ns/op
OverheadWarmup   4: 512 op, 833.00 ns, 1.6270 ns/op
OverheadWarmup   5: 512 op, 709.00 ns, 1.3848 ns/op
OverheadWarmup   6: 512 op, 667.00 ns, 1.3027 ns/op
OverheadWarmup   7: 512 op, 584.00 ns, 1.1406 ns/op
OverheadWarmup   8: 512 op, 583.00 ns, 1.1387 ns/op
OverheadWarmup   9: 512 op, 667.00 ns, 1.3027 ns/op
OverheadWarmup  10: 512 op, 708.00 ns, 1.3828 ns/op

OverheadActual   1: 512 op, 583.00 ns, 1.1387 ns/op
OverheadActual   2: 512 op, 708.00 ns, 1.3828 ns/op
OverheadActual   3: 512 op, 791.00 ns, 1.5449 ns/op
OverheadActual   4: 512 op, 708.00 ns, 1.3828 ns/op
OverheadActual   5: 512 op, 666.00 ns, 1.3008 ns/op
OverheadActual   6: 512 op, 750.00 ns, 1.4648 ns/op
OverheadActual   7: 512 op, 667.00 ns, 1.3027 ns/op
OverheadActual   8: 512 op, 666.00 ns, 1.3008 ns/op
OverheadActual   9: 512 op, 750.00 ns, 1.4648 ns/op
OverheadActual  10: 512 op, 625.00 ns, 1.2207 ns/op
OverheadActual  11: 512 op, 625.00 ns, 1.2207 ns/op
OverheadActual  12: 512 op, 625.00 ns, 1.2207 ns/op
OverheadActual  13: 512 op, 708.00 ns, 1.3828 ns/op
OverheadActual  14: 512 op, 5166.00 ns, 10.0898 ns/op
OverheadActual  15: 512 op, 584.00 ns, 1.1406 ns/op
OverheadActual  16: 512 op, 667.00 ns, 1.3027 ns/op
OverheadActual  17: 512 op, 667.00 ns, 1.3027 ns/op
OverheadActual  18: 512 op, 667.00 ns, 1.3027 ns/op
OverheadActual  19: 512 op, 584.00 ns, 1.1406 ns/op
OverheadActual  20: 512 op, 584.00 ns, 1.1406 ns/op

WorkloadWarmup   1: 512 op, 564905708.00 ns, 1.1033 ms/op
WorkloadWarmup   2: 512 op, 526344417.00 ns, 1.0280 ms/op
WorkloadWarmup   3: 512 op, 555615750.00 ns, 1.0852 ms/op

WorkloadActual   1: 512 op, 563852250.00 ns, 1.1013 ms/op
WorkloadActual   2: 512 op, 563469291.00 ns, 1.1005 ms/op
WorkloadActual   3: 512 op, 565197541.00 ns, 1.1039 ms/op

WorkloadResult   1: 512 op, 563851583.00 ns, 1.1013 ms/op
WorkloadResult   2: 512 op, 563468624.00 ns, 1.1005 ms/op
WorkloadResult   3: 512 op, 565196874.00 ns, 1.1039 ms/op
// GC:  0 0 0 1024 512
// Threading:  0 0 512


Mean = 1.102 ms, StdErr = 0.001 ms (0.09%), N = 3, StdDev = 0.002 ms
Min = 1.101 ms, Q1 = 1.101 ms, Median = 1.101 ms, Q3 = 1.103 ms, Max = 1.104 ms
IQR = 0.002 ms, LowerFence = 1.098 ms, UpperFence = 1.105 ms
ConfidenceInterval = [1.070 ms; 1.134 ms] (CI 99.9%), Margin = 0.032 ms (2.94% of Mean)
Skewness = 0.31, Kurtosis = 0.67, MValue = 2

// ** Remained 0 (0.0%) benchmark(s) to run. Estimated finish 2026-08-27 17:30 (0h 0m from now) **
// ***** BenchmarkRunner: Finish  *****

// * Export *
  benchmarks/.compare/fork/results/Entitas.Benchmarks.CoreBenchmarks-report.csv
  benchmarks/.compare/fork/results/Entitas.Benchmarks.CoreBenchmarks-report-github.md
  benchmarks/.compare/fork/results/Entitas.Benchmarks.CoreBenchmarks-report.html

// * Detailed results *
CoreBenchmarks.CreateDestroy: ShortRun(Toolchain=InProcessEmitToolchain, IterationCount=3, LaunchCount=1, WarmupCount=3)
Runtime = ; GC = 
Mean = 4.614 ms, StdErr = 0.101 ms (2.19%), N = 3, StdDev = 0.175 ms
Min = 4.421 ms, Q1 = 4.540 ms, Median = 4.660 ms, Q3 = 4.711 ms, Max = 4.762 ms
IQR = 0.171 ms, LowerFence = 4.284 ms, UpperFence = 4.967 ms
ConfidenceInterval = [1.419 ms; 7.810 ms] (CI 99.9%), Margin = 3.195 ms (69.25% of Mean)
Skewness = -0.24, Kurtosis = 0.67, MValue = 2
-------------------- Histogram --------------------
[4.261 ms ; 4.552 ms) | @
[4.552 ms ; 4.921 ms) | @@
---------------------------------------------------

CoreBenchmarks.CreateDestroyNew: ShortRun(Toolchain=InProcessEmitToolchain, IterationCount=3, LaunchCount=1, WarmupCount=3)
Runtime = ; GC = 
Mean = 4.747 ms, StdErr = 0.024 ms (0.50%), N = 3, StdDev = 0.041 ms
Min = 4.701 ms, Q1 = 4.730 ms, Median = 4.758 ms, Q3 = 4.770 ms, Max = 4.781 ms
IQR = 0.040 ms, LowerFence = 4.670 ms, UpperFence = 4.829 ms
ConfidenceInterval = [3.994 ms; 5.500 ms] (CI 99.9%), Margin = 0.753 ms (15.86% of Mean)
Skewness = -0.26, Kurtosis = 0.67, MValue = 2
-------------------- Histogram --------------------
[4.663 ms ; 4.818 ms) | @@@
---------------------------------------------------

CoreBenchmarks.ComponentChurnWithGroups: ShortRun(Toolchain=InProcessEmitToolchain, IterationCount=3, LaunchCount=1, WarmupCount=3)
Runtime = ; GC = 
Mean = 891.107 μs, StdErr = 4.579 μs (0.51%), N = 3, StdDev = 7.931 μs
Min = 886.493 μs, Q1 = 886.528 μs, Median = 886.564 μs, Q3 = 893.414 μs, Max = 900.265 μs
IQR = 6.886 μs, LowerFence = 876.200 μs, UpperFence = 903.743 μs
ConfidenceInterval = [746.422 μs; 1,035.792 μs] (CI 99.9%), Margin = 144.685 μs (16.24% of Mean)
Skewness = 0.38, Kurtosis = 0.67, MValue = 2
-------------------- Histogram --------------------
[886.162 μs ; 900.596 μs) | @@@
---------------------------------------------------

CoreBenchmarks.SingleGroupChurn: ShortRun(Toolchain=InProcessEmitToolchain, IterationCount=3, LaunchCount=1, WarmupCount=3)
Runtime = ; GC = 
Mean = 533.202 μs, StdErr = 6.911 μs (1.30%), N = 3, StdDev = 11.971 μs
Min = 519.448 μs, Q1 = 529.167 μs, Median = 538.886 μs, Q3 = 540.079 μs, Max = 541.271 μs
IQR = 10.912 μs, LowerFence = 512.799 μs, UpperFence = 556.446 μs
ConfidenceInterval = [314.811 μs; 751.592 μs] (CI 99.9%), Margin = 218.391 μs (40.96% of Mean)
Skewness = -0.37, Kurtosis = 0.67, MValue = 2
-------------------- Histogram --------------------
[508.554 μs ; 529.185 μs) | @
[529.185 μs ; 552.165 μs) | @@
---------------------------------------------------

CoreBenchmarks.MatcherMatches: ShortRun(Toolchain=InProcessEmitToolchain, IterationCount=3, LaunchCount=1, WarmupCount=3)
Runtime = ; GC = 
Mean = 44.835 μs, StdErr = 0.808 μs (1.80%), N = 3, StdDev = 1.399 μs
Min = 43.363 μs, Q1 = 44.180 μs, Median = 44.998 μs, Q3 = 45.572 μs, Max = 46.146 μs
IQR = 1.392 μs, LowerFence = 42.093 μs, UpperFence = 47.659 μs
ConfidenceInterval = [19.316 μs; 70.355 μs] (CI 99.9%), Margin = 25.519 μs (56.92% of Mean)
Skewness = -0.11, Kurtosis = 0.67, MValue = 2
-------------------- Histogram --------------------
[42.090 μs ; 44.299 μs) | @
[44.299 μs ; 46.845 μs) | @@
---------------------------------------------------

CoreBenchmarks.ComponentRead: ShortRun(Toolchain=InProcessEmitToolchain, IterationCount=3, LaunchCount=1, WarmupCount=3)
Runtime = ; GC = 
Mean = 34.245 μs, StdErr = 0.142 μs (0.41%), N = 3, StdDev = 0.245 μs
Min = 34.093 μs, Q1 = 34.103 μs, Median = 34.113 μs, Q3 = 34.320 μs, Max = 34.528 μs
IQR = 0.217 μs, LowerFence = 33.778 μs, UpperFence = 34.646 μs
ConfidenceInterval = [29.771 μs; 38.718 μs] (CI 99.9%), Margin = 4.474 μs (13.06% of Mean)
Skewness = 0.38, Kurtosis = 0.67, MValue = 2
-------------------- Histogram --------------------
[34.087 μs ; 34.534 μs) | @@@
---------------------------------------------------

CoreBenchmarks.UniqueAccessorGetGroup: ShortRun(Toolchain=InProcessEmitToolchain, IterationCount=3, LaunchCount=1, WarmupCount=3)
Runtime = ; GC = 
Mean = 166.917 μs, StdErr = 0.421 μs (0.25%), N = 3, StdDev = 0.729 μs
Min = 166.075 μs, Q1 = 166.700 μs, Median = 167.324 μs, Q3 = 167.338 μs, Max = 167.352 μs
IQR = 0.638 μs, LowerFence = 165.742 μs, UpperFence = 168.295 μs
ConfidenceInterval = [153.615 μs; 180.219 μs] (CI 99.9%), Margin = 13.302 μs (7.97% of Mean)
Skewness = -0.38, Kurtosis = 0.67, MValue = 2
-------------------- Histogram --------------------
[166.050 μs ; 167.377 μs) | @@@
---------------------------------------------------

CoreBenchmarks.UniqueAccessorCachedGroup: ShortRun(Toolchain=InProcessEmitToolchain, IterationCount=3, LaunchCount=1, WarmupCount=3)
Runtime = ; GC = 
Mean = 21.382 μs, StdErr = 0.135 μs (0.63%), N = 3, StdDev = 0.234 μs
Min = 21.193 μs, Q1 = 21.251 μs, Median = 21.309 μs, Q3 = 21.477 μs, Max = 21.645 μs
IQR = 0.226 μs, LowerFence = 20.913 μs, UpperFence = 21.815 μs
ConfidenceInterval = [17.107 μs; 25.658 μs] (CI 99.9%), Margin = 4.276 μs (20.00% of Mean)
Skewness = 0.28, Kurtosis = 0.67, MValue = 2
-------------------- Histogram --------------------
[21.038 μs ; 21.858 μs) | @@@
---------------------------------------------------

CoreBenchmarks.EntityIndexChurn: ShortRun(Toolchain=InProcessEmitToolchain, IterationCount=3, LaunchCount=1, WarmupCount=3)
Runtime = ; GC = 
Mean = 1.102 ms, StdErr = 0.001 ms (0.09%), N = 3, StdDev = 0.002 ms
Min = 1.101 ms, Q1 = 1.101 ms, Median = 1.101 ms, Q3 = 1.103 ms, Max = 1.104 ms
IQR = 0.002 ms, LowerFence = 1.098 ms, UpperFence = 1.105 ms
ConfidenceInterval = [1.070 ms; 1.134 ms] (CI 99.9%), Margin = 0.032 ms (2.94% of Mean)
Skewness = 0.31, Kurtosis = 0.67, MValue = 2
-------------------- Histogram --------------------
[1.099 ms ; 1.106 ms) | @@@
---------------------------------------------------

// * Summary *

BenchmarkDotNet v0.14.0, macOS Sequoia 15.5 (24F74) [Darwin 24.5.0]
Apple M1 Max, 1 CPU, 10 logical and 10 physical cores
.NET SDK 9.0.303
  [Host] : .NET 8.0.5 (8.0.524.21615), Arm64 RyuJIT AdvSIMD

Job=ShortRun  Toolchain=InProcessEmitToolchain  IterationCount=3  
LaunchCount=1  WarmupCount=3  

| Method                    | Mean        | Error        | StdDev     | Gen0     | Gen1     | Gen2     | Allocated |
|-------------------------- |------------:|-------------:|-----------:|---------:|---------:|---------:|----------:|
| CreateDestroy             | 4,614.26 μs | 3,195.360 μs | 175.148 μs | 890.6250 | 539.0625 | 359.3750 | 5302656 B |
| CreateDestroyNew          | 4,746.56 μs |   753.003 μs |  41.275 μs | 921.8750 | 632.8125 | 273.4375 | 5302164 B |
| ComponentChurnWithGroups  |   891.11 μs |   144.685 μs |   7.931 μs |        - |        - |        - |       1 B |
| SingleGroupChurn          |   533.20 μs |   218.391 μs |  11.971 μs |        - |        - |        - |       1 B |
| MatcherMatches            |    44.84 μs |    25.519 μs |   1.399 μs |        - |        - |        - |         - |
| ComponentRead             |    34.24 μs |     4.474 μs |   0.245 μs |        - |        - |        - |         - |
| UniqueAccessorGetGroup    |   166.92 μs |    13.302 μs |   0.729 μs |        - |        - |        - |         - |
| UniqueAccessorCachedGroup |    21.38 μs |     4.276 μs |   0.234 μs |        - |        - |        - |         - |
| EntityIndexChurn          | 1,101.90 μs |    32.343 μs |   1.773 μs |        - |        - |        - |       2 B |

// * Legends *
  Mean      : Arithmetic mean of all measurements
  Error     : Half of 99.9% confidence interval
  StdDev    : Standard deviation of all measurements
  Gen0      : GC Generation 0 collects per 1000 operations
  Gen1      : GC Generation 1 collects per 1000 operations
  Gen2      : GC Generation 2 collects per 1000 operations
  Allocated : Allocated memory per single operation (managed only, inclusive, 1KB = 1024B)
  1 μs      : 1 Microsecond (0.000001 sec)

// * Diagnostic Output - MemoryDiagnoser *


// ***** BenchmarkRunner: End *****
Run time: 00:00:55 (55.61 sec), executed benchmarks: 9

Global total time: 00:00:55 (55.96 sec), executed benchmarks: 9
// * Artifacts cleanup *
Artifacts cleanup is finished
